
[.VAX]ACC_CKPT.EXE                                              15-DEC-1995 16:06        Linker V11-36                    Page    1

                                             +------------------------+
                                             ! Object Module Synopsis !
                                             +------------------------+

Module Name     Ident              Bytes      File                                Creation Date      Creator
-----------     -----              -----      -----                               -------------      -------
ACC_CKPT        0                     525 UT_ROOT:[ACC_CKPT.VAX]ACC_CKPT.OBJ;1 15-DEC-1995 15:46  VAX MACRO V5.4-3
SYS             X-36                    0 SYS$COMMON:[SYSEXE]SYS.STB;1         17-NOV-1995 03:22  Linker V11-29
SYS             X-36                    0 SYS$COMMON:[SYSEXE]SYS.STB;1         17-NOV-1995 03:22  Linker V11-29
SYS$P1_VECTOR   X-4                     0 SYS$COMMON:[SYSLIB]STARLET.OLB;17    17-NOV-1995 00:40  VAX MACRO V5.4-3

UT_ROOT:[ACC_CKPT.VAX]ACC_CKPT.EXE;2                            15-DEC-1995 16:06        Linker V11-36                    Page    2

                                             +------------------------+
                                             ! Image Section Synopsis !
                                             +------------------------+

   Cluster      Type Pages   Base Addr  Disk VBN PFC Protection and Paging      Global Sec. Name   Match     Majorid   Minorid
   -------      ---- -----   ---------  -------- --- ---------------------      ----------------   -----     -------   -------

PERMANENT_PSECTS   4     1    00000000-R        2   0 READ ONLY     

INITIALIZATION_PSECTS          
                   4     1    00000200-R        3   0 READ WRITE   COPY ON REF

DEFAULT_CLUSTER    4     1    00000400-R        4   0 READ WRITE   COPY ON REF



	  Key for special characters above:
		+--------------------+
		! R  - Relocatable   !
		! P  - Protected     !
		+--------------------+

UT_ROOT:[ACC_CKPT.VAX]ACC_CKPT.EXE;2                            15-DEC-1995 16:06        Linker V11-36                    Page    3

                                            +--------------------------+
                                            ! Program Section Synopsis !
                                            +--------------------------+

Psect Name      Module Name       Base     End           Length            Align                 Attributes
----------      -----------       ----     ---           ------            -----                 ----------

$CODE                           00000000 000000D0 000000D1 (        209.) BYTE  0   PIC,USR,CON,REL,GBL,NOSHR,  EXE,  RD,NOWRT,NOVEC
                ACC_CKPT        00000000 000000D0 000000D1 (        209.) BYTE  0

$INIT                           00000200 0000024A 0000004B (         75.) BYTE  0   PIC,USR,CON,REL,GBL,NOSHR,  EXE,  RD,  WRT,NOVEC
                ACC_CKPT        00000200 0000024A 0000004B (         75.) BYTE  0

$INIT_CODE                      00000400 000004F0 000000F1 (        241.) BYTE  0   PIC,USR,CON,REL,LCL,NOSHR,  EXE,  RD,  WRT,NOVEC
                ACC_CKPT        00000400 000004F0 000000F1 (        241.) BYTE  0

UT_ROOT:[ACC_CKPT.VAX]ACC_CKPT.EXE;2                            15-DEC-1995 16:06        Linker V11-36                    Page    4

                                                +-----------------+
                                                ! Symbols By Name !
                                                +-----------------+

Symbol                          Value       Symbol                          Value       Symbol                          Value       
------                          -----       ------                          -----       ------                          -----       
ACC_CKPT                        00000077-R                                              
CTL$GL_FINALSTS                 7FFEFEB8                                                
CTL$GL_PCB                      7FFEFF58                                                
CTL$GL_PHD                      7FFEFE88                                                
CTL$GL_VOLUMES                  7FFEFEC4                                                
CTL$GQ_LOGIN                    7FFEFEB0                                                
EXE$ALONONPAGED                 80002180                                                
EXE$NAMPID                      800024F8                                                
EXE$PRCPURMSG                   80002598                                                
INI$BRK                         800027A8                                                
INIT                            00000400-R                                              
SCH$GL_SWPPID                   80004DCC                                                
SCH$QAST                        800030B8                                                
SMP$GL_FLAGS                    800045CC                                                
SMP$RELEASE                     800031F8                                                
SYS$ENQW                        7FFEE3D0                                                
SYS$GETSYI                      7FFEE3F8                                                
SYS$GETTIM                      7FFEDF78                                                
SYS$K_VERSION                   01000000                                                
SYS$K_VERSION_01                00020001                                                
SYS$K_VERSION_02                00010051                                                
SYS$K_VERSION_03                00020000                                                
SYS$K_VERSION_04                00010051                                                
SYS$K_VERSION_05                00010051                                                
SYS$K_VERSION_06                00010052                                                
SYS$K_VERSION_07                00010001                                                
SYS$K_VERSION_08                00020000                                                
SYS$K_VERSION_09                00010050                                                
SYS$K_VERSION_10                00010050                                                
SYS$K_VERSION_11                00010050                                                
SYS$K_VERSION_12                00010050                                                
SYS$K_VERSION_13                00010050                                                
SYS$K_VERSION_14                00010051                                                
SYS$K_VERSION_15                00010050                                                
SYS$K_VERSION_16                00010051                                                
SYS$K_VERSION_17                00010001                                                
SYS$K_VERSION_18                00010001                                                

UT_ROOT:[ACC_CKPT.VAX]ACC_CKPT.EXE;2                            15-DEC-1995 16:06        Linker V11-36                    Page    5

                                                +------------------+
                                                ! Symbols By Value !
                                                +------------------+

Value                                   Symbols...
-----                                   ----------
00000077      R-ACC_CKPT        
00000400      R-INIT            
00010001        SYS$K_VERSION_07     SYS$K_VERSION_17     SYS$K_VERSION_18
00010050        SYS$K_VERSION_09     SYS$K_VERSION_10     SYS$K_VERSION_11     SYS$K_VERSION_12     SYS$K_VERSION_13
                SYS$K_VERSION_15
00010051        SYS$K_VERSION_02     SYS$K_VERSION_04     SYS$K_VERSION_05     SYS$K_VERSION_14     SYS$K_VERSION_16
00010052        SYS$K_VERSION_06
00020000        SYS$K_VERSION_03     SYS$K_VERSION_08
00020001        SYS$K_VERSION_01
01000000        SYS$K_VERSION   
7FFEDF78        SYS$GETTIM      
7FFEE3D0        SYS$ENQW        
7FFEE3F8        SYS$GETSYI      
7FFEFE88        CTL$GL_PHD      
7FFEFEB0        CTL$GQ_LOGIN    
7FFEFEB8        CTL$GL_FINALSTS 
7FFEFEC4        CTL$GL_VOLUMES  
7FFEFF58        CTL$GL_PCB      
80002180        EXE$ALONONPAGED 
800024F8        EXE$NAMPID      
80002598        EXE$PRCPURMSG   
800027A8        INI$BRK         
800030B8        SCH$QAST        
800031F8        SMP$RELEASE     
800045CC        SMP$GL_FLAGS    
80004DCC        SCH$GL_SWPPID   



	  Key for special characters above:
		+--------------------+
		! *  - Undefined     !
		! A  - Alias Name    !
		! I  - Internal Name !
		! U  - Universal     !
		! R  - Relocatable   !
		! X  - External      !
		! WK - Weak          !
		! M  - Mask value    !
		+--------------------+

UT_ROOT:[ACC_CKPT.VAX]ACC_CKPT.EXE;2                            15-DEC-1995 16:06        Linker V11-36                    Page    6

                                                 +----------------+
                                                 ! Image Synopsis !
                                                 +----------------+

Virtual memory allocated:                         00000000 000005FF 00000600 (1536. bytes, 3. pages)
Stack size:                                              0. pages
Image header virtual block limits:                       1.        1. (    1. block)
Image binary virtual block limits:                       2.        4. (    3. blocks)
Image name and identification:                    ACC_CKPT V1.0-2
System component mask:                             0005B812
	SYS$K_VERSION_MEMORY_MANAGEMENT                  2,1
	SYS$K_VERSION_PROCESS_SCHED                      1,81
	SYS$K_VERSION_COUNTERS                           1,80
	SYS$K_VERSION_STABLE                             1,80
	SYS$K_VERSION_MISC                               1,80
	SYS$K_VERSION_VOLATILE                           1,80
	SYS$K_VERSION_SHELL                              1,81
	SYS$K_VERSION_MULTI_PROCESSING                   1,1
Number of files:                                         5.
Number of modules:                                       4.
Number of program sections:                              6.
Number of global symbols:                               18.
Number of image sections:                                3.
User transfer address:                            00000400
Image type:                                         PIC, SHAREABLE. Global Section Match=EQUAL, Ident, Major=46, Minor=9424329
Map format:                                       FULL in file UT_ROOT:[ACC_CKPT.VAX]ACC_CKPT.MAP;2
Estimated map length:                             22. blocks
                                              +---------------------+
                                              ! Link Run Statistics !
                                              +---------------------+

Performance Indicators                            Page Faults	CPU Time	Elapsed Time
----------------------                            -----------	--------	------------
    Command processing:                                   278	00:00:00.51	00:00:07.04
    Pass 1:                                               129	00:00:00.94	00:00:02.20
    Allocation/Relocation:                                 36	00:00:00.10	00:00:00.57
    Pass 2:                                                59	00:00:00.31	00:00:00.92
    Map data after object module synopsis:                 20	00:00:00.07	00:00:00.19
    Symbol table output:                                    7	00:00:00.00	00:00:00.16
Total run values:                                         529	00:00:01.93	00:00:11.08

Using a working set limited to 1358 pages and 392 pages of data storage (excluding image)

Total number object records read (both passes):   516
    of which 24 were in libraries and 3 were DEBUG data records containing 140 bytes

Number of modules extracted explicitly             = 0
    with 1 extracted to resolve undefined symbols

0 library searches were for symbols not in the library searched

A total of 4 global symbol table records was written

LINK/NOTRACE/SHARE=[.VAX]ACC_CKPT.EXE/MAP=[.VAX]/FULL [.VAX]ACC_CKPT.OBJ,[.SRC]ACC_CKPT_VAX.OPT/OPTION,[.SRC]ACC_CKPT.OPT/OPTION,SYS
$SYSTEM:SYS.STB/SEL

UT_ROOT:[ACC_CKPT.VAX]ACC_CKPT.EXE;2                            15-DEC-1995 16:06        Linker V11-36                    Page    7

!	this link options file works only for a shareable image
!	without fixup sections
!
COLLECT=PERMANENT_PSECTS,-
	$CODE
COLLECT=INITIALIZATION_PSECTS/ATTRIBUTES=INITIALIZATION_CODE,-
	$INIT
identification="V1.0-2"
