
                                                                30-MAY-1988 14:31        VAX-11 Linker V05-00             Page    1

                                             +------------------------+
                                             ! Object Module Synopsis !
                                             +------------------------+

Module Name     Ident              Bytes      File                                Creation Date      Creator
-----------     -----              -----      -----                               -------------      -------
.MAIN.          0                     295 BANNER-PEM.OBJ;1                     30-MAY-1988 14:30  VAX MACRO V5.0-8

                                            +--------------------------+
                                            ! Program Section Synopsis !
                                            +--------------------------+

Psect Name      Module Name       Base     End           Length            Align                 Attributes
----------      -----------       ----     ---           ------            -----                 ----------
. BLANK .                       00000200 00000326 00000127 (        295.) BYTE 0 NOPIC,USR,CON,REL,LCL,NOSHR,  EXE,  RD,  WRT,NOVEC
                .MAIN.          00000200 00000326 00000127 (        295.) BYTE 0

                                                +-----------------+
                                                ! Symbols By Name !
                                                +-----------------+

Symbol          Value              Symbol          Value              Symbol          Value              Symbol          Value
------          -----              ------          -----              ------          -----              ------          -----
SHOW_PEM        000002AE-R         



	  Key for special characters above:
		+------------------+
		! *  - Undefined   !
		! U  - Universal   !
		! R  - Relocatable !
		! X  - External    !
		! WK - Weak        !
		+------------------+

DISK$WORK3:[HOBBS.WRKD$.VWSBANNER.V50CWPS]BANNER-PEM.EXE;13     30-MAY-1988 14:31        VAX-11 Linker V05-00             Page    2

                                                 +----------------+
                                                 ! Image Synopsis !
                                                 +----------------+

Virtual memory allocated:                         00000200 000005FF 00000400 (1024. bytes, 2. pages)
Stack size:                                             20. pages
Image header virtual block limits:                       1.        1. (    1. block)
Image binary virtual block limits:                       2.        3. (    2. blocks)
Image name and identification:                    BANNER-PEM 0
Number of files:                                         7.
Number of modules:                                       3.
Number of program sections:                              4.
Number of global symbols:                              280.
Number of image sections:                                5.
User transfer address:                            000002AE
Debugger transfer address:                        7FFEDF68
Number of code references to shareable images:           1.
Image type:                                       EXECUTABLE.
Map format:                                       DEFAULT in file DISK$WORK3:[HOBBS.WRKD$.VWSBANNER.V50CWPS]BANNER-PEM.MAP;6
Estimated map length:                             28. blocks
                                              +---------------------+
                                              ! Link Run Statistics !
                                              +---------------------+

Performance Indicators                            Page Faults	CPU Time	Elapsed Time
----------------------                            -----------	--------	------------
    Command processing:                                    92	00:00:00.05	00:00:00.08
    Pass 1:                                               230	00:00:00.46	00:00:01.87
    Allocation/Relocation:                                 28	00:00:00.03	00:00:00.24
    Pass 2:                                               459	00:00:00.23	00:00:00.90
    Map data after object module synopsis:                 10	00:00:00.01	00:00:00.01
    Symbol table output:                                    3	00:00:00.00	00:00:00.09
Total run values:                                         822	00:00:00.78	00:00:03.19

Using a working set limited to 1454 pages and 65 pages of data storage (excluding image)

Total number object records read (both passes):   90
    of which 18 were in libraries and 3 were DEBUG data records containing 64 bytes
53 bytes of DEBUG data were written,starting at VBN 4 with 1 blocks allocated

Number of modules extracted explicitly             = 0
    with 1 extracted to resolve undefined symbols

6 library searches were for symbols not in the library searched

A total of 0 global symbol table records was written

LINK BANNER-PEM
