
SHOW-PE                                                         10-OCT-1988 16:42        VAX-11 Linker V05-02             Page    1

                                             +------------------------+
                                             ! Object Module Synopsis !
                                             +------------------------+

Module Name     Ident              Bytes      File                                Creation Date      Creator
-----------     -----              -----      -----                               -------------      -------
SHOW_PE         V01-002              5091 [SAUNDERS.BANNER.C.VWS]SHOW-PE.OBJ;5 10-Oct-1988 16:40  VAX Bliss-32 V4.3-808
SYS             X-87                    0 SYS$COMMON:[SYSEXE]SYS.STB;1          8-APR-1988 04:54  VAX-11 Linker V04-92
LIBRTL          V05-000                 0 SYS$COMMON:[SYSLIB]LIBRTL.EXE;7       8-APR-1988 04:54  VAX-11 Linker V04-92
SYS$P1_VECTOR   X-4                     0 SYS$COMMON:[SYSLIB]STARLET.OLB;10     8-APR-1988 04:20  VAX MACRO V5.0-8

FIZBUZ$USER:[SAUNDERS.BANNER.C.VWS]SHOW-PE.EXE;10               10-OCT-1988 16:42        VAX-11 Linker V05-02             Page    2

                                             +------------------------+
                                             ! Image Section Synopsis !
                                             +------------------------+

   Cluster      Type Pages   Base Addr  Disk VBN PFC Protection and Paging      Global Sec. Name   Match     Majorid   Minorid
   -------      ---- -----   ---------  -------- --- ---------------------      ----------------   -----     -------   -------

SHOW_PE            0     3    00000200          2   1 READ ONLY    
                   0     2    00000800          5   1 READ WRITE   COPY ON REF
                   0     6    00000C00          7   1 READ ONLY    
                   0     1    00001800         13   1 READ WRITE   FIXUP VECTORS

LIBRTL             3   176    00000000-R        0   0 READ ONLY                  LIBRTL_001       LESS/EQUAL        1        14
                   4     2    00016000-R        0   0 READ WRITE DEMAND ZERO     LIBRTL_002       LESS/EQUAL        1        14

DEFAULT_CLUSTER  253    20    7FFFD800          0   0 READ WRITE DEMAND ZERO  



	  Key for special characters above:
		+------------------+
		! R  - Relocatable !
		! P  - Protected   !
		+------------------+

FIZBUZ$USER:[SAUNDERS.BANNER.C.VWS]SHOW-PE.EXE;10               10-OCT-1988 16:42        VAX-11 Linker V05-02             Page    3

                                            +--------------------------+
                                            ! Program Section Synopsis !
                                            +--------------------------+

Psect Name      Module Name       Base     End           Length            Align                 Attributes
----------      -----------       ----     ---           ------            -----                 ----------

$PLIT$                          00000200 0000076F 00000570 (       1392.) LONG 2 NOPIC,USR,CON,REL,LCL,NOSHR,NOEXE,  RD,NOWRT,NOVEC
                SHOW_PE         00000200 0000076F 00000570 (       1392.) LONG 2

$GLOBAL$                        00000800 00000A93 00000294 (        660.) LONG 2 NOPIC,USR,CON,REL,LCL,NOSHR,NOEXE,  RD,  WRT,NOVEC
                SHOW_PE         00000800 00000A93 00000294 (        660.) LONG 2

$CODE$                          00000C00 000017DE 00000BDF (       3039.) LONG 2 NOPIC,USR,CON,REL,LCL,NOSHR,  EXE,  RD,NOWRT,NOVEC
                SHOW_PE         00000C00 000017DE 00000BDF (       3039.) LONG 2

FIZBUZ$USER:[SAUNDERS.BANNER.C.VWS]SHOW-PE.EXE;10               10-OCT-1988 16:42        VAX-11 Linker V05-02             Page    4

                                             +------------------------+
                                             ! Symbol Cross Reference !
                                             +------------------------+

Symbol                Value           Defined By         Referenced By ...
------                -----           ----------         -----------------
ADD_PESTATS           00001622-R       SHOW_PE       
AST_INTERVAL          00000A54-R       SHOW_PE       
AST_ROUTINE           00001797-R       SHOW_PE       
BOTTOM_RATE           00000A34-R       SHOW_PE       
CTL$GL_PCB            7FFEFF58         SYS                 SHOW_PE       
DISPLAY_LINE          00000C2C-R       SHOW_PE       
DISPLAY_LINE_KB       00000CF7-R       SHOW_PE       
DISPLAY_LINE_XR       00000F3B-R       SHOW_PE       
DISPLAY_PESTATS       00001113-R       SHOW_PE       
EXE$GL_ABSTIM_TICS    800046F8         SYS                 SHOW_PE       
FAOBUF                0000099C-R       SHOW_PE       
FAODSC                00000A5C-R       SHOW_PE       
FIRST_TIME            00000A48-R       SHOW_PE       
INT1BUF               000009EC-R       SHOW_PE       
INT1DSC               00000A64-R       SHOW_PE       
INT2BUF               000009F8-R       SHOW_PE       
INT2DSC               00000A6C-R       SHOW_PE       
INT3BUF               00000A04-R       SHOW_PE       
INT3DSC               00000A74-R       SHOW_PE       
IOC$SCAN_IODB         80002A30         SYS                 SHOW_PE       
KERNEL_ACCVIO         00000A38-R       SHOW_PE       
KERNEL_HANDLER        0000155E-R       SHOW_PE       
KERNEL_HANDLER_NOLOCK 00001596-R       SHOW_PE       
LIB$PUT_OUTPUT        00001848-RX      LIBRTL              SHOW_PE       
LIB$SIG_TO_RET        00001850-RX      LIBRTL              SHOW_PE       
LIB$STOP              0000184C-RX      LIBRTL              SHOW_PE       
NPES                  00000804-R       SHOW_PE       
PES                   0000088C-R       SHOW_PE       
PE_UCB                00000800-R       SHOW_PE       
PRVMASK               00000A4C-R       SHOW_PE       
RAT1BUF               00000A10-R       SHOW_PE       
RAT1DSC               00000A7C-R       SHOW_PE       
RAT2BUF               00000A1C-R       SHOW_PE       
RAT2DSC               00000A84-R       SHOW_PE       
RAT3BUF               00000A28-R       SHOW_PE       
RAT3DSC               00000A8C-R       SHOW_PE       
RATE                  00000914-R       SHOW_PE       
SCH$IOLOCKR           80003068         SYS                 SHOW_PE       
SCH$IOUNLOCK          80003078         SYS                 SHOW_PE       
SHOW_PE               00000C00-R       SHOW_PE       
SYS$ASCTIM            7FFEDE48         SYS$P1_VECTOR       SHOW_PE       
SYS$CMKRNL            7FFEDE90         SYS$P1_VECTOR       SHOW_PE       
SYS$FAO               7FFEDF50         SYS$P1_VECTOR       SHOW_PE       
SYS$HIBER             7FFEDF88         SYS$P1_VECTOR       SHOW_PE       
SYS$IMGSTA            7FFEDF68         SYS$P1_VECTOR 
SYS$K_VERSION         01000000         SYS           
SYS$K_VERSION_00      00000000         SYS           
SYS$K_VERSION_01      00010000         SYS           
SYS$K_VERSION_02      00010000         SYS           

FIZBUZ$USER:[SAUNDERS.BANNER.C.VWS]SHOW-PE.EXE;10               10-OCT-1988 16:42        VAX-11 Linker V05-02             Page    5


Symbol                Value           Defined By         Referenced By ...
------                -----           ----------         -----------------
SYS$K_VERSION_03      00010000         SYS           
SYS$K_VERSION_04      00010000         SYS           
SYS$K_VERSION_05      00010000         SYS           
SYS$K_VERSION_06      00010000         SYS           
SYS$K_VERSION_07      00010000         SYS           
SYS$K_VERSION_08      00010000         SYS           
SYS$K_VERSION_09      00010000         SYS           
SYS$K_VERSION_10      00010000         SYS           
SYS$K_VERSION_11      00010000         SYS           
SYS$K_VERSION_12      00010000         SYS           
SYS$K_VERSION_13      00010000         SYS           
SYS$K_VERSION_14      00010000         SYS           
SYS$K_VERSION_15      00010000         SYS           
SYS$K_VERSION_16      00010000         SYS           
SYS$SETIMR            7FFEE020         SYS$P1_VECTOR       SHOW_PE       
SYS$SETPRV            7FFEE100         SYS$P1_VECTOR       SHOW_PE       
UCB_INIT              000015BE-R       SHOW_PE       

FIZBUZ$USER:[SAUNDERS.BANNER.C.VWS]SHOW-PE.EXE;10               10-OCT-1988 16:42        VAX-11 Linker V05-02             Page    6

                                                +------------------+
                                                ! Symbols By Value !
                                                +------------------+

Value                                   Symbols...
-----                                   ----------
00000000       SYS$K_VERSION_00     
00000800     R-PE_UCB               
00000804     R-NPES                 
0000088C     R-PES                  
00000914     R-RATE                 
0000099C     R-FAOBUF               
000009EC     R-INT1BUF              
000009F8     R-INT2BUF              
00000A04     R-INT3BUF              
00000A10     R-RAT1BUF              
00000A1C     R-RAT2BUF              
00000A28     R-RAT3BUF              
00000A34     R-BOTTOM_RATE          
00000A38     R-KERNEL_ACCVIO        
00000A48     R-FIRST_TIME           
00000A4C     R-PRVMASK              
00000A54     R-AST_INTERVAL         
00000A5C     R-FAODSC               
00000A64     R-INT1DSC              
00000A6C     R-INT2DSC              
00000A74     R-INT3DSC              
00000A7C     R-RAT1DSC              
00000A84     R-RAT2DSC              
00000A8C     R-RAT3DSC              
00000C00     R-SHOW_PE              
00000C2C     R-DISPLAY_LINE         
00000CF7     R-DISPLAY_LINE_KB      
00000F3B     R-DISPLAY_LINE_XR      
00001113     R-DISPLAY_PESTATS      
0000155E     R-KERNEL_HANDLER       
00001596     R-KERNEL_HANDLER_NOLOCK
000015BE     R-UCB_INIT             
00001622     R-ADD_PESTATS          
00001797     R-AST_ROUTINE          
00001848    RX-LIB$PUT_OUTPUT       
0000184C    RX-LIB$STOP             
00001850    RX-LIB$SIG_TO_RET       
00010000       SYS$K_VERSION_01         SYS$K_VERSION_02         SYS$K_VERSION_03         SYS$K_VERSION_04     
               SYS$K_VERSION_05         SYS$K_VERSION_06         SYS$K_VERSION_07         SYS$K_VERSION_08     
               SYS$K_VERSION_09         SYS$K_VERSION_10         SYS$K_VERSION_11         SYS$K_VERSION_12     
               SYS$K_VERSION_13         SYS$K_VERSION_14         SYS$K_VERSION_15         SYS$K_VERSION_16     
01000000       SYS$K_VERSION        
7FFEDE48       SYS$ASCTIM           
7FFEDE90       SYS$CMKRNL           
7FFEDF50       SYS$FAO              
7FFEDF68       SYS$IMGSTA           
7FFEDF88       SYS$HIBER            
7FFEE020       SYS$SETIMR           
7FFEE100       SYS$SETPRV           

FIZBUZ$USER:[SAUNDERS.BANNER.C.VWS]SHOW-PE.EXE;10               10-OCT-1988 16:42        VAX-11 Linker V05-02             Page    7


Value                                   Symbols...
-----                                   ----------
7FFEFF58       CTL$GL_PCB           
80002A30       IOC$SCAN_IODB        
80003068       SCH$IOLOCKR          
80003078       SCH$IOUNLOCK         
800046F8       EXE$GL_ABSTIM_TICS   



	  Key for special characters above:
		+------------------+
		! *  - Undefined   !
		! U  - Universal   !
		! R  - Relocatable !
		! X  - External    !
		! WK - Weak        !
		! M  - Mask value  !
		+------------------+

FIZBUZ$USER:[SAUNDERS.BANNER.C.VWS]SHOW-PE.EXE;10               10-OCT-1988 16:42        VAX-11 Linker V05-02             Page    8

                                                 +----------------+
                                                 ! Image Synopsis !
                                                 +----------------+

Virtual memory allocated:                         00000200 000019FF 00001800 (6144. bytes, 12. pages)
Stack size:                                             20. pages
Image header virtual block limits:                       1.        1. (    1. block)
Image binary virtual block limits:                       2.       13. (   12. blocks)
Image name and identification:                    SHOW-PE V01-002
System component mask:                             00011014
	SYS$K_VERSION_IO                                 1,0
	SYS$K_VERSION_PROCESS_SCHED                      1,0
	SYS$K_VERSION_STABLE                             1,0
	SYS$K_VERSION_SHELL                              1,0
Number of files:                                         5.
Number of modules:                                       4.
Number of program sections:                              7.
Number of global symbols:                              322.
Number of cross references:                             98.
Number of image sections:                                7.
User transfer address:                            00000C00
Debugger transfer address:                        7FFEDF68
Number of code references to shareable images:           3.
Image type:                                       EXECUTABLE.
Map format:                                       FULL WITH CROSS REFERENCE in file FIZBUZ$USER:[SAUNDERS.BANNER.C.VWS]SHOW-PE.MAP;9
Estimated map length:                             66. blocks
                                              +---------------------+
                                              ! Link Run Statistics !
                                              +---------------------+

Performance Indicators                            Page Faults	CPU Time	Elapsed Time
----------------------                            -----------	--------	------------
    Command processing:                                    79	00:00:00.38	00:00:01.55
    Pass 1:                                                92	00:00:02.12	00:00:07.20
    Allocation/Relocation:                                 13	00:00:00.27	00:00:01.48
    Pass 2:                                                77	00:00:00.74	00:00:03.04
    Map data after object module synopsis:                  2	00:00:00.76	00:00:00.85
    Symbol table output:                                   15	00:00:00.29	00:00:02.55
Total run values:                                         278	00:00:04.56	00:00:16.67

Using a working set limited to 3600 pages and 75 pages of data storage (excluding image)

Total number object records read (both passes):   597
    of which 18 were in libraries and 120 were DEBUG data records containing 22822 bytes
22304 bytes of DEBUG data were written,starting at VBN 14 with 44 blocks allocated

Number of modules extracted explicitly             = 0
    with 1 extracted to resolve undefined symbols

0 library searches were for symbols not in the library searched

A total of 42 global symbol table records was written

LINK/TRACE/DEB/SYMBOL=SHOW-PE/EXE=SHOW-PE/MAP=SHOW-PE/FULL/CROSS SYS$INPUT/OPTIONS
cluster=show_pe,,1,show-pe,sys$system:sys.stb/sel
