
SYSPQL.EXE                                                      30-MAY-1995 12:18        Linker A11-14                    Page    1

                                             +------------------------+
                                             ! Object Module Synopsis !
                                             +------------------------+

Module Name     Ident              Bytes      File                                Creation Date      Creator
-----------     -----              -----      -----                               -------------      -------
SYSPQL_INIT     V1                    588 SYSPQL_INIT.OBJ;1                    30-MAY-1995 12:18  AMAC V2.0-22
SYSPQL          V1.0                 5648 SYSPQL.OBJ;1                         30-MAY-1995 12:18  DEC C V4.0-000
SYS$BASE_IMAGE  ALPHA  X5SC-E5N         0 [SYS$LDR]SYS$BASE_IMAGE.EXE;1         2-APR-1994 06:49  Linker T11-11
SYS$PUBLIC_VECTORS             
                X-33                    0 [SYSLIB]SYS$PUBLIC_VECTORS.EXE;2     12-SEP-1994 12:40  Linker T11-11

USR$ADMIN:[GEGE.SYSTEME.KERNEL.SYSPQL.ALPHA]SYSPQL.EXE;1        30-MAY-1995 12:18        Linker A11-14                    Page    2

                                             +------------------------+
                                             ! Image Section Synopsis !
                                             +------------------------+

   Cluster      Type Pglts   Base Addr  Disk VBN PFC Protection and Paging      Global Sec. Name   Match     Majorid   Minorid
   -------      ---- -----   ---------  -------- --- ---------------------      ----------------   -----     -------   -------

INITIALIZATION_PSECTS          
                   4    13    00000000-R        3   0 READ WRITE   COPY ON REF
                   2     1    00010000-R       16   0 READ WRITE   FIXUP VECTORS


SYS$BASE_IMAGE     1    82    00000000-R        0   0 READ ONLY    EXECUTABLE    SYS$BASE_IMAGE_0 EQUAL            69   8197348
                   1   216    0000C000-R        0   0 READ WRITE   COPY ON REF   SYS$BASE_IMAGE_0 EQUAL            69   8197348
                   2     7    00028000-R        0   0 READ WRITE   FIXUP VECTORS SYS$BASE_IMAGE_0 EQUAL            69   8197348

SYS$PUBLIC_VECTORS             
                   2    11    00000000-R        0   0 READ ONLY    EXECUTABLE    SYS$PUBLIC_VECTO EQUAL            69  12837996
                   1    33    00004000-R        0   0 READ WRITE   COPY ON REF   SYS$PUBLIC_VECTO EQUAL            69  12837996
                   2     1    0000C000-R        0   0 READ WRITE   FIXUP VECTORS SYS$PUBLIC_VECTO EQUAL            69  12837996



	  Key for special characters above:
		+--------------------+
		! R  - Relocatable   !
		! P  - Protected     !
		+--------------------+

USR$ADMIN:[GEGE.SYSTEME.KERNEL.SYSPQL.ALPHA]SYSPQL.EXE;1        30-MAY-1995 12:18        Linker A11-14                    Page    3

                                            +--------------------------+
                                            ! Program Section Synopsis !
                                            +--------------------------+

Psect Name      Module Name       Base     End           Length            Align                 Attributes
----------      -----------       ----     ---           ------            -----                 ----------

. BLANK .                       00000000 00000000 00000000 (          0.) OCTA  4 NOPIC,CON,REL,LCL,NOSHR,  EXE,  WRT,NOVEC,  MOD 
                SYSPQL_INIT     00000000 00000000 00000000 (          0.) OCTA  4

$BSS$                           00000000 000001C7 000001C8 (        456.) OCTA  4   PIC,CON,REL,GBL,NOSHR,  EXE,  WRT,NOVEC,  MOD 
                SYSPQL          00000000 000001C7 000001C8 (        456.) OCTA  4

$CODE$                          000001D0 000012F3 00001124 (       4388.) OCTA  4   PIC,CON,REL,GBL,NOSHR,  EXE,  WRT,NOVEC,  MOD 
                SYSPQL_INIT     000001D0 0000035B 0000018C (        396.) QUAD  3
                SYSPQL          00000360 000012F3 00000F94 (       3988.) OCTA  4

$DATA$                          00001300 00001317 00000018 (         24.) OCTA  4   PIC,CON,REL,GBL,NOSHR,  EXE,  WRT,NOVEC,  MOD 
                SYSPQL          00001300 00001317 00000018 (         24.) OCTA  4

$LINK$                          00001320 00001608 000002E9 (        745.) OCTA  4   PIC,CON,REL,GBL,NOSHR,  EXE,  WRT,NOVEC,  MOD 
                SYSPQL          00001320 00001608 000002E9 (        745.) OCTA  4

$LINKAGE                        00001610 000016CF 000000C0 (        192.) OCTA  4   PIC,CON,REL,GBL,NOSHR,  EXE,  WRT,NOVEC,  MOD 
                SYSPQL_INIT     00001610 000016CF 000000C0 (        192.) OCTA  4

$LITERAL$                       000016D0 0000185A 0000018B (        395.) OCTA  4   PIC,CON,REL,GBL,NOSHR,  EXE,  WRT,NOVEC,  MOD 
                SYSPQL          000016D0 0000185A 0000018B (        395.) OCTA  4

$READONLY$                      00001860 00001887 00000028 (         40.) OCTA  4   PIC,CON,REL,GBL,NOSHR,  EXE,  WRT,NOVEC,  MOD 
                SYSPQL          00001860 00001887 00000028 (         40.) OCTA  4

USR$ADMIN:[GEGE.SYSTEME.KERNEL.SYSPQL.ALPHA]SYSPQL.EXE;1        30-MAY-1995 12:18        Linker A11-14                    Page    4

                                                +-----------------+
                                                ! Symbols By Name !
                                                +-----------------+

Symbol                          Value       Symbol                          Value       Symbol                          Value       
------                          -----       ------                          -----       ------                          -----       
CHECK_NOMOVE                    000016B0-R                                              
CONSPRINTF                      00001660-R                                              
EXE$GL_STATE                    00009900-RX                                             
EXE$GPQ_SWRPB                   00009B20-RX                                             
EXE$OUTCRLF                     00002DB0-RX                                             
EXE$OUTZSTRING                  00002DF0-RX                                             
FIL$OPENFILE                    00003200-RX                                             
FIL$RDWRTLBN                    00003220-RX                                             
IMAGE_INIT                      00001610-R                                              
OTS$DIV_UI                      00006D60-RX                                             
PQL$AR_SYSPQL                   00007350-RX                                             
PQL$GL_SYSPQLLEN                00007360-RX                                             
SYS$DASSGN                      00000230-RX                                             
SYS$GQ_VERSION                  00008040-RX                                             
SYS$K_VERSION                   00000000-X                                              
SYS$K_VERSION_01                00000010-X                                              
SYS$K_VERSION_02                00000020-X                                              
SYS$K_VERSION_03                00000030-X                                              
SYS$K_VERSION_04                00000040-X                                              
SYS$K_VERSION_05                00000050-X                                              
SYS$K_VERSION_06                00000060-X                                              
SYS$K_VERSION_07                00000070-X                                              
SYS$K_VERSION_08                00000080-X                                              
SYS$K_VERSION_09                00000090-X                                              
SYS$K_VERSION_10                000000A0-X                                              
SYS$K_VERSION_11                000000B0-X                                              
SYS$K_VERSION_12                000000C0-X                                              
SYS$K_VERSION_13                000000D0-X                                              
SYS$K_VERSION_14                000000E0-X                                              
SYS$K_VERSION_15                000000F0-X                                              
SYS$K_VERSION_16                00000100-X                                              
SYS$K_VERSION_17                0000A6F0-X                                              
SYS$K_VERSION_18                0000A700-X                                              
SYSPQL                          000014B0-R                                              

USR$ADMIN:[GEGE.SYSTEME.KERNEL.SYSPQL.ALPHA]SYSPQL.EXE;1        30-MAY-1995 12:18        Linker A11-14                    Page    5

                                                +------------------+
                                                ! Symbols By Value !
                                                +------------------+

Value                                   Symbols...
-----                                   ----------
00000000      X-SYS$K_VERSION   
00000010      X-SYS$K_VERSION_01
00000020      X-SYS$K_VERSION_02
00000030      X-SYS$K_VERSION_03
00000040      X-SYS$K_VERSION_04
00000050      X-SYS$K_VERSION_05
00000060      X-SYS$K_VERSION_06
00000070      X-SYS$K_VERSION_07
00000080      X-SYS$K_VERSION_08
00000090      X-SYS$K_VERSION_09
000000A0      X-SYS$K_VERSION_10
000000B0      X-SYS$K_VERSION_11
000000C0      X-SYS$K_VERSION_12
000000D0      X-SYS$K_VERSION_13
000000E0      X-SYS$K_VERSION_14
000000F0      X-SYS$K_VERSION_15
00000100      X-SYS$K_VERSION_16
00000230     RX-SYS$DASSGN      
000014B0      R-SYSPQL          
00001610      R-IMAGE_INIT      
00001660      R-CONSPRINTF      
000016B0      R-CHECK_NOMOVE    
00002DB0     RX-EXE$OUTCRLF     
00002DF0     RX-EXE$OUTZSTRING  
00003200     RX-FIL$OPENFILE    
00003220     RX-FIL$RDWRTLBN    
00006D60     RX-OTS$DIV_UI      
00007350     RX-PQL$AR_SYSPQL   
00007360     RX-PQL$GL_SYSPQLLEN
00008040     RX-SYS$GQ_VERSION  
00009900     RX-EXE$GL_STATE    
00009B20     RX-EXE$GPQ_SWRPB   
0000A6F0      X-SYS$K_VERSION_17
0000A700      X-SYS$K_VERSION_18



	  Key for special characters above:
		+--------------------+
		! *  - Undefined     !
		! A  - Alias Name    !
		! I  - Internal Name !
		! U  - Universal     !
		! R  - Relocatable   !
		! X  - External      !
		! WK - Weak          !
		! M  - Mask value    !
		+--------------------+

USR$ADMIN:[GEGE.SYSTEME.KERNEL.SYSPQL.ALPHA]SYSPQL.EXE;1        30-MAY-1995 12:18        Linker A11-14                    Page    6

                                                 +----------------+
                                                 ! Image Synopsis !
                                                 +----------------+

Virtual memory allocated:                         00000000 0001FFFF 00020000 (131072. bytes, 256. pages)
Stack size:                                              0. pages
Image header virtual block limits:                       1.        2. (    2. blocks)
Image binary virtual block limits:                       3.       16. (   14. blocks)
Image name and identification:                    SYSPQL V1
System component mask:                             00001028
	SYS$K_VERSION_FILES_VOLUMES                      2,0
	SYS$K_VERSION_SYSGEN                             1,64
	SYS$K_VERSION_STABLE                             1,64
Number of files:                                         5.
Number of modules:                                       4.
Number of program sections:                             12.
Number of global symbols:                               15.
Number of image sections:                                8.
User transfer address:                            00001610
Number of code references to shareable images:          30.
Image type:                                         PIC, SHAREABLE. Global Section Match=EQUAL, Ident, Major=18, Minor=1049068
Map format:                                       FULL in file USR$ADMIN:[GEGE.SYSTEME.KERNEL.SYSPQL.ALPHA]SYSPQL.MAP;1
Estimated map length:                             32. blocks
                                              +---------------------+
                                              ! Link Run Statistics !
                                              +---------------------+

Performance Indicators                            Page Faults	CPU Time	Elapsed Time
----------------------                            -----------	--------	------------
    Command processing:                                    33	00:00:00.03	00:00:00.13
    Pass 1:                                               106	00:00:00.11	00:00:00.64
    Allocation/Relocation:                                  0	00:00:00.02	00:00:00.13
    Pass 2:                                                 4	00:00:00.01	00:00:00.23
    Map data after object module synopsis:                  3	00:00:00.01	00:00:00.04
    Symbol table output:                                    0	00:00:00.02	00:00:00.32
Total run values:                                         146	00:00:00.20	00:00:01.52

Using a working set limited to 5648 pages and 81 pages of data storage (excluding image)

Total number object records read (both passes):   568
    of which 0 were in libraries and 100 were DEBUG data records containing 5127 bytes

Number of modules extracted explicitly             = 0
    with 0 extracted to resolve undefined symbols

1 library searches were for symbols not in the library searched

A total of 9 global symbol table records was written

LINK/NOSYSSHR/NOTRACEBACK/SHARE=SYSPQL.EXE/CONTIGUOUS/MAP=SYSPQL.MAP/FULL/SYMBOL=SYSPQL.STB/SYSEXE/NODEMAND_ZERO SYS$INPUT/OPTION
syspql_init.obj
syspql.obj
symbol_table=GLOBALS
psect_attr=$CODE$,NOSHR,WRT,EXE
psect_attr=$LITERAL$,NOSHR,WRT,EXE

USR$ADMIN:[GEGE.SYSTEME.KERNEL.SYSPQL.ALPHA]SYSPQL.EXE;1        30-MAY-1995 12:18        Linker A11-14                    Page    7

psect_attr=$READONLY$,NOSHR,WRT,EXE
psect_attr=$DATA$,NOSHR,WRT,EXE,PIC
psect_attr=$LINK$,NOSHR,WRT,EXE,PIC
psect_attr=$LINKAGE,NOSHR,WRT,EXE,PIC
psect_attr=$BSS$,NOSHR,WRT,EXE,MOD,PIC
psect_attr=OTS$LINK,NOSHR,WRT,EXE,MOD,PIC
psect_attr=OTS$LIT,NOSHR,WRT,EXE,MOD
psect_attr=OTS$CODE,NOSHR,WRT,EXE
COLLECT=INITIALIZATION_PSECTS/ATTRIBUTES=INITIALIZATION_CODE,-
	$CODE,$CODE$,$DATA$,$DATA,$LINK$,$LINKAGE,$LITERAL$,$READONLY$,$BSS$,-
	OTS$LIT, OTS$CODE, OTS$LINK
