100x100
0
The logo map--- a map with an appearance
Tom Grydeland
xxxxxxxxxxxxxxxxxxxxxxxxxxxxxxxxxxxxxxxxxxxxxxxxxxxxxxxxxxxxxxxxxxxxxxxxxxxxxxxxxxxxxxxxxxxxxxxxxxxx
x                                                                                                  x
x                                                                                                  x
x                                                                                                  x
x                                                                                                  x
x                                                                                                  x
x                                                                                                  x
x                                                                                                  x
x                                                                                                  x
x               qxxxxxxxxxxxxw       qxxxxxxxxxxxxw                                                x
x              qxxxxxxxxxxxxxxw     qxxxxxxxxxxxxxxw                                               x
x                 qFxxxxxxxxxxxw   qxxxxxxxxFw                                                     x
x               *qxxxxxxxxxxxxxxw qxxxxxxxxxxxw   *                                                x
x           qxxxxxxxxxxxxxxxxxxxxwaxxxxxxxxxxxxxxxxxxw                                             x
x           xxxxxxxxxxxxxxxxxxxxxxwaxxxxxxxxxxxxxxxxxx                                             x
x                  axxxxxxxxxxxxxxxwaxxxxxs                                                        x
x                   axxxxxxxxxxxxxxxwaxxxs                                                         x
x                    axxxxxxxxxxxxxxxwaxs                                                          x
x                     axxxxxxxxxxxxxxxw                                                            x
x           qxxxxxxxxxxxxxxxxxxxxxxxxxFxxxxxxxxxxxxxxxw                                            x
x         qxs     xxxxxxxxxxxxxxxxxxxxxxxxxxxxxxFxxxxxx                                            x
x        qs       xs  axxxxxxxxxxxxxxxxxxxxxxxxxx                                                  x
x        x        x    xxxxxxxxxxxxxxxxxxxxxxxxxx    *                                             x
x        x        x    xxxxxxxxxxxxxxxxxxxxxxxxxxxxxxxxx                                           x
x        xxxxx    xw  qxxxxxxxxxxxxxxxxxxxxxxxxxxxxxxxxx                                           x
x            x   Fxxxxxxxxxxxxxxxxxxxxxxxxxxs                                                      x
x            axxxxxxxxxxxxxxxxxxxxxxxxxxxxxs                                                       x
x                                                                                                  x
x                                                                                                  x
x     xxxxxxxxxxxxxxxxw                                                                            x
x     xxxxxxxxxxxxxxxxxw       qxxxxxxxxxxxxxxxxxxxxxxxx                                           x
x           xxxxxxxxxxxxw     qxxxxxxxxxxxxxxxxxxxxxxxxx                                           x
x       *   xxxxxxxxxxxxxw   qxxxxxxxxxxxxxxxxxFx                                                  x
x     xxxxxxFxxxxxxxxxxxxxw qxxxxxxxxxxxxxxxxxxxx    *                                             x
x     axxxxxxxxxxxxxxxxxxxsqxxxxxxxxxxxxxxxxxxxxxxxxxxxx                                           x
x                axxxxxxxsqxxxxxxxxxxxxxxxxxxxxxxxxxxxxs                                           x
x                 axxxxxsqxxxxxxxxxxxxxs                                                           x
x                  axxxsqxxxxxxxxxxxxxs                                                            x
x                   axsqxxxxxxxxxxxxxs                                                             x
x                     qxxxxxxxxxxxxxs                                                              x
x       xxxxxxxxxxxxxxxxxxxxxxxxxxxxxxxxxxxxxxxw                                                   x
x       axxxxxxxxxxxxxxxxxxxxxxxxxxxxxxxxx     axw                                                 x
x              axxxxxxxxxxxxxxxxxxxxxs  ax       aw                                                x
x            *  aFxxxxxxxxxxxxxxxxxxx    x        x                                                x
x          axxxxxxxxxxxxxxxxxxxxxxxxx    x        x                                                x
x           axxxxxxxxxxxxxxxxxxxxxxxxw  qx    xxxxx                                                x
x                    axxxxxxxxxxxxxxxxxxxx   Fx                                                    x
x                     axxxxxxxxxxxxxxxxxxxxxxxs                                                    x
x                                                                                                  x
x                                                                                                  x
x         qxxw                                                                                     x
x        qs  aw   qx qxw qxw qx   qxxxw           qxxw                                             x
x        x qs x    x xFx xFx  x   s x a           xs                                               x
x        x aw x    x axx axx  x     x  qxw xqwqw  x qx                                             x
x        aw  qs    x * x   x  x     x  xFx xsxsx  xwqx                                             x
x         axxs     x axs axs  x    qxw axs x x x  axxa                                             x
x                                                                                                  x
x                                                                                                  x
x                                                                  >    >                          x
x                                                              >             >                     x
x                                                                                                  x
x                                                          >                     >                 x
x                                                                                                  x
x                                                                   <   <                          x
x                                                        >      <           <      >               x
x                                                                r         r                       x
x                                                               dxf       dxf                      x
x                                                             <  c   >     c  <                    x
x                                                       >                >          >              x
x                                                                 >                                x
x                                                                     FF       <                   x
x                                                        >   <        FF  >                        x
x                                                                 >                 >              x
x                                                                              <                   x
x                                                             <  r  >   >  r                       x
x                                                        >      dxf       dxf                      x
x                                                                c         c <      >              x
x                                                               <                                  x
x                                                          >               <                       x
x                                                                  <    <        >                 x
x                                                                                                  x
x                                                             >                >                   x
x                                                                                                  x
xf                                                                >        >                       x
x                                                                     >                            x
x                                                                                                  x
x                                                                                                  x
x                                                                                                  x
x                                                                                                  x
x                                                                                                  x
x                                                                                                  x
x                                                                                                  x
x                                                                                                  x
x                                                                                                  x
x                                                                                                  x
x                                                                                                  x
x                                                                                                  x
x                                                                                                  x
x                                                                                                  x
xxxxxxxxxxxxxxxxxxxxxxxxxxxxxxxxxxxxxxxxxxxxxxxxxxxxxxxxxxxxxxxxxxxxxxxxxxxxxxxxxxxxxxxxxxxxxxxxxxxx