
VWSBANNER                                                       26-AUG-1988 10:49        VAX-11 Linker V05-05             Page    1

                                             +------------------------+
                                             ! Object Module Synopsis !
                                             +------------------------+

Module Name     Ident              Bytes      File                                Creation Date      Creator
-----------     -----              -----      -----                               -------------      -------
BANNER          V01-001              5447 CW:<VWSBANNER.V50CWPS>BANNER.OBJ;1   25-Aug-1988 07:43  VAX Bliss-32 X4.5-843
BANNERCLOCK     V01-003              1420 <VWSBANNER.V50CWPS>BANNERCLOCK.OBJ;1 25-Aug-1988 07:41  VAX Bliss-32 X4.5-843
BANNERCPU       V01-004              2840 <VWSBANNER.V50CWPS>BANNERCPU.OBJ;1   25-Aug-1988 07:42  VAX Bliss-32 X4.5-843
BANNERCUBE      V01-004              1307 <VWSBANNER.V50CWPS>BANNERCUBE.OBJ;1  25-Aug-1988 07:42  VAX Bliss-32 X4.5-843
BANNERMONITOR   V01-000             20798 BANNERMONITOR.OBJ;2                  26-Aug-1988 10:48  VAX Bliss-32 X4.5-843
BANNERREMOTE    V01-001              3248 BANNERREMOTE.OBJ;1                   25-Aug-1988 07:43  VAX Bliss-32 X4.5-843
BANNERSUBS      V01-002              1514 <VWSBANNER.V50CWPS>BANNERSUBS.OBJ;1  25-Aug-1988 07:43  VAX Bliss-32 X4.5-843
SYS             X-87                    0 CW:<VWSBANNER.V50CWPS>SYS.STB;750    25-AUG-1988 07:01  VAX-11 Linker V05-00
SYS$P1_VECTOR   X-4                     0 SYS$COMMON:[SYSLIB]STARLET.OLB;2      4-AUG-1988 19:45  VAX MACRO V5.0-8
LIBRTL          V05-000                 0 SYS$COMMON:[SYSLIB]LIBRTL.EXE;1       4-AUG-1988 20:30  VAX-11 Linker V05-05
MTHRTL          V04-002                 0 SYS$COMMON:[SYSLIB]MTHRTL.EXE;1       4-AUG-1988 20:32  VAX-11 Linker V05-05
UISSHR          VWS T04.1-00M           0 SYS$COMMON:[SYSLIB]UISSHR.EXE;2      29-JUL-1988 09:23  VAX-11 Linker V05-05

CW:[VWSBANNER.V50CWPS]VWSBANNER.EXE;35                          26-AUG-1988 10:49        VAX-11 Linker V05-05             Page    2

                                             +------------------------+
                                             ! Image Section Synopsis !
                                             +------------------------+

   Cluster      Type Pages   Base Addr  Disk VBN PFC Protection and Paging      Global Sec. Name   Match     Majorid   Minorid
   -------      ---- -----   ---------  -------- --- ---------------------      ----------------   -----     -------   -------

BANNER             0     3    00000200          2   1 READ WRITE   COPY ON REF
                   0    20    00000800          0   0 READ WRITE DEMAND ZERO  
                   0    49    00003000          5   1 READ ONLY    
                   0     3    00009200         54   1 READ WRITE   FIXUP VECTORS

DEFAULT_CLUSTER  253    20    7FFFD800          0   0 READ WRITE DEMAND ZERO  

LIBRTL             3   177    00000000-R        0   0 READ ONLY                  LIBRTL_001       LESS/EQUAL        1        14
                   4     2    00016200-R        0   0 READ WRITE DEMAND ZERO     LIBRTL_002       LESS/EQUAL        1        14

MTHRTL             3   142    00000000-R        0   0 READ ONLY                  MTHRTL_001       LESS/EQUAL      129     32780
                   2     1    00011C00-R        0   0 READ WRITE   FIXUP VECTORS MTHRTL_002       LESS/EQUAL      129     32780

UISSHR             3     8    00000000-R        0   0 READ ONLY                  UISSHR_001       LESS/EQUAL        4         0
                   2     2    00001000-R        0   0 READ ONLY                  UISSHR_002       LESS/EQUAL        4         0
                   3     1    00001400-R        0   0 READ ONLY                  UISSHR_003       LESS/EQUAL        4         0



	  Key for special characters above:
		+------------------+
		! R  - Relocatable !
		! P  - Protected   !
		+------------------+

CW:[VWSBANNER.V50CWPS]VWSBANNER.EXE;35                          26-AUG-1988 10:49        VAX-11 Linker V05-05             Page    3

                                            +--------------------------+
                                            ! Program Section Synopsis !
                                            +--------------------------+

Psect Name      Module Name       Base     End           Length            Align                 Attributes
----------      -----------       ----     ---           ------            -----                 ----------

_NPAG_GLOBAL_RW                 00000200 000004BB 000002BC (        700.) LONG 2 NOPIC,USR,CON,REL,LCL,NOSHR,NOEXE,  RD,  WRT,NOVEC
                BANNER          00000200 00000403 00000204 (        516.) LONG 2
                BANNERCLOCK     00000404 00000437 00000034 (         52.) LONG 2
                BANNERREMOTE    00000438 000004BB 00000084 (        132.) LONG 2

_NPAG_OWN_RW                    000004BC 00000F97 00000ADC (       2780.) LONG 2 NOPIC,USR,CON,REL,LCL,NOSHR,NOEXE,  RD,  WRT,NOVEC
                BANNERCLOCK     000004BC 000004C3 00000008 (          8.) LONG 2
                BANNERCPU       000004C4 00000583 000000C0 (        192.) LONG 2
                BANNERMONITOR   00000584 0000078B 00000208 (        520.) LONG 2
                BANNERREMOTE    0000078C 00000F97 0000080C (       2060.) LONG 2

_NPAG_OWN_RW_0                  00000F98 00000FFF 00000068 (        104.) LONG 2 NOPIC,USR,CON,REL,LCL,NOSHR,NOEXE,  RD,  WRT,NOVEC
                BANNERCUBE      00000F98 00000FFF 00000068 (        104.) LONG 2

_NPAG_OWN_RW_1                  00001000 0000105F 00000060 (         96.) LONG 2 NOPIC,USR,CON,REL,LCL,NOSHR,NOEXE,  RD,  WRT,NOVEC
                BANNERCUBE      00001000 0000105F 00000060 (         96.) LONG 2

_NPAG_OWN_RW_2                  00001060 000010E7 00000088 (        136.) LONG 2 NOPIC,USR,CON,REL,LCL,NOSHR,NOEXE,  RD,  WRT,NOVEC
                BANNERCUBE      00001060 000010E7 00000088 (        136.) LONG 2

__PAG_GLOBAL_RW                 000010E8 000011F7 00000110 (        272.) LONG 2 NOPIC,USR,CON,REL,LCL,NOSHR,NOEXE,  RD,  WRT,NOVEC
                BANNER          000010E8 000011F7 00000110 (        272.) LONG 2

__PAG_OWN_RW                    000011F8 00002FD3 00001DDC (       7644.) LONG 2 NOPIC,USR,CON,REL,LCL,NOSHR,NOEXE,  RD,  WRT,NOVEC
                BANNER          000011F8 0000120F 00000018 (         24.) LONG 2
                BANNERMONITOR   00001210 00002FC3 00001DB4 (       7604.) LONG 2
                BANNERREMOTE    00002FC4 00002FD3 00000010 (         16.) LONG 2

_NPAG_CODE                      00003000 000066AB 000036AC (      13996.) LONG 2 NOPIC,USR,CON,REL,LCL,NOSHR,  EXE,  RD,NOWRT,NOVEC
                BANNERCLOCK     00003000 00003354 00000355 (        853.) LONG 2
                BANNERCPU       00003358 00003D4F 000009F8 (       2552.) LONG 2
                BANNERCUBE      00003D50 00003FA0 00000251 (        593.) LONG 2
                BANNERMONITOR   00003FA4 00006317 00002374 (       9076.) LONG 2
                BANNERREMOTE    00006318 000066AB 00000394 (        916.) LONG 2

_NPAG_OWN_RO                    000066AC 00006793 000000E8 (        232.) LONG 2 NOPIC,USR,CON,REL,LCL,NOSHR,  EXE,  RD,NOWRT,NOVEC
                BANNERCLOCK     000066AC 000066B3 00000008 (          8.) LONG 2
                BANNERCUBE      000066B4 00006793 000000E0 (        224.) LONG 2

_NPAG_PLIT                      00006794 00006883 000000F0 (        240.) LONG 2 NOPIC,USR,CON,REL,LCL,NOSHR,  EXE,  RD,NOWRT,NOVEC
                BANNERCPU       00006794 000067F3 00000060 (         96.) LONG 2
                BANNERMONITOR   000067F4 00006867 00000074 (        116.) LONG 2
                BANNERREMOTE    00006868 00006883 0000001C (         28.) LONG 2

__PAG_CODE                      00006884 000088E1 0000205E (       8286.) LONG 2 NOPIC,USR,CON,REL,LCL,NOSHR,  EXE,  RD,NOWRT,NOVEC
                BANNER          00006884 0000753E 00000CBB (       3259.) LONG 2
                BANNERCLOCK     00007540 0000771E 000001DF (        479.) LONG 2
                BANNERCUBE      00007720 000077A5 00000086 (        134.) LONG 2

CW:[VWSBANNER.V50CWPS]VWSBANNER.EXE;35                          26-AUG-1988 10:49        VAX-11 Linker V05-05             Page    4


Psect Name      Module Name       Base     End           Length            Align                 Attributes
----------      -----------       ----     ---           ------            -----                 ----------
__PAG_CODE                      00006884 000088E1 0000205E (       8286.) LONG 2 NOPIC,USR,CON,REL,LCL,NOSHR,  EXE,  RD,NOWRT,NOVEC 
                BANNERMONITOR   000077A8 00008295 00000AEE (       2798.) LONG 2
                BANNERREMOTE    00008298 000082F7 00000060 (         96.) LONG 2
                BANNERSUBS      000082F8 000088E1 000005EA (       1514.) LONG 2

__PAG_GLOBAL_RO                 000088E4 000088FF 0000001C (         28.) LONG 2 NOPIC,USR,CON,REL,LCL,NOSHR,  EXE,  RD,NOWRT,NOVEC
                BANNER          000088E4 000088FF 0000001C (         28.) LONG 2

__PAG_OWN_RO                    00008900 0000890F 00000010 (         16.) LONG 2 NOPIC,USR,CON,REL,LCL,NOSHR,  EXE,  RD,NOWRT,NOVEC
                BANNER          00008900 0000890F 00000010 (         16.) LONG 2

__PAG_PLIT                      00008910 00009117 00000808 (       2056.) LONG 2 NOPIC,USR,CON,REL,LCL,NOSHR,  EXE,  RD,NOWRT,NOVEC
                BANNER          00008910 00008E43 00000534 (       1332.) LONG 2
                BANNERCLOCK     00008E44 00008E57 00000014 (         20.) LONG 2
                BANNERCUBE      00008E58 00008E6B 00000014 (         20.) LONG 2
                BANNERMONITOR   00008E6C 00009117 000002AC (        684.) LONG 2

CW:[VWSBANNER.V50CWPS]VWSBANNER.EXE;35                          26-AUG-1988 10:49        VAX-11 Linker V05-05             Page    5

                                                +-----------------+
                                                ! Symbols By Name !
                                                +-----------------+

Symbol                          Value       Symbol                          Value       Symbol                          Value       
------                          -----       ------                          -----       ------                          -----       
ADD_OPCNT                       000063EC-R  MONITOR_INIT                    000077A8-R  SCS$AR_LOCALSB                  80004D30   
ADD_PESTATS                     0000645D-R  MTH$SINCOS                      00009268-RX SD_BANNER_LNMTABLE              00008960-R 
BANNER                          00006884-R  NEW_PES                         00000438-R  SD_FRIDAY                       00008A38-R 
BANNERCLOCK                     00007540-R  NORMAL_FONT                     000010E8-R  SD_MBX_NAME                     0000894C-R 
BANNERCPU_MODES                 000038B9-R  OTS$CVT_T_F                     00009248-RX SD_MESSAGE_FONT                 0000899C-R 
BANNERCPU_MODE_DATA             00003C9C-R  PAGE_IO_MONITOR                 00004360-R  SD_MONDAY                       000089E8-R 
BANNERCPU_MONITOR               00003358-R  PEM                             00000250-R  SD_SATURDAY                     00008A4C-R 
BANNERCPU_NULLCPU               00003D19-R  PE_MONITOR                      000049A1-R  SD_SUNDAY                       000089D4-R 
BANNERSETUP                     00006942-R  PMS$GL_BLK_IN                   800041D7    SD_SYS$WORKSTATION              00008978-R 
CHECK_BUSY                      000063AB-R  PMS$GL_BLK_LOC                  800041D3    SD_THURSDAY                     00008A24-R 
CLK                             00000404-R  PMS$GL_BLK_OUT                  800041DB    SD_TITLE_FONT                   000089C0-R 
CLOCK_AST                       00003000-R  PMS$GL_BUFIO                    8000416B    SD_TUESDAY                      000089FC-R 
CTL$GL_PCB                      7FFEFF58    PMS$GL_CWPS_BYTES_IN            80004F24    SD_WEDNESDAY                    00008A10-R 
CUBE_AST                        00003D50-R  PMS$GL_CWPS_BYTES_OUT           80004F28    SMP$GL_ACTIVE_CPUS              800045A8   
CUBE_ROTATE                     00003D6A-R  PMS$GL_CWPS_GETJPI_IN           80004F2C    SMP$GL_CPU_DATA                 800045DC   
CUBE_SETUP                      00007720-R  PMS$GL_CWPS_GETJPI_OUT          80004F30    SYS$ASCTIM                      7FFEDE48   
CUBE_TIMER                      000010E0-R  PMS$GL_CWPS_MSGS_IN             80004F1C    SYS$BINTIM                      7FFEDE58   
CUB_TR_ID                       00000F98-R  PMS$GL_CWPS_MSGS_OUT            80004F20    SYS$CMKRNL                      7FFEDE90   
CVT_LNM_BOOLEAN                 000082F8-R  PMS$GL_CWPS_PCNTRL_IN           80004F34    SYS$CRELNM                      7FFEE480   
CVT_LNM_FLOAT                   0000835F-R  PMS$GL_CWPS_PCNTRL_OUT          80004F38    SYS$CREMBX                      7FFEDEB8   
CVT_LNM_INTEGER                 000083C9-R  PMS$GL_CWPS_WAITING             80004F40    SYS$FAO                         7FFEDF50   
CVT_LNM_STRING                  00008433-R  PMS$GL_CWPS_WAITS               80004F3C    SYS$GETDVIW                     7FFEE418   
CWPS_MONITOR                    00005249-R  PMS$GL_DEQ_IN                   800041C3    SYS$GETJPI                      7FFEE0D8   
DAY_LIST                        000088E4-R  PMS$GL_DEQ_LOC                  800041BF    SYS$GETSYIW                     7FFEE430   
DEVICE_COUNT                    00003FA4-R  PMS$GL_DEQ_OUT                  800041C7    SYS$HIBER                       7FFEDF88   
DEVICE_DISPLAY                  0000404E-R  PMS$GL_DIRIO                    80004167    SYS$IMGSTA                      7FFEDF68   
DEVICE_LOGICALS                 00004148-R  PMS$GL_DIR_IN                   800041DF    SYS$K_VERSION                   01000000   
DIGITAL_CLOCK                   0000847F-R  PMS$GL_DIR_OUT                  800041E3    SYS$K_VERSION_00                00000000   
DRAW_HAND                       000032E4-R  PMS$GL_DLCKFND                  800041F3    SYS$K_VERSION_01                00010000   
EXE$GL_ABSTIM_TICS              800046F8    PMS$GL_DLCKMSGS_IN              800041E7    SYS$K_VERSION_02                00010000   
EXE$GL_SYSUCB                   80004368    PMS$GL_DLCKMSGS_OUT             800041EB    SYS$K_VERSION_03                00010000   
IOC$SCAN_IODB                   80002A30    PMS$GL_DLCKSRCH                 800041EF    SYS$K_VERSION_04                00010000   
KERNEL_HANDLER                  00008298-R  PMS$GL_ENQCVT_IN                800041B7    SYS$K_VERSION_05                00010000   
KERNEL_HANDLER_NOLOCK           000082D0-R  PMS$GL_ENQCVT_LOC               800041B3    SYS$K_VERSION_06                00010000   
KERNEL_SYSFLTS                  00004351-R  PMS$GL_ENQCVT_OUT               800041BB    SYS$K_VERSION_07                00010000   
LCK                             000002D0-R  PMS$GL_ENQNEW_IN                800041AB    SYS$K_VERSION_08                00010000   
LCL                             00000350-R  PMS$GL_ENQNEW_LOC               800041A7    SYS$K_VERSION_09                00010000   
LIB$DAY                         0000924C-RX PMS$GL_ENQNEW_OUT               800041AF    SYS$K_VERSION_10                00010000   
LIB$PUT_OUTPUT                  00009250-RX PMS$GL_ENQNOTQD                 800041CF    SYS$K_VERSION_11                00010000   
LIB$SIGNAL                      00009258-RX PMS$GL_ENQWAIT                  800041CB    SYS$K_VERSION_12                00010000   
LIB$SIG_TO_RET                  0000925C-RX PMS$GL_FAULTS                   80004078    SYS$K_VERSION_13                00010000   
LIB$STOP                        00009254-RX PMS$GL_PREADIO                  80004080    SYS$K_VERSION_14                00010000   
LOCK_MONITOR                    00005A73-R  PMS$GL_PWRITIO                  80004088    SYS$K_VERSION_15                00010000   
MESSAGE_AST                     0000864B-R  REMOTE_IO_COUNT                 000065F7-R  SYS$K_VERSION_16                00010000   
MMG$GL_SYSPHD                   8000844C    REMOTE_PE_COUNT                 00006671-R  SYS$NUMTIM                      7FFEDFB8   
MON                             00000200-R  SCH$GL_FREECNT                  80004018    SYS$PURGWS                      7FFEDFB0   
MONITOR_FONT                    000010EC-R  SCH$GL_MFYCNT                   8000401C    SYS$QIOW                        7FFEDE00   
MONITOR_FONT_BUFF               000010F8-R  SCH$IOLOCKR                     80003068    SYS$SETIMR                      7FFEE020   
MONITOR_FONT_DESC               000010F0-R  SCH$IOUNLOCK                    80003078    SYS$SETPRI                      7FFEE028   

CW:[VWSBANNER.V50CWPS]VWSBANNER.EXE;35                          26-AUG-1988 10:49        VAX-11 Linker V05-05             Page    6


Symbol                          Value       Symbol                          Value       Symbol                          Value       
------                          -----       ------                          -----       ------                          -----       
SYS$SETPRN                      7FFEE010    UIS$GET_CHAR_SLANT              000094D0-RX UIS$MOVE_WINDOW                 0000927C-RX
SYS$TRNLNM                      7FFEE490    UIS$GET_CHAR_SPACING            000093F8-RX UIS$NEW_TEXT_LINE               0000928C-RX
UCB_INIT                        00006318-R  UIS$GET_CLIP                    00009424-RX UIS$PLOT                        00009284-RX
UIS$BEGIN_SEGMENT               000092B0-RX UIS$GET_COLOR                   0000945C-RX UIS$PLOT_ARRAY                  0000930C-RX
UIS$CIRCLE                      00009338-RX UIS$GET_COLORS                  00009520-RX UIS$POP_VIEWPORT                00009318-RX
UIS$CLOSE_WINDOW                000093C8-RX UIS$GET_CURRENT_OBJECT          000094C8-RX UIS$PRESENT                     00009490-RX
UIS$COPY_OBJECT                 000094B4-RX UIS$GET_DISPLAY_SIZE            00009310-RX UIS$PRIVATE                     000092EC-RX
UIS$CREATE_COLOR_MAP            000094B8-RX UIS$GET_FILL_PATTERN            0000941C-RX UIS$PUSH_VIEWPORT               0000932C-RX
UIS$CREATE_COLOR_MAP_SEG        000094C0-RX UIS$GET_FONT                    00009418-RX UIS$READ_CHAR                   00009440-RX
UIS$CREATE_DISPLAY              00009274-RX UIS$GET_FONT_ATTRIBUTES         00009300-RX UIS$RESIZE_WINDOW               00009438-RX
UIS$CREATE_KB                   000093D8-RX UIS$GET_FONT_SIZE               000092E0-RX UIS$RESTORE_CMS_COLORS          000094F0-RX
UIS$CREATE_TB                   00009570-RX UIS$GET_HW_COLOR_INFO           000094F4-RX UIS$RGB_TO_HLS                  00009534-RX
UIS$CREATE_TERMINAL             0000934C-RX UIS$GET_IMAGING_PARAMETERS      00009594-RX UIS$RGB_TO_HSV                  00009538-RX
UIS$CREATE_TRANSFORMATION       0000931C-RX UIS$GET_INTENSITIES             00009528-RX UIS$SETUP                       0000959C-RX
UIS$CREATE_WINDOW               00009278-RX UIS$GET_INTENSITY               00009464-RX UIS$SET_ADDOPT_AST              0000954C-RX
UIS$DELETE_COLOR_MAP            000094BC-RX UIS$GET_KB_ATTRIBUTES           00009444-RX UIS$SET_ALIGNED_POSITION        00009294-RX
UIS$DELETE_COLOR_MAP_SEG        000094C4-RX UIS$GET_LEFT_MARGIN             00009408-RX UIS$SET_ARC_TYPE                0000933C-RX
UIS$DELETE_DISPLAY              000092BC-RX UIS$GET_LINE_STYLE              00009414-RX UIS$SET_BACKGROUND_INDEX        000092AC-RX
UIS$DELETE_KB                   000093DC-RX UIS$GET_LINE_WIDTH              00009410-RX UIS$SET_BUTTON_AST              000092F4-RX
UIS$DELETE_OBJECT               000093A0-RX UIS$GET_NEXT_OBJECT             00009580-RX UIS$SET_CHAR_ROTATION           000092FC-RX
UIS$DELETE_PRIVATE              000094B0-RX UIS$GET_OBJECT_ATTRIBUTES       000094A8-RX UIS$SET_CHAR_SIZE               000094D8-RX
UIS$DELETE_TB                   0000957C-RX UIS$GET_PARENT_SEGMENT          00009430-RX UIS$SET_CHAR_SLANT              000094DC-RX
UIS$DELETE_TRANSFORMATION       00009320-RX UIS$GET_POINTER_POSITION        000092E8-RX UIS$SET_CHAR_SPACING            000092A0-RX
UIS$DELETE_WINDOW               000092C0-RX UIS$GET_POSITION                00009298-RX UIS$SET_CLIP                    00009350-RX
UIS$DISABLE_DISPLAY_LIST        000092B8-RX UIS$GET_PREVIOUS_OBJECT         00009584-RX UIS$SET_CLOSE_AST               000093C4-RX
UIS$DISABLE_KB                  000093E4-RX UIS$GET_ROOT_SEGMENT            00009480-RX UIS$SET_COLOR                   00009458-RX
UIS$DISABLE_TB                  00009578-RX UIS$GET_TB_INFO                 00009510-RX UIS$SET_COLORS                  0000951C-RX
UIS$DISABLE_VIEWPORT_KB         000093EC-RX UIS$GET_TB_POSITION             00009518-RX UIS$SET_EXPAND_ICON_AST         0000949C-RX
UIS$ELLIPSE                     00009334-RX UIS$GET_TEXT_FORMATTING         00009404-RX UIS$SET_FILL_PATTERN            00009308-RX
UIS$ENABLE_DISPLAY_LIST         00009324-RX UIS$GET_TEXT_MARGINS            000094D4-RX UIS$SET_FONT                    0000929C-RX
UIS$ENABLE_KB                   000093E0-RX UIS$GET_TEXT_PATH               000093FC-RX UIS$SET_GAIN_KB_AST             000093B0-RX
UIS$ENABLE_TB                   00009574-RX UIS$GET_TEXT_SLOPE              00009400-RX UIS$SET_IMAGING_PARAMETERS      00009598-RX
UIS$ENABLE_VIEWPORT_KB          000093E8-RX UIS$GET_VCM_ID                  000094F8-RX UIS$SET_INSERTION_POSITION      00009588-RX
UIS$END_SEGMENT                 000092B4-RX UIS$GET_VIEWPORT_ICON           000094EC-RX UIS$SET_INTENSITIES             00009524-RX
UIS$ERASE                       000092C4-RX UIS$GET_VIEWPORT_POSITION       00009314-RX UIS$SET_INTENSITY               00009460-RX
UIS$EXECUTE                     000092F0-RX UIS$GET_VIEWPORT_SIZE           000092E4-RX UIS$SET_KB_AST                  000092D8-RX
UIS$EXECUTE_DISPLAY             00009550-RX UIS$GET_VISIBILITY              00009448-RX UIS$SET_KB_ATTRIBUTES           00009348-RX
UIS$EXPAND_ICON                 000094A4-RX UIS$GET_WINDOW_ATTRIBUTES       0000948C-RX UIS$SET_KB_COMPOSE2             00009470-RX
UIS$EXTRACT_HEADER              00009558-RX UIS$GET_WINDOW_SIZE             0000958C-RX UIS$SET_KB_COMPOSE3             00009474-RX
UIS$EXTRACT_OBJECT              00009488-RX UIS$GET_WRITING_INDEX           00009450-RX UIS$SET_KB_KEYTABLE             00009478-RX
UIS$EXTRACT_PRIVATE             00009484-RX UIS$GET_WRITING_MODE            000093F4-RX UIS$SET_LEFT_MARGIN             000092D4-RX
UIS$EXTRACT_REGION              000094AC-RX UIS$GET_WS_COLOR                00009468-RX UIS$SET_LINE_STYLE              00009328-RX
UIS$EXTRACT_TRAILER             0000955C-RX UIS$GET_WS_INTENSITY            0000946C-RX UIS$SET_LINE_WIDTH              000092CC-RX
UIS$FIND_PRIMITIVE              000093A8-RX UIS$HLS_TO_RGB                  0000952C-RX UIS$SET_LOSE_KB_AST             000093C0-RX
UIS$FIND_SEGMENT                000093A4-RX UIS$HSV_TO_RGB                  00009530-RX UIS$SET_MOVE_INFO_AST           000093AC-RX
UIS$GET_ABS_POINTER_POS         00009330-RX UIS$IMAGE                       000092D0-RX UIS$SET_POINTER_AST             000093BC-RX
UIS$GET_ALIGNED_POSITION        00009304-RX UIS$INSERT_OBJECT               00009554-RX UIS$SET_POINTER_PATTERN         000093B4-RX
UIS$GET_ARC_TYPE                00009420-RX UIS$LINE                        00009560-RX UIS$SET_POINTER_POSITION        000093D0-RX
UIS$GET_BACKGROUND_INDEX        00009454-RX UIS$LINE_ARRAY                  00009564-RX UIS$SET_POSITION                00009290-RX
UIS$GET_BUTTONS                 000093CC-RX UIS$MEASURE_TEXT                000092DC-RX UIS$SET_RESIZE_AST              00009434-RX
UIS$GET_CHAR_ROTATION           000092F8-RX UIS$MOVE_AREA                   00009280-RX UIS$SET_SHRINK_TO_ICON_AST      00009498-RX
UIS$GET_CHAR_SIZE               000094CC-RX UIS$MOVE_VIEWPORT               0000944C-RX UIS$SET_TB_AST                  00009514-RX

CW:[VWSBANNER.V50CWPS]VWSBANNER.EXE;35                          26-AUG-1988 10:49        VAX-11 Linker V05-05             Page    7


Symbol                          Value       Symbol                          Value       Symbol                          Value       
------                          -----       ------                          -----       ------                          -----       
UIS$SET_TEXT_FORMATTING         0000943C-RX X0                              00000FA0-R  
UIS$SET_TEXT_MARGINS            000094E0-RX XR                              00001000-R  
UIS$SET_TEXT_PATH               000094E4-RX XX                              000010A0-R  
UIS$SET_TEXT_SLOPE              000094E8-RX Y                               00001080-R  
UIS$SET_VP_TITLE                000092C8-RX Y0                              00000FC0-R  
UIS$SET_WRITING_INDEX           000092A8-RX YR                              00001020-R  
UIS$SET_WRITING_MODE            000092A4-RX YY                              000010C0-R  
UIS$SHRINK_TO_ICON              000094A0-RX Z0                              00000FE0-R  
UIS$SOUND_BELL                  00009340-RX ZMIN                            00000F9C-R  
UIS$SOUND_CLICK                 00009344-RX ZR                              00001040-R  
UIS$TEST_KB                     000093F0-RX 
UIS$TEXT                        00009288-RX 
UIS$TRANSFORM_OBJECT            0000942C-RX 
UIS$WRITE_IMAGE                 00009590-RX 
UISDC$ALLOCATE_DOP              000094FC-RX 
UISDC$CIRCLE                    00009370-RX 
UISDC$ELLIPSE                   0000936C-RX 
UISDC$ERASE                     00009384-RX 
UISDC$EXECUTE_DOP_ASYNCH        00009504-RX 
UISDC$EXECUTE_DOP_SYNCH         00009508-RX 
UISDC$GET_ALIGNED_POSITION      00009380-RX 
UISDC$GET_CHAR_SIZE             00009548-RX 
UISDC$GET_CLIP                  00009428-RX 
UISDC$GET_LEFT_MARGIN           0000940C-RX 
UISDC$GET_POINTER_POSITION      00009390-RX 
UISDC$GET_POSITION              0000937C-RX 
UISDC$GET_TEXT_MARGINS          00009540-RX 
UISDC$GET_VISIBILITY            00009494-RX 
UISDC$IMAGE                     00009368-RX 
UISDC$LINE                      00009568-RX 
UISDC$LINE_ARRAY                0000956C-RX 
UISDC$LOAD_BITMAP               0000950C-RX 
UISDC$MEASURE_TEXT              0000939C-RX 
UISDC$MOVE_AREA                 00009354-RX 
UISDC$NEW_TEXT_LINE             00009364-RX 
UISDC$PLOT                      00009358-RX 
UISDC$PLOT_ARRAY                0000935C-RX 
UISDC$QUEUE_DOP                 00009500-RX 
UISDC$READ_IMAGE                0000947C-RX 
UISDC$SET_ALIGNED_POSITION      00009378-RX 
UISDC$SET_BUTTON_AST            00009394-RX 
UISDC$SET_CHAR_SIZE             00009544-RX 
UISDC$SET_CLIP                  0000938C-RX 
UISDC$SET_LEFT_MARGIN           00009388-RX 
UISDC$SET_POINTER_AST           00009398-RX 
UISDC$SET_POINTER_PATTERN       000093B8-RX 
UISDC$SET_POINTER_POSITION      000093D4-RX 
UISDC$SET_POSITION              00009374-RX 
UISDC$SET_TEXT_MARGINS          0000953C-RX 
UISDC$TEXT                      00009360-RX 
WRITE_DATE                      00008544-R  
X                               00001060-R  

CW:[VWSBANNER.V50CWPS]VWSBANNER.EXE;35                          26-AUG-1988 10:49        VAX-11 Linker V05-05             Page    8

                                                +------------------+
                                                ! Symbols By Value !
                                                +------------------+

Value                                   Symbols...
-----                                   ----------
00000000       SYS$K_VERSION_00          
00000200     R-MON                       
00000250     R-PEM                       
000002D0     R-LCK                       
00000350     R-LCL                       
00000404     R-CLK                       
00000438     R-NEW_PES                   
00000F98     R-CUB_TR_ID                 
00000F9C     R-ZMIN                      
00000FA0     R-X0                        
00000FC0     R-Y0                        
00000FE0     R-Z0                        
00001000     R-XR                        
00001020     R-YR                        
00001040     R-ZR                        
00001060     R-X                         
00001080     R-Y                         
000010A0     R-XX                        
000010C0     R-YY                        
000010E0     R-CUBE_TIMER                
000010E8     R-NORMAL_FONT               
000010EC     R-MONITOR_FONT              
000010F0     R-MONITOR_FONT_DESC         
000010F8     R-MONITOR_FONT_BUFF         
00003000     R-CLOCK_AST                 
000032E4     R-DRAW_HAND                 
00003358     R-BANNERCPU_MONITOR         
000038B9     R-BANNERCPU_MODES           
00003C9C     R-BANNERCPU_MODE_DATA       
00003D19     R-BANNERCPU_NULLCPU         
00003D50     R-CUBE_AST                  
00003D6A     R-CUBE_ROTATE               
00003FA4     R-DEVICE_COUNT              
0000404E     R-DEVICE_DISPLAY            
00004148     R-DEVICE_LOGICALS           
00004351     R-KERNEL_SYSFLTS            
00004360     R-PAGE_IO_MONITOR           
000049A1     R-PE_MONITOR                
00005249     R-CWPS_MONITOR              
00005A73     R-LOCK_MONITOR              
00006318     R-UCB_INIT                  
000063AB     R-CHECK_BUSY                
000063EC     R-ADD_OPCNT                 
0000645D     R-ADD_PESTATS               
000065F7     R-REMOTE_IO_COUNT           
00006671     R-REMOTE_PE_COUNT           
00006884     R-BANNER                    
00006942     R-BANNERSETUP               
00007540     R-BANNERCLOCK               

CW:[VWSBANNER.V50CWPS]VWSBANNER.EXE;35                          26-AUG-1988 10:49        VAX-11 Linker V05-05             Page    9


Value                                   Symbols...
-----                                   ----------
00007720     R-CUBE_SETUP                
000077A8     R-MONITOR_INIT              
00008298     R-KERNEL_HANDLER            
000082D0     R-KERNEL_HANDLER_NOLOCK     
000082F8     R-CVT_LNM_BOOLEAN           
0000835F     R-CVT_LNM_FLOAT             
000083C9     R-CVT_LNM_INTEGER           
00008433     R-CVT_LNM_STRING            
0000847F     R-DIGITAL_CLOCK             
00008544     R-WRITE_DATE                
0000864B     R-MESSAGE_AST               
000088E4     R-DAY_LIST                  
0000894C     R-SD_MBX_NAME               
00008960     R-SD_BANNER_LNMTABLE        
00008978     R-SD_SYS$WORKSTATION        
0000899C     R-SD_MESSAGE_FONT           
000089C0     R-SD_TITLE_FONT             
000089D4     R-SD_SUNDAY                 
000089E8     R-SD_MONDAY                 
000089FC     R-SD_TUESDAY                
00008A10     R-SD_WEDNESDAY              
00008A24     R-SD_THURSDAY               
00008A38     R-SD_FRIDAY                 
00008A4C     R-SD_SATURDAY               
00009248    RX-OTS$CVT_T_F               
0000924C    RX-LIB$DAY                   
00009250    RX-LIB$PUT_OUTPUT            
00009254    RX-LIB$STOP                  
00009258    RX-LIB$SIGNAL                
0000925C    RX-LIB$SIG_TO_RET            
00009268    RX-MTH$SINCOS                
00009274    RX-UIS$CREATE_DISPLAY        
00009278    RX-UIS$CREATE_WINDOW         
0000927C    RX-UIS$MOVE_WINDOW           
00009280    RX-UIS$MOVE_AREA             
00009284    RX-UIS$PLOT                  
00009288    RX-UIS$TEXT                  
0000928C    RX-UIS$NEW_TEXT_LINE         
00009290    RX-UIS$SET_POSITION          
00009294    RX-UIS$SET_ALIGNED_POSITION  
00009298    RX-UIS$GET_POSITION          
0000929C    RX-UIS$SET_FONT              
000092A0    RX-UIS$SET_CHAR_SPACING      
000092A4    RX-UIS$SET_WRITING_MODE      
000092A8    RX-UIS$SET_WRITING_INDEX     
000092AC    RX-UIS$SET_BACKGROUND_INDEX  
000092B0    RX-UIS$BEGIN_SEGMENT         
000092B4    RX-UIS$END_SEGMENT           
000092B8    RX-UIS$DISABLE_DISPLAY_LIST  
000092BC    RX-UIS$DELETE_DISPLAY        
000092C0    RX-UIS$DELETE_WINDOW         
000092C4    RX-UIS$ERASE                 

CW:[VWSBANNER.V50CWPS]VWSBANNER.EXE;35                          26-AUG-1988 10:49        VAX-11 Linker V05-05             Page   10


Value                                   Symbols...
-----                                   ----------
000092C8    RX-UIS$SET_VP_TITLE          
000092CC    RX-UIS$SET_LINE_WIDTH        
000092D0    RX-UIS$IMAGE                 
000092D4    RX-UIS$SET_LEFT_MARGIN       
000092D8    RX-UIS$SET_KB_AST            
000092DC    RX-UIS$MEASURE_TEXT          
000092E0    RX-UIS$GET_FONT_SIZE         
000092E4    RX-UIS$GET_VIEWPORT_SIZE     
000092E8    RX-UIS$GET_POINTER_POSITION  
000092EC    RX-UIS$PRIVATE               
000092F0    RX-UIS$EXECUTE               
000092F4    RX-UIS$SET_BUTTON_AST        
000092F8    RX-UIS$GET_CHAR_ROTATION     
000092FC    RX-UIS$SET_CHAR_ROTATION     
00009300    RX-UIS$GET_FONT_ATTRIBUTES   
00009304    RX-UIS$GET_ALIGNED_POSITION  
00009308    RX-UIS$SET_FILL_PATTERN      
0000930C    RX-UIS$PLOT_ARRAY            
00009310    RX-UIS$GET_DISPLAY_SIZE      
00009314    RX-UIS$GET_VIEWPORT_POSITION 
00009318    RX-UIS$POP_VIEWPORT          
0000931C    RX-UIS$CREATE_TRANSFORMATION 
00009320    RX-UIS$DELETE_TRANSFORMATION 
00009324    RX-UIS$ENABLE_DISPLAY_LIST   
00009328    RX-UIS$SET_LINE_STYLE        
0000932C    RX-UIS$PUSH_VIEWPORT         
00009330    RX-UIS$GET_ABS_POINTER_POS   
00009334    RX-UIS$ELLIPSE               
00009338    RX-UIS$CIRCLE                
0000933C    RX-UIS$SET_ARC_TYPE          
00009340    RX-UIS$SOUND_BELL            
00009344    RX-UIS$SOUND_CLICK           
00009348    RX-UIS$SET_KB_ATTRIBUTES     
0000934C    RX-UIS$CREATE_TERMINAL       
00009350    RX-UIS$SET_CLIP              
00009354    RX-UISDC$MOVE_AREA           
00009358    RX-UISDC$PLOT                
0000935C    RX-UISDC$PLOT_ARRAY          
00009360    RX-UISDC$TEXT                
00009364    RX-UISDC$NEW_TEXT_LINE       
00009368    RX-UISDC$IMAGE               
0000936C    RX-UISDC$ELLIPSE             
00009370    RX-UISDC$CIRCLE              
00009374    RX-UISDC$SET_POSITION        
00009378    RX-UISDC$SET_ALIGNED_POSITION
0000937C    RX-UISDC$GET_POSITION        
00009380    RX-UISDC$GET_ALIGNED_POSITION
00009384    RX-UISDC$ERASE               
00009388    RX-UISDC$SET_LEFT_MARGIN     
0000938C    RX-UISDC$SET_CLIP            
00009390    RX-UISDC$GET_POINTER_POSITION
00009394    RX-UISDC$SET_BUTTON_AST      

CW:[VWSBANNER.V50CWPS]VWSBANNER.EXE;35                          26-AUG-1988 10:49        VAX-11 Linker V05-05             Page   11


Value                                   Symbols...
-----                                   ----------
00009398    RX-UISDC$SET_POINTER_AST     
0000939C    RX-UISDC$MEASURE_TEXT        
000093A0    RX-UIS$DELETE_OBJECT         
000093A4    RX-UIS$FIND_SEGMENT          
000093A8    RX-UIS$FIND_PRIMITIVE        
000093AC    RX-UIS$SET_MOVE_INFO_AST     
000093B0    RX-UIS$SET_GAIN_KB_AST       
000093B4    RX-UIS$SET_POINTER_PATTERN   
000093B8    RX-UISDC$SET_POINTER_PATTERN 
000093BC    RX-UIS$SET_POINTER_AST       
000093C0    RX-UIS$SET_LOSE_KB_AST       
000093C4    RX-UIS$SET_CLOSE_AST         
000093C8    RX-UIS$CLOSE_WINDOW          
000093CC    RX-UIS$GET_BUTTONS           
000093D0    RX-UIS$SET_POINTER_POSITION  
000093D4    RX-UISDC$SET_POINTER_POSITION
000093D8    RX-UIS$CREATE_KB             
000093DC    RX-UIS$DELETE_KB             
000093E0    RX-UIS$ENABLE_KB             
000093E4    RX-UIS$DISABLE_KB            
000093E8    RX-UIS$ENABLE_VIEWPORT_KB    
000093EC    RX-UIS$DISABLE_VIEWPORT_KB   
000093F0    RX-UIS$TEST_KB               
000093F4    RX-UIS$GET_WRITING_MODE      
000093F8    RX-UIS$GET_CHAR_SPACING      
000093FC    RX-UIS$GET_TEXT_PATH         
00009400    RX-UIS$GET_TEXT_SLOPE        
00009404    RX-UIS$GET_TEXT_FORMATTING   
00009408    RX-UIS$GET_LEFT_MARGIN       
0000940C    RX-UISDC$GET_LEFT_MARGIN     
00009410    RX-UIS$GET_LINE_WIDTH        
00009414    RX-UIS$GET_LINE_STYLE        
00009418    RX-UIS$GET_FONT              
0000941C    RX-UIS$GET_FILL_PATTERN      
00009420    RX-UIS$GET_ARC_TYPE          
00009424    RX-UIS$GET_CLIP              
00009428    RX-UISDC$GET_CLIP            
0000942C    RX-UIS$TRANSFORM_OBJECT      
00009430    RX-UIS$GET_PARENT_SEGMENT    
00009434    RX-UIS$SET_RESIZE_AST        
00009438    RX-UIS$RESIZE_WINDOW         
0000943C    RX-UIS$SET_TEXT_FORMATTING   
00009440    RX-UIS$READ_CHAR             
00009444    RX-UIS$GET_KB_ATTRIBUTES     
00009448    RX-UIS$GET_VISIBILITY        
0000944C    RX-UIS$MOVE_VIEWPORT         
00009450    RX-UIS$GET_WRITING_INDEX     
00009454    RX-UIS$GET_BACKGROUND_INDEX  
00009458    RX-UIS$SET_COLOR             
0000945C    RX-UIS$GET_COLOR             
00009460    RX-UIS$SET_INTENSITY         
00009464    RX-UIS$GET_INTENSITY         

CW:[VWSBANNER.V50CWPS]VWSBANNER.EXE;35                          26-AUG-1988 10:49        VAX-11 Linker V05-05             Page   12


Value                                   Symbols...
-----                                   ----------
00009468    RX-UIS$GET_WS_COLOR          
0000946C    RX-UIS$GET_WS_INTENSITY      
00009470    RX-UIS$SET_KB_COMPOSE2       
00009474    RX-UIS$SET_KB_COMPOSE3       
00009478    RX-UIS$SET_KB_KEYTABLE       
0000947C    RX-UISDC$READ_IMAGE          
00009480    RX-UIS$GET_ROOT_SEGMENT      
00009484    RX-UIS$EXTRACT_PRIVATE       
00009488    RX-UIS$EXTRACT_OBJECT        
0000948C    RX-UIS$GET_WINDOW_ATTRIBUTES 
00009490    RX-UIS$PRESENT               
00009494    RX-UISDC$GET_VISIBILITY      
00009498    RX-UIS$SET_SHRINK_TO_ICON_AST
0000949C    RX-UIS$SET_EXPAND_ICON_AST   
000094A0    RX-UIS$SHRINK_TO_ICON        
000094A4    RX-UIS$EXPAND_ICON           
000094A8    RX-UIS$GET_OBJECT_ATTRIBUTES 
000094AC    RX-UIS$EXTRACT_REGION        
000094B0    RX-UIS$DELETE_PRIVATE        
000094B4    RX-UIS$COPY_OBJECT           
000094B8    RX-UIS$CREATE_COLOR_MAP      
000094BC    RX-UIS$DELETE_COLOR_MAP      
000094C0    RX-UIS$CREATE_COLOR_MAP_SEG  
000094C4    RX-UIS$DELETE_COLOR_MAP_SEG  
000094C8    RX-UIS$GET_CURRENT_OBJECT    
000094CC    RX-UIS$GET_CHAR_SIZE         
000094D0    RX-UIS$GET_CHAR_SLANT        
000094D4    RX-UIS$GET_TEXT_MARGINS      
000094D8    RX-UIS$SET_CHAR_SIZE         
000094DC    RX-UIS$SET_CHAR_SLANT        
000094E0    RX-UIS$SET_TEXT_MARGINS      
000094E4    RX-UIS$SET_TEXT_PATH         
000094E8    RX-UIS$SET_TEXT_SLOPE        
000094EC    RX-UIS$GET_VIEWPORT_ICON     
000094F0    RX-UIS$RESTORE_CMS_COLORS    
000094F4    RX-UIS$GET_HW_COLOR_INFO     
000094F8    RX-UIS$GET_VCM_ID            
000094FC    RX-UISDC$ALLOCATE_DOP        
00009500    RX-UISDC$QUEUE_DOP           
00009504    RX-UISDC$EXECUTE_DOP_ASYNCH  
00009508    RX-UISDC$EXECUTE_DOP_SYNCH   
0000950C    RX-UISDC$LOAD_BITMAP         
00009510    RX-UIS$GET_TB_INFO           
00009514    RX-UIS$SET_TB_AST            
00009518    RX-UIS$GET_TB_POSITION       
0000951C    RX-UIS$SET_COLORS            
00009520    RX-UIS$GET_COLORS            
00009524    RX-UIS$SET_INTENSITIES       
00009528    RX-UIS$GET_INTENSITIES       
0000952C    RX-UIS$HLS_TO_RGB            
00009530    RX-UIS$HSV_TO_RGB            
00009534    RX-UIS$RGB_TO_HLS            

CW:[VWSBANNER.V50CWPS]VWSBANNER.EXE;35                          26-AUG-1988 10:49        VAX-11 Linker V05-05             Page   13


Value                                   Symbols...
-----                                   ----------
00009538    RX-UIS$RGB_TO_HSV            
0000953C    RX-UISDC$SET_TEXT_MARGINS    
00009540    RX-UISDC$GET_TEXT_MARGINS    
00009544    RX-UISDC$SET_CHAR_SIZE       
00009548    RX-UISDC$GET_CHAR_SIZE       
0000954C    RX-UIS$SET_ADDOPT_AST        
00009550    RX-UIS$EXECUTE_DISPLAY       
00009554    RX-UIS$INSERT_OBJECT         
00009558    RX-UIS$EXTRACT_HEADER        
0000955C    RX-UIS$EXTRACT_TRAILER       
00009560    RX-UIS$LINE                  
00009564    RX-UIS$LINE_ARRAY            
00009568    RX-UISDC$LINE                
0000956C    RX-UISDC$LINE_ARRAY          
00009570    RX-UIS$CREATE_TB             
00009574    RX-UIS$ENABLE_TB             
00009578    RX-UIS$DISABLE_TB            
0000957C    RX-UIS$DELETE_TB             
00009580    RX-UIS$GET_NEXT_OBJECT       
00009584    RX-UIS$GET_PREVIOUS_OBJECT   
00009588    RX-UIS$SET_INSERTION_POSITION
0000958C    RX-UIS$GET_WINDOW_SIZE       
00009590    RX-UIS$WRITE_IMAGE           
00009594    RX-UIS$GET_IMAGING_PARAMETERS
00009598    RX-UIS$SET_IMAGING_PARAMETERS
0000959C    RX-UIS$SETUP                 
00010000       SYS$K_VERSION_01              SYS$K_VERSION_02              SYS$K_VERSION_03              SYS$K_VERSION_04          
               SYS$K_VERSION_05              SYS$K_VERSION_06              SYS$K_VERSION_07              SYS$K_VERSION_08          
               SYS$K_VERSION_09              SYS$K_VERSION_10              SYS$K_VERSION_11              SYS$K_VERSION_12          
               SYS$K_VERSION_13              SYS$K_VERSION_14              SYS$K_VERSION_15              SYS$K_VERSION_16          
01000000       SYS$K_VERSION             
7FFEDE00       SYS$QIOW                  
7FFEDE48       SYS$ASCTIM                
7FFEDE58       SYS$BINTIM                
7FFEDE90       SYS$CMKRNL                
7FFEDEB8       SYS$CREMBX                
7FFEDF50       SYS$FAO                   
7FFEDF68       SYS$IMGSTA                
7FFEDF88       SYS$HIBER                 
7FFEDFB0       SYS$PURGWS                
7FFEDFB8       SYS$NUMTIM                
7FFEE010       SYS$SETPRN                
7FFEE020       SYS$SETIMR                
7FFEE028       SYS$SETPRI                
7FFEE0D8       SYS$GETJPI                
7FFEE418       SYS$GETDVIW               
7FFEE430       SYS$GETSYIW               
7FFEE480       SYS$CRELNM                
7FFEE490       SYS$TRNLNM                
7FFEFF58       CTL$GL_PCB                
80002A30       IOC$SCAN_IODB             
80003068       SCH$IOLOCKR               

CW:[VWSBANNER.V50CWPS]VWSBANNER.EXE;35                          26-AUG-1988 10:49        VAX-11 Linker V05-05             Page   14


Value                                   Symbols...
-----                                   ----------
80003078       SCH$IOUNLOCK              
80004018       SCH$GL_FREECNT            
8000401C       SCH$GL_MFYCNT             
80004078       PMS$GL_FAULTS             
80004080       PMS$GL_PREADIO            
80004088       PMS$GL_PWRITIO            
80004167       PMS$GL_DIRIO              
8000416B       PMS$GL_BUFIO              
800041A7       PMS$GL_ENQNEW_LOC         
800041AB       PMS$GL_ENQNEW_IN          
800041AF       PMS$GL_ENQNEW_OUT         
800041B3       PMS$GL_ENQCVT_LOC         
800041B7       PMS$GL_ENQCVT_IN          
800041BB       PMS$GL_ENQCVT_OUT         
800041BF       PMS$GL_DEQ_LOC            
800041C3       PMS$GL_DEQ_IN             
800041C7       PMS$GL_DEQ_OUT            
800041CB       PMS$GL_ENQWAIT            
800041CF       PMS$GL_ENQNOTQD           
800041D3       PMS$GL_BLK_LOC            
800041D7       PMS$GL_BLK_IN             
800041DB       PMS$GL_BLK_OUT            
800041DF       PMS$GL_DIR_IN             
800041E3       PMS$GL_DIR_OUT            
800041E7       PMS$GL_DLCKMSGS_IN        
800041EB       PMS$GL_DLCKMSGS_OUT       
800041EF       PMS$GL_DLCKSRCH           
800041F3       PMS$GL_DLCKFND            
80004368       EXE$GL_SYSUCB             
800045A8       SMP$GL_ACTIVE_CPUS        
800045DC       SMP$GL_CPU_DATA           
800046F8       EXE$GL_ABSTIM_TICS        
80004D30       SCS$AR_LOCALSB            
80004F1C       PMS$GL_CWPS_MSGS_IN       
80004F20       PMS$GL_CWPS_MSGS_OUT      
80004F24       PMS$GL_CWPS_BYTES_IN      
80004F28       PMS$GL_CWPS_BYTES_OUT     
80004F2C       PMS$GL_CWPS_GETJPI_IN     
80004F30       PMS$GL_CWPS_GETJPI_OUT    
80004F34       PMS$GL_CWPS_PCNTRL_IN     
80004F38       PMS$GL_CWPS_PCNTRL_OUT    
80004F3C       PMS$GL_CWPS_WAITS         
80004F40       PMS$GL_CWPS_WAITING       
8000844C       MMG$GL_SYSPHD             

CW:[VWSBANNER.V50CWPS]VWSBANNER.EXE;35                          26-AUG-1988 10:49        VAX-11 Linker V05-05             Page   15


Value                                   Symbols...
-----                                   ----------




	  Key for special characters above:
		+------------------+
		! *  - Undefined   !
		! U  - Universal   !
		! R  - Relocatable !
		! X  - External    !
		! WK - Weak        !
		! M  - Mask value  !
		+------------------+

CW:[VWSBANNER.V50CWPS]VWSBANNER.EXE;35                          26-AUG-1988 10:49        VAX-11 Linker V05-05             Page   16

                                                 +----------------+
                                                 ! Image Synopsis !
                                                 +----------------+

Virtual memory allocated:                         00000200 000097FF 00009600 (38400. bytes, 75. pages)
Stack size:                                             20. pages
Image header virtual block limits:                       1.        1. (    1. block)
Image binary virtual block limits:                       2.       56. (   55. blocks)
Image name and identification:                    VWSBANNER V01-001
System component mask:                             00009856
	SYS$K_VERSION_MEMORY_MANAGEMENT                  1,0
	SYS$K_VERSION_IO                                 1,0
	SYS$K_VERSION_PROCESS_SCHED                      1,0
	SYS$K_VERSION_CLUSTERS_LOCKMGR                   1,0
	SYS$K_VERSION_COUNTERS                           1,0
	SYS$K_VERSION_STABLE                             1,0
	SYS$K_VERSION_VOLATILE                           1,0
Number of files:                                        16.
Number of modules:                                      12.
Number of program sections:                             20.
Number of global symbols:                              992.
Number of image sections:                               12.
User transfer address:                            00006884
Debugger transfer address:                        7FFEDF68
Number of code references to shareable images:         210.
Image type:                                       EXECUTABLE.
Map format:                                       FULL in file CW:[VWSBANNER.V50CWPS]VWSBANNER.MAP;30
Estimated map length:                             174. blocks
                                              +---------------------+
                                              ! Link Run Statistics !
                                              +---------------------+

Performance Indicators                            Page Faults	CPU Time	Elapsed Time
----------------------                            -----------	--------	------------
    Command processing:                                   122	00:00:00.20	00:00:00.47
    Pass 1:                                               256	00:00:01.51	00:00:08.18
    Allocation/Relocation:                                 39	00:00:00.05	00:00:01.13
    Pass 2:                                               250	00:00:00.71	00:00:09.40
    Map data after object module synopsis:                 18	00:00:00.34	00:00:00.70
    Symbol table output:                                    6	00:00:00.10	00:00:02.09
Total run values:                                         691	00:00:02.91	00:00:21.97

Using a working set limited to 2048 pages and 920 pages of data storage (excluding image)

Total number object records read (both passes):   1478
    of which 19 were in libraries and 129 were DEBUG data records containing 6975 bytes
6552 bytes of DEBUG data were written,starting at VBN 57 with 13 blocks allocated

Number of modules extracted explicitly             = 0
    with 1 extracted to resolve undefined symbols

456 library searches were for symbols not in the library searched

A total of 53 global symbol table records was written


CW:[VWSBANNER.V50CWPS]VWSBANNER.EXE;35                          26-AUG-1988 10:49        VAX-11 Linker V05-05             Page   17

LINK/TRACE/SYMBOL=VWSBANNER/EXE=VWSBANNER/MAP=VWSBANNER/FULL SYS$INPUT/OPTIONS
cluster=banner,,1,banner,bannerclock,bannercpu,bannercube,bannermonitor,bannerremote,bannersubs,sys.stb/sel
