
SYSPQL.EXE                                                       7-JUL-1995 10:38        VAX-11 Linker V05-13             Page    1

                                             +------------------------+
                                             ! Object Module Synopsis !
                                             +------------------------+

Module Name     Ident              Bytes      File                                Creation Date      Creator
-----------     -----              -----      -----                               -------------      -------
SYSPQL_INIT     0                      85 [000000.VAX]SYSPQL_INIT.OBJ;1        30-MAY-1995 12:12  VAX MACRO V5.4-3
SYSPQL          V1.0                 4718 UT_ROOT:[000000.VAX]SYSPQL.OBJ;1     30-MAY-1995 12:11  DEC C V4.0-000
SYS             X-32A1                  0 SYS$COMMON:[SYSEXE]SYS.STB;1         22-APR-1995 00:08  VAX-11 Linker V05-13
SYS$P1_VECTOR   X-4                     0 SYS$COMMON:[SYSLIB]STARLET.OLB;11    21-APR-1995 22:22  VAX MACRO V5.4-3

UT_ROOT:[000000.VAX]SYSPQL.EXE;1                                 7-JUL-1995 10:38        VAX-11 Linker V05-13             Page    2

                                             +------------------------+
                                             ! Image Section Synopsis !
                                             +------------------------+

   Cluster      Type Pages   Base Addr  Disk VBN PFC Protection and Paging      Global Sec. Name   Match     Majorid   Minorid
   -------      ---- -----   ---------  -------- --- ---------------------      ----------------   -----     -------   -------

INITIALIZATION_PSECTS          
                   4    10    00000000-R        2   0 READ WRITE   COPY ON REF




	  Key for special characters above:
		+------------------+
		! R  - Relocatable !
		! P  - Protected   !
		+------------------+

UT_ROOT:[000000.VAX]SYSPQL.EXE;1                                 7-JUL-1995 10:38        VAX-11 Linker V05-13             Page    3

                                            +--------------------------+
                                            ! Program Section Synopsis !
                                            +--------------------------+

Psect Name      Module Name       Base     End           Length            Align                 Attributes
----------      -----------       ----     ---           ------            -----                 ----------

$CODE                           00000000 000010F5 000010F6 (       4342.) QUAD 3   PIC,USR,CON,REL,GBL,NOSHR,  EXE,  RD,  WRT,NOVEC
                SYSPQL_INIT     00000000 00000054 00000055 (         85.) QUAD 3
                SYSPQL          00000058 000010F5 0000109E (       4254.) QUAD 3

$DATA                           000010F8 000012C7 000001D0 (        464.) QUAD 3   PIC,USR,CON,REL,GBL,NOSHR,  EXE,  RD,  WRT,NOVEC
                SYSPQL          000010F8 000012C7 000001D0 (        464.) QUAD 3

UT_ROOT:[000000.VAX]SYSPQL.EXE;1                                 7-JUL-1995 10:38        VAX-11 Linker V05-13             Page    4

                                                +-----------------+
                                                ! Symbols By Name !
                                                +-----------------+

Symbol                          Value       Symbol                          Value       Symbol                          Value       
------                          -----       ------                          -----       ------                          -----       
CHECK_NOMOVE                    00000048-R  
CONSPRINTF                      00000030-R  
EXE$GL_RPB                      80008484    
EXE$GL_STATE                    80008490    
EXE$OUTCRLF                     80002550    
EXE$OUTZSTRING                  80002570    
FIL$OPENFILE                    80002768    
FIL$RDWRTLBN                    80002778    
IMAGE_INIT                      00000000-R  
PQL$AR_SYSPQL                   800040CC    
PQL$GL_SYSPQLLEN                800040D0    
SYS$DASSGN                      7FFEDEE0    
SYS$GQ_VERSION                  800044B8    
SYS$K_VERSION                   01000000    
SYS$K_VERSION_00                01000000    
SYS$K_VERSION_01                00020001    
SYS$K_VERSION_02                00010051    
SYS$K_VERSION_03                00020000    
SYS$K_VERSION_04                00010051    
SYS$K_VERSION_05                00010051    
SYS$K_VERSION_06                00010052    
SYS$K_VERSION_07                00010001    
SYS$K_VERSION_08                00020000    
SYS$K_VERSION_09                00010050    
SYS$K_VERSION_10                00010050    
SYS$K_VERSION_11                00010050    
SYS$K_VERSION_12                00010050    
SYS$K_VERSION_13                00010050    
SYS$K_VERSION_14                00010051    
SYS$K_VERSION_15                00010050    
SYS$K_VERSION_16                00010051    
SYS$K_VERSION_17                00010001    
SYS$K_VERSION_18                00010001    
SYSPQL                          0000056C-R  

UT_ROOT:[000000.VAX]SYSPQL.EXE;1                                 7-JUL-1995 10:38        VAX-11 Linker V05-13             Page    5

                                                +------------------+
                                                ! Symbols By Value !
                                                +------------------+

Value                                   Symbols...
-----                                   ----------
00000000     R-IMAGE_INIT      
00000030     R-CONSPRINTF      
00000048     R-CHECK_NOMOVE    
0000056C     R-SYSPQL          
00010001       SYS$K_VERSION_07    SYS$K_VERSION_17    SYS$K_VERSION_18
00010050       SYS$K_VERSION_09    SYS$K_VERSION_10    SYS$K_VERSION_11    SYS$K_VERSION_12    SYS$K_VERSION_13    SYS$K_VERSION_15
00010051       SYS$K_VERSION_02    SYS$K_VERSION_04    SYS$K_VERSION_05    SYS$K_VERSION_14    SYS$K_VERSION_16
00010052       SYS$K_VERSION_06
00020000       SYS$K_VERSION_03    SYS$K_VERSION_08
00020001       SYS$K_VERSION_01
01000000       SYS$K_VERSION       SYS$K_VERSION_00
7FFEDEE0       SYS$DASSGN      
80002550       EXE$OUTCRLF     
80002570       EXE$OUTZSTRING  
80002768       FIL$OPENFILE    
80002778       FIL$RDWRTLBN    
800040CC       PQL$AR_SYSPQL   
800040D0       PQL$GL_SYSPQLLEN
800044B8       SYS$GQ_VERSION  
80008484       EXE$GL_RPB      
80008490       EXE$GL_STATE    



	  Key for special characters above:
		+------------------+
		! *  - Undefined   !
		! U  - Universal   !
		! R  - Relocatable !
		! X  - External    !
		! WK - Weak        !
		! M  - Mask value  !
		+------------------+

UT_ROOT:[000000.VAX]SYSPQL.EXE;1                                 7-JUL-1995 10:38        VAX-11 Linker V05-13             Page    6

                                                 +----------------+
                                                 ! Image Synopsis !
                                                 +----------------+

Virtual memory allocated:                         00000000 000013FF 00001400 (5120. bytes, 10. pages)
Stack size:                                              0. pages
Image header virtual block limits:                       1.        1. (    1. block)
Image binary virtual block limits:                       0.        0. (    0. blocks)
Image name and identification:                    SYSPQL 0
System component mask:                             00001028
	SYS$K_VERSION_FILES_VOLUMES                      2,0
	SYS$K_VERSION_SYSGEN                             1,81
	SYS$K_VERSION_STABLE                             1,80
Number of files:                                         4.
Number of modules:                                       4.
Number of program sections:                              5.
Number of global symbols:                               14.
Number of image sections:                                1.
User transfer address:                            00000000
Image type:                                         PIC, SHAREABLE. Global Section Match=EQUAL, Ident, Major=47, Minor=14568390
Map format:                                       FULL in file UT_ROOT:[000000.VAX]SYSPQL.MAP;2
Estimated map length:                             18. blocks
                                              +---------------------+
                                              ! Link Run Statistics !
                                              +---------------------+

Performance Indicators                            Page Faults	CPU Time	Elapsed Time
----------------------                            -----------	--------	------------
    Command processing:                                   124	00:00:00.22	00:00:00.67
    Pass 1:                                                52	00:00:00.47	00:00:01.55
    Allocation/Relocation:                                 11	00:00:00.09	00:00:00.38
    Pass 2:                                                33	00:00:00.26	00:00:01.19
    Map data after object module synopsis:                  6	00:00:00.14	00:00:00.19
    Symbol table output:                                    0	00:00:00.03	00:00:00.32
Total run values:                                         226	00:00:01.21	00:00:04.30

Using a working set limited to 1200 pages and 75 pages of data storage (excluding image)

Total number object records read (both passes):   334
    of which 24 were in libraries and 4 were DEBUG data records containing 575 bytes

Number of modules extracted explicitly             = 0
    with 1 extracted to resolve undefined symbols

0 library searches were for symbols not in the library searched

A total of 4 global symbol table records was written

LINK/NOSYSSHR/NOTRACEBACK/SHARE=SYSPQL.EXE/CONTIGUOUS/MAP=SYSPQL.MAP/FULL SYS$INPUT/OPTION
syspql_init.obj
syspql.obj
sys$system:SYS.STB/SELECTIVE_SEARCH
!symbol_table=GLOBALS		! pas valide sur vax
psect_attr=$CODE,NOSHR,WRT,EXE
psect_attr=$DATA,NOSHR,WRT,EXE

UT_ROOT:[000000.VAX]SYSPQL.EXE;1                                 7-JUL-1995 10:38        VAX-11 Linker V05-13             Page    7

COLLECT=INITIALIZATION_PSECTS/ATTRIBUTES=INITIALIZATION_CODE,-
	$CODE,$DATA
