
[.ALPHA]ACC_CKPT.EXE                                            15-DEC-1995 16:15        Linker A11-36                    Page    1

                                             +------------------------+
                                             ! Object Module Synopsis !
                                             +------------------------+

Module Name     Ident              Bytes      File                                Creation Date      Creator
-----------     -----              -----      -----                               -------------      -------
ACC_CKPT        V1                   1895 [ACC_CKPT.ALPHA]ACC_CKPT.OBJ;1       15-DEC-1995 15:45  AMAC V2.2-16
SYS$BASE_IMAGE  ALPHA X658-T3A          0 [SYS$LDR]SYS$BASE_IMAGE.EXE;1        16-NOV-1995 20:54  Linker A11-20
SYS$PUBLIC_VECTORS             
                X-54                    0 [SYSLIB]SYS$PUBLIC_VECTORS.EXE;1     16-NOV-1995 20:54  Linker A11-20

KERNEL_ROOT:[ACC_CKPT.ALPHA]ACC_CKPT.EXE;2                      15-DEC-1995 16:15        Linker A11-36                    Page    2

                                             +------------------------+
                                             ! Image Section Synopsis !
                                             +------------------------+

   Cluster      Type Pglts   Base Addr  Disk VBN PFC Protection and Paging      Global Sec. Name   Match     Majorid   Minorid
   -------      ---- -----   ---------  -------- --- ---------------------      ----------------   -----     -------   -------

PERMANENT_PSECTS   4     2    00000000-R        3   0 READ WRITE   COPY ON REF

INITIALIZATION_PSECTS          
                   4     2    00010000-R        5   0 READ WRITE   COPY ON REF
                   2     1    00020000-R        7   0 READ WRITE   FIXUP VECTORS


SYS$BASE_IMAGE     1    90    00000000-R        0   0 READ ONLY    EXECUTABLE    SYS$BASE_IMAGE_0 EQUAL            23  15610857
                   1   244    0000C000-R        0   0 READ WRITE   COPY ON REF   SYS$BASE_IMAGE_0 EQUAL            23  15610857
                   2     7    0002C000-R        0   0 READ WRITE   FIXUP VECTORS SYS$BASE_IMAGE_0 EQUAL            23  15610857

SYS$PUBLIC_VECTORS             
                   2    13    00000000-R        0   0 READ ONLY    EXECUTABLE    SYS$PUBLIC_VECTO EQUAL            23  15608166
                   1    38    00004000-R        0   0 READ WRITE   COPY ON REF   SYS$PUBLIC_VECTO EQUAL            23  15608166
                   2     1    0000C000-R        0   0 READ WRITE   FIXUP VECTORS SYS$PUBLIC_VECTO EQUAL            23  15608166



	  Key for special characters above:
		+--------------------+
		! R  - Relocatable   !
		! P  - Protected     !
		+--------------------+

KERNEL_ROOT:[ACC_CKPT.ALPHA]ACC_CKPT.EXE;2                      15-DEC-1995 16:15        Linker A11-36                    Page    3

                                            +--------------------------+
                                            ! Program Section Synopsis !
                                            +--------------------------+

Psect Name      Module Name       Base     End           Length            Align                 Attributes
----------      -----------       ----     ---           ------            -----                 ----------

. BLANK .                       00000000 00000000 00000000 (          0.) OCTA  4 NOPIC,CON,REL,LCL,NOSHR,  EXE,  WRT,NOVEC,  MOD 
                ACC_CKPT        00000000 00000000 00000000 (          0.) OCTA  4

$CODE                           00000000 00000293 00000294 (        660.) OCTA  4   PIC,CON,REL,GBL,NOSHR,NOEXE,  WRT,NOVEC,  MOD 
                ACC_CKPT        00000000 00000293 00000294 (        660.) OCTA  4

$LINKAGE                        000002A0 000003E7 00000148 (        328.) OCTA  4   PIC,CON,REL,GBL,NOSHR,NOEXE,  WRT,NOVEC,  MOD 
                ACC_CKPT        000002A0 000003E7 00000148 (        328.) OCTA  4

$INIT                           00010000 0001004A 0000004B (         75.) OCTA  4   PIC,CON,REL,GBL,NOSHR,  EXE,  WRT,NOVEC,  MOD 
                ACC_CKPT        00010000 0001004A 0000004B (         75.) OCTA  4

$INIT_CODE                      00010050 0001038F 00000340 (        832.) OCTA  4   PIC,CON,REL,GBL,NOSHR,  EXE,  WRT,NOVEC,  MOD 
                ACC_CKPT        00010050 0001038F 00000340 (        832.) OCTA  4

KERNEL_ROOT:[ACC_CKPT.ALPHA]ACC_CKPT.EXE;2                      15-DEC-1995 16:15        Linker A11-36                    Page    4

                                                +-----------------+
                                                ! Symbols By Name !
                                                +-----------------+

Symbol                          Value       Symbol                          Value       Symbol                          Value       
------                          -----       ------                          -----       ------                          -----       
ACC_CKPT                        00000320-R                                              
CTL$GL_FINALSTS                 00000390-X                                              
CTL$GL_PCB                      00000560-X                                              
CTL$GL_PHD                      00000330-X                                              
CTL$GL_VOLUMES                  000003C0-X                                              
CTL$GQ_LOGIN                    00000380-X                                              
EXE$ALONONPAGED                 000026C0-RX                                             
EXE$NAM_TO_PCB                  00002D00-RX                                             
EXE$PRCPURMSG                   00002E40-RX                                             
INI$BRK                         00003260-RX                                             
INIT                            00000390-R                                              
SCH$GL_SWPPID                   00008A90-RX                                             
SCH$QAST                        00004120-RX                                             
SMP$GL_FLAGS                    00008420-RX                                             
SMP$RELEASE                     00004400-RX                                             
SYS$ENQW                        00000930-RX                                             
SYS$GETSYI                      00000960-RX                                             
SYS$GETTIM                      00000360-RX                                             
SYS$K_VERSION                   00000000-X                                              
SYS$K_VERSION_01                00000010-X                                              
SYS$K_VERSION_02                00000020-X                                              
SYS$K_VERSION_03                00000030-X                                              
SYS$K_VERSION_04                00000040-X                                              
SYS$K_VERSION_05                00000050-X                                              
SYS$K_VERSION_06                00000060-X                                              
SYS$K_VERSION_07                00000070-X                                              
SYS$K_VERSION_08                00000080-X                                              
SYS$K_VERSION_09                00000090-X                                              
SYS$K_VERSION_10                000000A0-X                                              
SYS$K_VERSION_11                000000B0-X                                              
SYS$K_VERSION_12                000000C0-X                                              
SYS$K_VERSION_13                000000D0-X                                              
SYS$K_VERSION_14                000000E0-X                                              
SYS$K_VERSION_15                000000F0-X                                              
SYS$K_VERSION_16                00000100-X                                              
SYS$K_VERSION_17                0000A6F0-X                                              
SYS$K_VERSION_18                0000A700-X                                              

KERNEL_ROOT:[ACC_CKPT.ALPHA]ACC_CKPT.EXE;2                      15-DEC-1995 16:15        Linker A11-36                    Page    5

                                                +------------------+
                                                ! Symbols By Value !
                                                +------------------+

Value                                   Symbols...
-----                                   ----------
00000000      X-SYS$K_VERSION   
00000010      X-SYS$K_VERSION_01
00000020      X-SYS$K_VERSION_02
00000030      X-SYS$K_VERSION_03
00000040      X-SYS$K_VERSION_04
00000050      X-SYS$K_VERSION_05
00000060      X-SYS$K_VERSION_06
00000070      X-SYS$K_VERSION_07
00000080      X-SYS$K_VERSION_08
00000090      X-SYS$K_VERSION_09
000000A0      X-SYS$K_VERSION_10
000000B0      X-SYS$K_VERSION_11
000000C0      X-SYS$K_VERSION_12
000000D0      X-SYS$K_VERSION_13
000000E0      X-SYS$K_VERSION_14
000000F0      X-SYS$K_VERSION_15
00000100      X-SYS$K_VERSION_16
00000320      R-ACC_CKPT        
00000330      X-CTL$GL_PHD      
00000360     RX-SYS$GETTIM      
00000380      X-CTL$GQ_LOGIN    
00000390      X-CTL$GL_FINALSTS    R-INIT            
000003C0      X-CTL$GL_VOLUMES  
00000560      X-CTL$GL_PCB      
00000930     RX-SYS$ENQW        
00000960     RX-SYS$GETSYI      
000026C0     RX-EXE$ALONONPAGED 
00002D00     RX-EXE$NAM_TO_PCB  
00002E40     RX-EXE$PRCPURMSG   
00003260     RX-INI$BRK         
00004120     RX-SCH$QAST        
00004400     RX-SMP$RELEASE     
00008420     RX-SMP$GL_FLAGS    
00008A90     RX-SCH$GL_SWPPID   
0000A6F0      X-SYS$K_VERSION_17
0000A700      X-SYS$K_VERSION_18



	  Key for special characters above:
		+--------------------+
		! *  - Undefined     !
		! A  - Alias Name    !
		! I  - Internal Name !
		! U  - Universal     !
		! R  - Relocatable   !
		! X  - External      !
		! WK - Weak          !
		! M  - Mask value    !

KERNEL_ROOT:[ACC_CKPT.ALPHA]ACC_CKPT.EXE;2                      15-DEC-1995 16:15        Linker A11-36                    Page    6


Value                                   Symbols...
-----                                   ----------
		+--------------------+

KERNEL_ROOT:[ACC_CKPT.ALPHA]ACC_CKPT.EXE;2                      15-DEC-1995 16:15        Linker A11-36                    Page    7

                                                 +----------------+
                                                 ! Image Synopsis !
                                                 +----------------+

Virtual memory allocated:                         00000000 0002FFFF 00030000 (196608. bytes, 384. pages)
Stack size:                                              0. pages
Image header virtual block limits:                       1.        2. (    2. blocks)
Image binary virtual block limits:                       3.        7. (    5. blocks)
Image name and identification:                    ACC_CKPT V1.0-2
System component mask:                             0005B812
	SYS$K_VERSION_MEMORY_MANAGEMENT                  3,0
	SYS$K_VERSION_PROCESS_SCHED                      2,0
	SYS$K_VERSION_COUNTERS                           1,64
	SYS$K_VERSION_STABLE                             1,64
	SYS$K_VERSION_MISC                               1,64
	SYS$K_VERSION_VOLATILE                           1,64
	SYS$K_VERSION_SHELL                              1,64
	SYS$K_VERSION_MULTI_PROCESSING                   1,0
Number of files:                                         5.
Number of modules:                                       3.
Number of program sections:                              9.
Number of global symbols:                               18.
Number of image sections:                                9.
User transfer address:                            00000390
Number of code references to shareable images:          35.
Image type:                                         PIC, SHAREABLE. Global Section Match=EQUAL, Ident, Major=46, Minor=9502074
Map format:                                       FULL in file KERNEL_ROOT:[ACC_CKPT.ALPHA]ACC_CKPT.MAP;2
Estimated map length:                             27. blocks
                                              +---------------------+
                                              ! Link Run Statistics !
                                              +---------------------+

Performance Indicators                            Page Faults	CPU Time	Elapsed Time
----------------------                            -----------	--------	------------
    Command processing:                                    90	00:00:00.05	00:00:00.28
    Pass 1:                                               103	00:00:00.08	00:00:00.80
    Allocation/Relocation:                                  7	00:00:00.02	00:00:00.48
    Pass 2:                                                 8	00:00:00.01	00:00:00.18
    Map data after object module synopsis:                  5	00:00:00.01	00:00:00.04
    Symbol table output:                                    3	00:00:00.01	00:00:00.12
Total run values:                                         216	00:00:00.18	00:00:01.93

Using a working set limited to 5648 pages and 528 pages of data storage (excluding image)

Total number object records read (both passes):   386
    of which 0 were in libraries and 0 were DEBUG data records containing 0 bytes

Number of modules extracted explicitly             = 0
    with 0 extracted to resolve undefined symbols

3 library searches were for symbols not in the library searched

A total of 4 global symbol table records was written

LINK/NOTRACE/SHARE=[.ALPHA]ACC_CKPT.EXE/MAP=[.ALPHA]/FULL [.ALPHA]ACC_CKPT.OBJ,[.SRC]ACC_CKPT_ALPHA.OPT/OPTION,[.SRC]ACC_CKPT.OPT/OP

KERNEL_ROOT:[ACC_CKPT.ALPHA]ACC_CKPT.EXE;2                      15-DEC-1995 16:15        Linker A11-36                    Page    8

TION/SYSEXE
!	this link options file works only for a shareable image
!	without fixup sections
!
!
!	to avoid consuming one extra page, since $LINKAGE must be writeable
!	because it is updated by the loader, we put all the code writeable
!	together with the $LINKAGE section.
!	since the loader uses exe to see what's readonly, remove exe
!	from the $CODE psect (and don't set it in $LINKAGE
!
psect_attr=$LINKAGE,PIC,wrt	! ,exe
psect_attr=$CODE,wrt,noexe
COLLECT=PERMANENT_PSECTS,-
	$CODE,$LINKAGE	! a mon avis, ca serait 1 mauvaise idee de mettre
			! le linkage avec INIT, sinon les procedure descriptors
			! seraitent perdus apres l'init de l'image
COLLECT=INITIALIZATION_PSECTS/ATTRIBUTES=INITIALIZATION_CODE,-
	$INIT,$INIT_CODE
identification="V1.0-2"
