141x141
5
13
Ronny H. Arild
xxxxxxxxxxxxxxxxxxxxxxxxxxxxxxxxxxxxxxxxxxxxxxxxxxxxxxxxxxxxxxxxxxxxxxxxxxxxxxxxxxxxxxxxxxxxxxxxxxxxxxxxxxxxxxxxxxxxxxxxxxxxxxxxxxxxxxxxxxxxx
x                   xxxxxxxxxxxxxxxxxxxx                    xxxxxxxxxxxxxxxxxxxx                    xxxxxxxxxxxxxxxxxxxx                    x
x                   xxxxxxxxxxxxxxxxxxxx                    xxxxxxxxxxxxxxxxxxxx                    xxxxxxxxxxxxxxxxxxxx                    x
x                   xxxxxxxxxxxxxxxxxxxx                    xxxxxxxxxxxxxxxxxxxx                    xxxxxxxxxxxxxxxxxxxx                    x
x                   xxxxxxxxxxxxxxxxxxxx                    xxxxxxxxxxxxxxxxxxxx                    xxxxxxxxxxxxxxxxxxxx                    x
x                   xxxxxxxxxxxxxxxxxxxx                    xxxxxxxxxxxxxxxxxxxx                    xxxxxxxxxxxxxxxxxxxx                    x
x                   xxxxxxxxxxxxxxxxxxxx                    xxxxxxxxxxxxxxxxxxxx                    xxxxxxxxxxxxxxxxxxxx                    x
x                                                                                                                                           x
x                                                                                                                                           x
x                                                                                                                                           x
x                                                                                                                                           x
x                                                                                                                                           x
x                                                                                                                                           x
x                   xxxxxxxxxxxxxxxxxxxx                    xxxxxxxxxxxxxxxxxxxx                    xxxxxxxxxxxxxxxxxxxx                    x
x                   xxxxxxxxxxxxxxxxxxxx                    xxxxxxxxxxxxxxxxxxxx                    xxxxxxxxxxxxxxxxxxxx                    x
x                   xxxxxxxxxxxxxxxxxxxx                    xxxxxxxxxxxxxxxxxxxx                    xxxxxxxxxxxxxxxxxxxx                    x
x                   xxxxxxxxxxxxxxxxxxxx                    xxxxxxxxxxxxxxxxxxxx                    xxxxxxxxxxxxxxxxxxxx                    x
x                   xxxxxxxxxxxxxxxxxxxx                    xxxxxxxxxxxxxxxxxxxx                    xxxxxxxxxxxxxxxxxxxx                    x
x                   xxxxxxxxxxxxxxxxxxxx                    xxxxxxxxxxxxxxxxxxxx                    xxxxxxxxxxxxxxxxxxxx                    x
x *                 xxxxxxxxxxxxxxxxxxxx *                  xxxxxxxxxxxxxxxxxxxx                  * xxxxxxxxxxxxxxxxxxxx                  * x
xxxxxxx      xxxxxxxxxxxxxxxxxxxxxxxxxxxxxxxxxx      xxxxxxxxxxxxxxxxxxxxxxxxxxxxxxxxxx      xxxxxxxxxxxxxxxxxxxxxxxxxxxxxxxxxx      xxxxxxxx
xxxxxxx      xxxxxxxxxxxxxxxxxxxxxxxxxxxxxxxxxx      xxxxxxxxxxxxxxxxxxxxxxxxxxxxxxxxxx      xxxxxxxxxxxxxxxxxxxxxxxxxxxxxxxxxx      xxxxxxxx
xxxxxxx      xxxxxxxxxxxxxxxxxxxxxxxxxxxxxxxxxx      xxxxxxxxxxxxxxxxxxxxxxxxxxxxxxxxxx      xxxxxxxxxxxxxxxxxxxxxxxxxxxxxxxxxx      xxxxxxxx
xxxxxxx      xxxxxxxxxxxxxxxxxxxxxxxxxxxxxxxxxx      xxxxxxxxxxxxxxxxxxxxxxxxxxxxxxxxxx      xxxxxxxxxxxxxxxxxxxxxxxxxxxxxxxxxx      xxxxxxxx
xxxxxxx      xxxxxxxxxxxxxxxxxxxxxxxxxxxxxxxxxx      xxxxxxxxxxxxxxxxxxxxxxxxxxxxxxxxxx      xxxxxxxxxxxxxxxxxxxxxxxxxxxxxxxxxx      xxxxxxxx
xxxxxxx      xxxxxxxxxxxxxxxxxxxxxxxxxxxxxxxxxx      xxxxxxxxxxxxxxxxxxxxxxxxxxxxxxxxxx      xxxxxxxxxxxxxxxxxxxxxxxxxxxxxxxxxx      xxxxxxxx
xxxxxxx      xxxxxxxxxxxxxxxxxxxxxxxxxxxxxxxxxx      xxxxxxxxxxxxxxxxxxxxxxxxxxxxxxxxxx      xxxxxxxxxxxxxxxxxxxxxxxxxxxxxxxxxx      xxxxxxxx
xxxxxxx      xxxxxxxxxxxxxxxxxxxxxxxxxxxxxxxxxx      xxxxxxxxxxxxxxxxxxxxxxxxxxxxxxxxxx      xxxxxxxxxxxxxxxxxxxxxxxxxxxxxxxxxx      xxxxxxxx
xxxxxxx      xxxxxxxxxxxxxxxxxxxxxxxxxxxxxxxxxx      xxxxxxxxxxxxxxxxxxxxxxxxxxxxxxxxxx      xxxxxxxxxxxxxxxxxxxxxxxxxxxxxxxxxx      xxxxxxxx
xxxxxxx      xxxxxxxxxxxxxxxxxxxxxxxxxxxxxxxxxx      xxxxxxxxxxxxxxxxxxxxxxxxxxxxxxxxxx      xxxxxxxxxxxxxxxxxxxxxxxxxxxxxxxxxx      xxxxxxxx
xxxxxxx      xxxxxxxxxxxxxxxxxxxxxxxxxxxxxxxxxF      FxxxxxxxxxxxxxxxxxxxxxxxxxxxxxxxxF      Fxxxxxxxxxxxxxxxxxxxxxxxxxxxxxxxxx      xxxxxxxx
xxxxxxx      xxxxxxxxxxxxxxxxxxxxxxxxxxxxxxxxxx      xxxxxxxxxxxxxxxxxxxxxxxxxxxxxxxxxx      xxxxxxxxxxxxxxxxxxxxxxxxxxxxxxxxxx      xxxxxxxx
xxxxxxx      xxxxxxxxxxxxxxxxxxxxxxxxxxxxxxxxxx      xxxxxxxxxxxxxxxxxxxxxxxxxxxxxxxxxx      xxxxxxxxxxxxxxxxxxxxxxxxxxxxxxxxxx      xxxxxxxx
xxxxxxx      xxxxxxxxxxxxxxxxxxxxxxxxxxxxxxxxxx      xxxxxxxxxxxxxxxxxxxxxxxxxxxxxxxxxx      xxxxxxxxxxxxxxxxxxxxxxxxxxxxxxxxxx      xxxxxxxx
xxxxxxx      xxxxxxxxxxxxxxxxxxxxxxxxxxxxxxxxxx      xxxxxxxxxxxxxxxxxxxxxxxxxxxxxxxxxx      xxxxxxxxxxxxxxxxxxxxxxxxxxxxxxxxxx      xxxxxxxx
xxxxxxx      xxxxxxxxxxxxxxxxxxxxxxxxxxxxxxxxxx      xxxxxxxxxxxxxxxxxxxxxxxxxxxxxxxxxx      xxxxxxxxxxxxxxxxxxxxxxxxxxxxxxxxxx      xxxxxxxx
xxxxxxx      xxxxxxxxxxxxxxxxxxxxxxxxxxxxxxxxxx      xxxxxxxxxxxxxxxxxxxxxxxxxxxxxxxxxx      xxxxxxxxxxxxxxxxxxxxxxxxxxxxxxxxxx      xxxxxxxx
xxxxxxx      xxxxxxxxxxxxxxxxxxxxxxxxxxxxxxxxxx      xxxxxxxxxxxxxxxxxxxxxxxxxxxxxxxxxx      xxxxxxxxxxxxxxxxxxxxxxxxxxxxxxxxxx      xxxxxxxx
xxxxxxx      xxxxxxxxxxxxxxxxxxxxxxxxxxxxxxxxxx      xxxxxxxxxxxxxxxxxxxxxxxxxxxxxxxxxx      xxxxxxxxxxxxxxxxxxxxxxxxxxxxxxxxxx      xxxxxxxx
xxxxxxx      xxxxxxxxxxxxxxxxxxxxxxxxxxxxxxxxxx      xxxxxxxxxxxxxxxxxxxxxxxxxxxxxxxxxx      xxxxxxxxxxxxxxxxxxxxxxxxxxxxxxxxxx      xxxxxxxx
x                   xxxxxxxxxxxxxxxxxxxx                                                            xxxxxxxxxxxxxxxxxxxx                    x
x                   xxxxxxxxxxxxxxxxxxxx                                                            xxxxxxxxxxxxxxxxxxxx                    x
x                   xxxxxxxxxxxxxxxxxxxx                                                            xxxxxxxxxxxxxxxxxxxx                    x
x                   xxxxxxxxxxxxxxxxxxxx                                                            xxxxxxxxxxxxxxxxxxxx                    x
x                   xxxxxxxxxxxxxxxxxxxx                                                            xxxxxxxxxxxxxxxxxxxx                    x
x                   xxxxxxxxxxxxxxxxxxxx                                                            xxxxxxxxxxxxxxxxxxxx                    x
x                   xxxxxxxxxxFxxxxxxxxx                                                            xxxxxxxxxFxxxxxxxxxx                    x
x                                                                                                                                           x
x                                                                                                                                           x
x                                                                                                                                           x
x                                                                                                                                           x
x                                                                                                                                           x
x                                                                                                                                           x
x                   xxxxxxxxxxFxxxxxxxxx                                                            xxxxxxxxxFxxxxxxxxxx                    x
x                   xxxxxxxxxxxxxxxxxxxx                                                            xxxxxxxxxxxxxxxxxxxx                    x
x                   xxxxxxxxxxxxxxxxxxxx                                                            xxxxxxxxxxxxxxxxxxxx                    x
x                   xxxxxxxxxxxxxxxxxxxx                                                            xxxxxxxxxxxxxxxxxxxx                    x
x                   xxxxxxxxxxxxxxxxxxxx                                                            xxxxxxxxxxxxxxxxxxxx                    x
x                   xxxxxxxxxxxxxxxxxxxx                                                            xxxxxxxxxxxxxxxxxxxx                    x
x *                 xxxxxxxxxxxxxxxxxxxx                                                            xxxxxxxxxxxxxxxxxxxx                  * x
xxxxxxx      xxxxxxxxxxxxxxxxxxxxxxxxxxx                                                            xxxxxxxxxxxxxxxxxxxxxxxxxxx      xxxxxxxx
xxxxxxx      xxxxxxxxxxxxxxxxxxxxxxxxxxx                                                            xxxxxxxxxxxxxxxxxxxxxxxxxxx      xxxxxxxx
xxxxxxx      xxxxxxxxxxxxxxxxxxxxxxxxxxx                                                            xxxxxxxxxxxxxxxxxxxxxxxxxxx      xxxxxxxx
xxxxxxx      xxxxxxxxxxxxxxxxxxxxxxxxxxx                                                            xxxxxxxxxxxxxxxxxxxxxxxxxxx      xxxxxxxx
xxxxxxx      xxxxxxxxxxxxxxxxxxxxxxxxxxx                                                            xxxxxxxxxxxxxxxxxxxxxxxxxxx      xxxxxxxx
xxxxxxx      xxxxxxxxxxxxxxxxxxxxxxxxxxx                                                            xxxxxxxxxxxxxxxxxxxxxxxxxxx      xxxxxxxx
xxxxxxx      xxxxxxxxxxxxxxxxxxxxxxxxxxx                            rrr                             xxxxxxxxxxxxxxxxxxxxxxxxxxx      xxxxxxxx
xxxxxxx      xxxxxxxxxxxxxxxxxxxxxxxxxxx                           dFFFf                            xxxxxxxxxxxxxxxxxxxxxxxxxxx      xxxxxxxx
xxxxxxx      xxxxxxxxxxxxxxxxxxxxxxxxxxx                           dFxFf                            xxxxxxxxxxxxxxxxxxxxxxxxxxx      xxxxxxxx
xxxxxxx      xxxxxxxxxxxxxxxxxxxxxxxxxxx                           dFFFf                            xxxxxxxxxxxxxxxxxxxxxxxxxxx      xxxxxxxx
xxxxxxx      xxxxxxxxxxxxxxxxxxxxxxxxxxx                            ccc                             xxxxxxxxxxxxxxxxxxxxxxxxxxx      xxxxxxxx
xxxxxxx      xxxxxxxxxxxxxxxxxxxxxxxxxxx                                                            xxxxxxxxxxxxxxxxxxxxxxxxxxx      xxxxxxxx
xxxxxxx      xxxxxxxxxxxxxxxxxxxxxxxxxxx                                                            xxxxxxxxxxxxxxxxxxxxxxxxxxx      xxxxxxxx
xxxxxxx      xxxxxxxxxxxxxxxxxxxxxxxxxxx                                                            xxxxxxxxxxxxxxxxxxxxxxxxxxx      xxxxxxxx
xxxxxxx      xxxxxxxxxxxxxxxxxxxxxxxxxxx                                                            xxxxxxxxxxxxxxxxxxxxxxxxxxx      xxxxxxxx
xxxxxxx      xxxxxxxxxxxxxxxxxxxxxxxxxxx                                                            xxxxxxxxxxxxxxxxxxxxxxxxxxx      xxxxxxxx
xxxxxxx      xxxxxxxxxxxxxxxxxxxxxxxxxxx                                                            xxxxxxxxxxxxxxxxxxxxxxxxxxx      xxxxxxxx
xxxxxxx      xxxxxxxxxxxxxxxxxxxxxxxxxxx                                                            xxxxxxxxxxxxxxxxxxxxxxxxxxx      xxxxxxxx
xxxxxxx      xxxxxxxxxxxxxxxxxxxxxxxxxxx                                                            xxxxxxxxxxxxxxxxxxxxxxxxxxx      xxxxxxxx
xxxxxxx      xxxxxxxxxxxxxxxxxxxxxxxxxxx                                                            xxxxxxxxxxxxxxxxxxxxxxxxxxx      xxxxxxxx
x                   xxxxxxxxxxxxxxxxxxxx                                                            xxxxxxxxxxxxxxxxxxxx                    x
x                   xxxxxxxxxxxxxxxxxxxx                                                            xxxxxxxxxxxxxxxxxxxx                    x
x                   xxxxxxxxxxxxxxxxxxxx                                                            xxxxxxxxxxxxxxxxxxxx                    x
x                   xxxxxxxxxxxxxxxxxxxx                                                            xxxxxxxxxxxxxxxxxxxx                    x
x                   xxxxxxxxxxxxxxxxxxxx                                                            xxxxxxxxxxxxxxxxxxxx                    x
x                   xxxxxxxxxxxxxxxxxxxx                                                            xxxxxxxxxxxxxxxxxxxx                    x
x                   xxxxxxxxxxFxxxxxxxxx                                                            xxxxxxxxxFxxxxxxxxxx                    x
x                                                                                                                                           x
x                                                                                                                                           x
x                                                                                                                                           x
x                                                                                                                                           x
x                                                                                                                                           x
x                                                                                                                                           x
x                   xxxxxxxxxxFxxxxxxxxx                                                            xxxxxxxxxFxxxxxxxxxx                    x
x                   xxxxxxxxxxxxxxxxxxxx                                                            xxxxxxxxxxxxxxxxxxxx                    x
x                   xxxxxxxxxxxxxxxxxxxx                                                            xxxxxxxxxxxxxxxxxxxx                    x
x                   xxxxxxxxxxxxxxxxxxxx                                                            xxxxxxxxxxxxxxxxxxxx                    x
x                   xxxxxxxxxxxxxxxxxxxx                                                            xxxxxxxxxxxxxxxxxxxx                    x
x                   xxxxxxxxxxxxxxxxxxxx                                                            xxxxxxxxxxxxxxxxxxxx                    x
x *                 xxxxxxxxxxxxxxxxxxxx                                                            xxxxxxxxxxxxxxxxxxxx                  * x
xxxxxxx      xxxxxxxxxxxxxxxxxxxxxxxxxxxxxxxxxx      xxxxxxxxxxxxxxxxxxxxxxxxxxxxxxxxxx      xxxxxxxxxxxxxxxxxxxxxxxxxxxxxxxxxx      xxxxxxxx
xxxxxxx      xxxxxxxxxxxxxxxxxxxxxxxxxxxxxxxxxx      xxxxxxxxxxxxxxxxxxxxxxxxxxxxxxxxxx      xxxxxxxxxxxxxxxxxxxxxxxxxxxxxxxxxx      xxxxxxxx
xxxxxxx      xxxxxxxxxxxxxxxxxxxxxxxxxxxxxxxxxx      xxxxxxxxxxxxxxxxxxxxxxxxxxxxxxxxxx      xxxxxxxxxxxxxxxxxxxxxxxxxxxxxxxxxx      xxxxxxxx
xxxxxxx      xxxxxxxxxxxxxxxxxxxxxxxxxxxxxxxxxx      xxxxxxxxxxxxxxxxxxxxxxxxxxxxxxxxxx      xxxxxxxxxxxxxxxxxxxxxxxxxxxxxxxxxx      xxxxxxxx
xxxxxxx      xxxxxxxxxxxxxxxxxxxxxxxxxxxxxxxxxx      xxxxxxxxxxxxxxxxxxxxxxxxxxxxxxxxxx      xxxxxxxxxxxxxxxxxxxxxxxxxxxxxxxxxx      xxxxxxxx
xxxxxxx      xxxxxxxxxxxxxxxxxxxxxxxxxxxxxxxxxx      xxxxxxxxxxxxxxxxxxxxxxxxxxxxxxxxxx      xxxxxxxxxxxxxxxxxxxxxxxxxxxxxxxxxx      xxxxxxxx
xxxxxxx      xxxxxxxxxxxxxxxxxxxxxxxxxxxxxxxxxx      xxxxxxxxxxxxxxxxxxxxxxxxxxxxxxxxxx      xxxxxxxxxxxxxxxxxxxxxxxxxxxxxxxxxx      xxxxxxxx
xxxxxxx      xxxxxxxxxxxxxxxxxxxxxxxxxxxxxxxxxx      xxxxxxxxxxxxxxxxxxxxxxxxxxxxxxxxxx      xxxxxxxxxxxxxxxxxxxxxxxxxxxxxxxxxx      xxxxxxxx
xxxxxxx      xxxxxxxxxxxxxxxxxxxxxxxxxxxxxxxxxx      xxxxxxxxxxxxxxxxxxxxxxxxxxxxxxxxxx      xxxxxxxxxxxxxxxxxxxxxxxxxxxxxxxxxx      xxxxxxxx
xxxxxxx      xxxxxxxxxxxxxxxxxxxxxxxxxxxxxxxxxx      xxxxxxxxxxxxxxxxxxxxxxxxxxxxxxxxxx      xxxxxxxxxxxxxxxxxxxxxxxxxxxxxxxxxx      xxxxxxxx
xxxxxxx      xxxxxxxxxxxxxxxxxxxxxxxxxxxxxxxxxF      FxxxxxxxxxxxxxxxxxxxxxxxxxxxxxxxxF      Fxxxxxxxxxxxxxxxxxxxxxxxxxxxxxxxxx      xxxxxxxx
xxxxxxx      xxxxxxxxxxxxxxxxxxxxxxxxxxxxxxxxxx      xxxxxxxxxxxxxxxxxxxxxxxxxxxxxxxxxx      xxxxxxxxxxxxxxxxxxxxxxxxxxxxxxxxxx      xxxxxxxx
xxxxxxx      xxxxxxxxxxxxxxxxxxxxxxxxxxxxxxxxxx      xxxxxxxxxxxxxxxxxxxxxxxxxxxxxxxxxx      xxxxxxxxxxxxxxxxxxxxxxxxxxxxxxxxxx      xxxxxxxx
xxxxxxx      xxxxxxxxxxxxxxxxxxxxxxxxxxxxxxxxxx      xxxxxxxxxxxxxxxxxxxxxxxxxxxxxxxxxx      xxxxxxxxxxxxxxxxxxxxxxxxxxxxxxxxxx      xxxxxxxx
xxxxxxx      xxxxxxxxxxxxxxxxxxxxxxxxxxxxxxxxxx      xxxxxxxxxxxxxxxxxxxxxxxxxxxxxxxxxx      xxxxxxxxxxxxxxxxxxxxxxxxxxxxxxxxxx      xxxxxxxx
xxxxxxx      xxxxxxxxxxxxxxxxxxxxxxxxxxxxxxxxxx      xxxxxxxxxxxxxxxxxxxxxxxxxxxxxxxxxx      xxxxxxxxxxxxxxxxxxxxxxxxxxxxxxxxxx      xxxxxxxx
xxxxxxx      xxxxxxxxxxxxxxxxxxxxxxxxxxxxxxxxxx      xxxxxxxxxxxxxxxxxxxxxxxxxxxxxxxxxx      xxxxxxxxxxxxxxxxxxxxxxxxxxxxxxxxxx      xxxxxxxx
xxxxxxx      xxxxxxxxxxxxxxxxxxxxxxxxxxxxxxxxxx      xxxxxxxxxxxxxxxxxxxxxxxxxxxxxxxxxx      xxxxxxxxxxxxxxxxxxxxxxxxxxxxxxxxxx      xxxxxxxx
xxxxxxx      xxxxxxxxxxxxxxxxxxxxxxxxxxxxxxxxxx      xxxxxxxxxxxxxxxxxxxxxxxxxxxxxxxxxx      xxxxxxxxxxxxxxxxxxxxxxxxxxxxxxxxxx      xxxxxxxx
xxxxxxx      xxxxxxxxxxxxxxxxxxxxxxxxxxxxxxxxxx      xxxxxxxxxxxxxxxxxxxxxxxxxxxxxxxxxx      xxxxxxxxxxxxxxxxxxxxxxxxxxxxxxxxxx      xxxxxxxx
x                   xxxxxxxxxxxxxxxxxxxx                    xxxxxxxxxxxxxxxxxxxx                    xxxxxxxxxxxxxxxxxxxx                    x
x                   xxxxxxxxxxxxxxxxxxxx                    xxxxxxxxxxxxxxxxxxxx                    xxxxxxxxxxxxxxxxxxxx                    x
x                   xxxxxxxxxxxxxxxxxxxx                    xxxxxxxxxxxxxxxxxxxx                    xxxxxxxxxxxxxxxxxxxx                    x
x                   xxxxxxxxxxxxxxxxxxxx                    xxxxxxxxxxxxxxxxxxxx                    xxxxxxxxxxxxxxxxxxxx                    x
x                   xxxxxxxxxxxxxxxxxxxx                    xxxxxxxxxxxxxxxxxxxx                    xxxxxxxxxxxxxxxxxxxx                    x
x                   xxxxxxxxxxxxxxxxxxxx                    xxxxxxxxxxxxxxxxxxxx                    xxxxxxxxxxxxxxxxxxxx                    x
x                   xxxxxxxxxxxxxxxxxxxx                    xxxxxxxxxxxxxxxxxxxx                    xxxxxxxxxxxxxxxxxxxx                    x
x                                                                                                                                           x
x                                                                                                                                           x
x                                                                                                                                           x
x                                                                                                                                           x
x                                                                                                                                           x
x                                                                                                                                           x
x                   xxxxxxxxxxxxxxxxxxxx                    xxxxxxxxxxxxxxxxxxxx                    xxxxxxxxxxxxxxxxxxxx                    x
x                   xxxxxxxxxxxxxxxxxxxx                    xxxxxxxxxxxxxxxxxxxx                    xxxxxxxxxxxxxxxxxxxx                    x
x                   xxxxxxxxxxxxxxxxxxxx                    xxxxxxxxxxxxxxxxxxxx                    xxxxxxxxxxxxxxxxxxxx                    x
x                   xxxxxxxxxxxxxxxxxxxx                    xxxxxxxxxxxxxxxxxxxx                    xxxxxxxxxxxxxxxxxxxx                    x
x                   xxxxxxxxxxxxxxxxxxxx                    xxxxxxxxxxxxxxxxxxxx                    xxxxxxxxxxxxxxxxxxxx                    x
x                   xxxxxxxxxxxxxxxxxxxx                    xxxxxxxxxxxxxxxxxxxx                    xxxxxxxxxxxxxxxxxxxx                    x
x *                 xxxxxxxxxxxxxxxxxxxx *                  xxxxxxxxxxxxxxxxxxxx                  * xxxxxxxxxxxxxxxxxxxx                  * x
xxxxxxxxxxxxxxxxxxxxxxxxxxxxxxxxxxxxxxxxxxxxxxxxxxxxxxxxxxxxxxxxxxxxxxxxxxxxxxxxxxxxxxxxxxxxxxxxxxxxxxxxxxxxxxxxxxxxxxxxxxxxxxxxxxxxxxxxxxxxx
