141x161
4
Fuzz II: The Search for a Better Name
Ronny "Snowball" Arild
xxxxxxxxxxxxxxxxxxxxxxxxxxxxxxxxxxxxxxxxxxxxxxxxxxxxxxxxxxxxxxxxxxxxxxxxxxxxxxxxxxxxxxxxxxxxxxxxxxxxxxxxxxxxxxxxxxxxxxxxxxxxxxxxxxxxxxxxxxxxx
xxxxxxxxxxxxxxxxxxxxxxxxxxxxxxxxxxxxxxxxxxxxxxxxxxxxxxxxxxxxxxxxxxxxxxxxxxxxxxxxxxxxxxxxxxxxxxxxxxxxxxxxxxxxxxxxxxxxxxxxxxxxxxxxxxxxxxxxxxxxx
xxxxxxxxxxxxxxxxxxxxxxxxxxxxxxxxxxxxxxxxxxxxxxxxxxxxxxxxxxxxxxxxxxxxxxxxxxxxxxxxxxxxxxxxxxxxxxxxxxxxxxxxxxxxxxxxxxxxxxxxxxxxxxxxxxxxxxxxxxxxx
xxxxxxxxxxxxxxs axxxxxxxxxxxxxxxxxxxxxxxxxxxxxxxxxxxxxxxxxxxxxxxxxxxxxxxxxxxxxxxxxxxxxxxxxxxxxxxxxxxxxxxxxxxxxxxxxxxxxxs axxxxxxxxxxxxxxxxxxx
xxxxxxxxxxxxxx   xxxxxxxxxxsaxxxxxxxxxxxxxxxxxxxxxxxxxxxxxxxxxxxxxxxxFxxxxxxxxxxxxxxxxxxxxxxxxxxxxxxxxxxxxxxxs   axxs     xxxxxs caxxxxxxxxxx
xxxxxxxxxxxxxs   axs axxxxs  xxxxxxxxxxxxxxxxxxxxxxxxxxxxxxxxxxxxxxs  axxxxxxxxxxxxxxxxxxxxxxxxxxxxxxxsaxxxs              axxxs    xxxxxxxxxx
xxxxxxxxxxxxs         xxxx   axxxxxxxxxxxxxxxxxxxxxscaxxxxsaxxxxxxs    xxxxxxxxxxxxxscaxxxs  axxxxxxxs   xx                as      axxxxxxxxx
xxxxxxxxxxxx          xxxs     axxxxxxxxxxxsaxxxxs          as         axxxs   axs            xxxxxxs    as                          axxxxxxx
xxxxxxxxxxxF          as        axs axxxxs   xxxs                                             axxxxs                                  xxxxxxx
xxxxxxxxxxxs                         xxxx    axx                                               axxx                                   xxxxxxx
xxxxxxxxxxs                          xxxs     as                                                axs                                   axxxxxx
xxxxxxxxxs                           xxs                                                                                               axxxxx
xxxxxs                               xx                                                                                                 xxxxx
xxxxx                                as                                                                                                 xxxxx
xxxxx                                                                                                                                   axxxx
xxxxxw                                                                                                                                   axxx
xxxxxxf                                                                                                                                   Fxx
xxxxxs                                                                                                                                    xxx
xxxxx                                                                                                                                     xxx
xxxxs                                                                                                                                    qxxx
xxxx                                                                                                                                    qxxxx
xxxxw                                                                                                                                  qxxxxx
xxxxxxw                                                                                                                                axxxxx
xxxxxxs                                                                                                                                 axxxx
xxxxxs                                                                                                                                   xxxx
xxxs                                                                                                                                     xxxx
xxx                                                                                                                                      axxx
xxxw                                                                                                                                     qxxx
xxxx                                                                                                                                    qxxxx
xxxx                                                                                                                                  qxxxxxx
xxxx                                                                                                                                 qxxxxxxx
xxxx                                                                     qw                                                         qxxxxxxxx
xxxxw                                                                    xx                                                         xxxxxxxxx
xxxxx                                                                    axw qxw                                                    xxxxxxxxx
xxxxxw                                                      qxw           xxxxxx                                                   qxxxxxxxxx
xxxxxxs                                                     xxx     qw * qxxxxxx                                                   xxxxxxxxxx
xxxxxx                                                      xxxw    xxxxxxxxxxxxw                                                 qxxxxxxxxxx
xxxxxs                                                      xxxxw  qxxxxxxxxxxxxx                                                 xxxxxxxxxxx
xxxs                                                        axxxxFxxxxxxxxxxxxxxx                        <                        axxxxxxxxxx
xxx                        >                                 xxxxxxxxxxxxxxxxxxxx                                                  xxxxxxxxxx
xxxw                                                         xxxxxxxxxxxxxxxxxxxs                                                  xxxxxxxxxx
xxxs                                                        qxxxxxxxxxxxxxxxxxxx                                                   xxxxxxxxxx
xxs                                                        dxxxxxxxxxxxxxxxxxxxxf                                                  axxxxxxxxx
xxf                                                         xxxxxxxxxxxxxxxxxxxxw                                                    axxxxxxx
xxw                                                         xxxxxxxxxxxxxxxxxxxxx                                                     xxxxxxx
xxx                                                         axxxxxxxxxxxxxxxxxxxx                                                     xxxxxxx
xxs                                                          xxxxxxxxxxxxxxxxxxxs                                                    qxxxxxxx
xs                                                           xxxxxxxxxxxxxxxxxxs                                                   qxxxxxxxxx
xw                                                           axxxxxxxxFxxxxxxxx                                                   qxxxxxxxxxx
xxw                                                              axxxs  axxxxxx                                                 qxxxxxxxxxxxx
xxx                                                                      axxxxx                                                qxxxxxxxxxxxxx
xxxw                                                                        axs                                               qxxxxxxxxxxxxxx
xxxx                                                                                                                          axxxxxxxxxxxxxx
xxxxw                                                                                                                          xxxxxxxxxxxxxx
xxxxxxw                                                                                                                        xxxxxxxxxxxxxx
xxxxxxF                                                                                                                        axxxxxxxxxxxxx
xxxxxxs                                                                                                                        qxxxxxxxxxxxxx
xxxxs                                                                                                                         qxxxxxxxxxxxxxx
xxxx                                                                                                                         qxxxxxxxxxxxxxxx
xxxx                                                               qxxw                                                     qxxxxxxxxxxxxxxxx
xxxxw                                               qxxw         qxxxxx                                                     axxxxxxxxxxxxxxxx
xxxxx                                              qxxxx      qxxxxxxxx                                               qw    dxxxxxxxxxxxxxxxx
xxxxxw                                            qxxxxxw   qxxxxxxxxxx     qxw    qxxw                               xxw    xxxxxxxxxxxxxxxx
xxxxxxw                                          qxxxxxxxxxxxxxxxxxxxxxw rqxxxxxwqxxxxxxxw                            axx    xxxxxxxxxxxxxxxx
xxxxxxx                                         qxxxxxxxxxxxxxxxxxxxxxxxxxxxxxxxxxxxxxxxxxw       qw                   xx   qxxxxxxxxxxxxxxxx
xxxxxxxw                                        xxxxxxxxxxxxxxxxxxxxxxxxxxxxxxxxxxxxxxxxxxx      qxx                   xx   xxxxxxxxxxxxxxxxx
xxxxxxxxw                                       xxxxxxxxxxxxxxxxxxxxxxxxxxxxxxxxxxxxxxxxxxx    qxxxx                   axw  Fxxxxxxxxxxxxxxxx
xxxxxxxxx                                       xxxxxxxxxxxxxxxxxxxxxxxxxxxxxxxxxxxxxxxxxxxw  qxxxxxw                   xxwqxxxxxxxxxxxxxxxxx
xxxxxxxxxw                                      axxxxxxxxxxxxxxxxxxxxxxxxxxxxxxxxxxxxxxxxxxxFxxxxxxxx                   xxxxxxxxxxxxxxxxxxxxx
xxxxxxxxxxxxw                                    xxxxxxxxxxxxxxxxxxxxxxxxxxxxxxxxxxxxxxxxxxxxxxxxxxxx                   xxxxxxxxxxxxxxxxxxxxx
xxxxxxxxxxxxxxw                                  Fxxxxxxxxxxxxxxxxxxxxxxxxxxxxxxxxxxxxxxxxxxxxxxxxxxs                   xxxxxxxxxxxxxxxxxxxxx
xxxxxxxxxxxxxxx                                 qxxxxxxxxxxxxxxxxxxxxxxxxxxxxxxxxxxxxxxxxxxxxxxxxxxs             qxxw *qxxxxxxxxxxxxxxxxxxxxx
xxxxxxxxxxxxxxxw                              qxxxxxxxxxxxxxxxxxxxxxxxxxxxxxxxxxxxxxxxxxxxxxxxxxxxs              xxxxxxxxxxxxxxxxxxxxxxxxxxxx
xxxxxxxxxxxxxxxx                             qxxxxxxxxxxxxxxxxxxxxxxxxxxxxxxxxxxxxxxxxxxxxxxxxxs                qxxxxxxxxxxxxxxxxxxxxxxxxxxxx
xxxxxxxxxxxxxxxx        qxw                  xxxxxxxxxxxxxxxxxxxxxxxxxxxxxxxxxxxxxxxxxxxxxxxxxx                qxxxxxxxxxxxxxxxxxxxxxxxxxxxxx
xxxxxxxxxxxxxxxxw*  qxxxxxx        qxw      qxxxxxxxxxxxxxxxxxxxxxxxxxxxxxxxxxxxxxxxxxxxxxs  as                xxxxxxxxxxxxxxxxxxxxxxxxxxxxxx
xxxxxxxxxxxxxxxxxxxxxxxxxxxw    qxxxxxxw  qxxxxxxxxxxxxxxxxxxxxxxxxxxxxxxxxxxxxxxxxxxxxxxs                     axxxxxxxxxxxxxxxxxxxxxxxxxxxxx
xxxxxxxxxxxxxxxxxxxxxxxxxxxs    xxxxxxxxwqxxxxxxxxxxxxxxxxxxxxxxxxxxxxxxxxxxxxxxxxxxxxxxs                       axxxxxxxxxxxxxxxxxxxxxxxxxxxx
xxxxxxxxxxxxxxxxxxxxxxxxxxs     xxxxxxxxxxxxxxxxxxxxxxxxxxxxxxxxxxxxxxxxxxxxxxxxxxxxxs                           axxxxxxxxxxxxxxxxxxxxxxxxxxx
xxxxxxxxxxxxxxxxxxxxxxxxxx      xxxxxxxxxxxxxxxxxxxxxxxxxxxxxxxxxxxxxxxxxxxxxxxxxxxxx                             axxxxxxxxxxxxxxxxxxxxxxxxxx
xxxxxxxxxxxxxxxxxxxxxxxxxs     qxxxxxxxxxxxxxxxxxxxxxxxxxxxxxxxxxxxxxxxxxxxxxxxxxxxxs                             qxxxxxxxxxxxFxxxxxxxxxxxxxx
xxxxxxxxxxxxxxxxxxxxxxxxx    qxxxxxxxxxxxxxxxxxxxxxxxxxxxxxxxxxxxxxxxxxxxxxxxxxxxxxx                            qxxxxxxxxxxxxscaxxxxxxxxxxxxx
xxxxxxxxxxxxxxxxxxxxxxxxx    Fxxxxxxxxxxxxxxxxxxxxxxxxxxxxxxxxxxxxxxxxxxxxxxxxxxxxxx                            xxxxxxxxxxxs    axxxxxxxxxxxx
xxxxxxxxxxxxxxxxxsaxxxxxx    xxxxxxxxxxxxxxxxxxxxxxxxxxxxxxxxxxxxxxxxxxxxxxxxxxxxxxxw                          qxxxxxxxxxxx      axxxxxxxxxxx
xxxxxxxxxxxxxxxxx   axxxx    axxxxxxxxxxxxxxxxxxxxxxxxxxxxxxxxxxxxxxxxxxxxxxxxxxxxxxx                          xxxxxxxxxxxx       xxxxxxxxxxx
xxxxxxxxxxxxxxxxs    axxs     xxxxxxxxxxxxxxxxxxxxxxxxxxxxxxxxxxxxxxxxxxxxxxxxxxxxxxx                          xxxxxxxxxxxxw      xxxxxxxxxxx
xxxxxxxxxxxxxxs       c       axxxxxxxxxxxxxxxxxxxxxxxxxxxxxxxxxxxxxxxxxxs caxxs axxs                          xxxxxxxxxxxxs      xxxxxxxxxxx
xxxxxxxxxxxxxs                 axxxxxxxxxxxxxxxxxxxxxxxxxxxxxxxxxxxxxxxxs    as                                axxxxxxxxxxs       axxxxxxxxxx
xxxxxxxxsaxxx                    axxxxxxxxxxxxxxxxxxxxxxxxxxxxxxxxxxxxxx                                        xxxxxxxxs            axxxxxxx
xxxxxxxs   as                     xxxxxxxxxxxxxxxxxxxxxxxxxxxxxxxxxxxxxx                                       dxxxxxxs              qxxxxxxx
xxxxxxs                           xxxxxxxxxxxxxxxxxxxxxxxxxxxxxxxxxxxxxs                                        axxxxx               xxxxxxxx
xxxxxx                            axxxxxxxxxxxxxxxxxxxxxxxxxxxxxxxxxxxs                                          axxxs               xxxxxxxx
xxxxxs                             axxxxxxxxxxxxxxxxxxxxxxxxxxxxs axxs                                                               xxxxxxxx
xxxxx                               axxxxxxxxxxxxxxxxxxxxxxxxxxs                                                                     xxxxxsax
xxxxs                                axxxs axxxxxxxxxxxxxxxxxxs                                                                      axxxx  x
xxxx                                  axs   axxxxxxxxxxxxxxxxx                                                                         axs  x
xxxxw                                        xxxxxxxxxxxxxxxxx                                                                              x
xxxxx                                        axxxxxxxxxxxxxxxs                                                                              x
xxxxs                                         axxxxxxxxxxxxxs                                                                               x
xxs                                            axxxxxxxsaxs                                                                                qx
xx                                              xxxxxxs                                                                                    xx
xx                                              as as                                                                                      Fx
xF                                                                                   +                                                     ax
xx                                                                                                                                          x
xxw                                                                                                                                         x
xxx                                                                                                                                    qxw  x
xxx                       qxxxwr                                                                                                     rqxxx qx
xxx                      qxxxxxFf                                                                                                   qxxxxxxxx
xxx                      xxxxxxx                                                                                                   qxxxxxxxxx
xxxw                     xxxxxxxw     qxxw                                                                                        dxxxxxxxxxx
xxxx                     axxxxxxx     xxxx      qw                                                                                 xxxxxxxxxx
xxxxw                     xxxxxxx    qxxxxwqxxwqxxw                                                                                axxxxxxxxx
xxxxxxw                   xxxxxxxw qxxxxxxxxxxxxxxx                                                                                 xxxxxxxxx
xxxxxxx                   xxxxxxxxxxxxxxxxxxxxxxxxx                                                                                 xxxxxxxxx
xxxxxxxw                  axxxxxxxxxxxxxxxxxxxxxxxs                                                                                 axxxxxxxx
xxxxxxxxxwrxw              xxxxxxxxxxxxxxxxxxxxxxx                                                                                   xxxxxxxx
xxxxxxxxxxxxs   qw        qxxxxxxxxxxxxxxxxxxxxxxx                                qw  qxxxw                                          xxxxxxxx
xxxxxxxxxxxx    xxxw      xxxxxxxxxxxxxxxxxxxxxxxx                               qxxxFxxxxx                                         qxxxxxxxx
xxxxxxxxxxxx    xxxxxxw *qxxxxxxxxxxxxxxxxxxxxxxxx                              qxxxxxxxxxs                       qxxxw           qxxxxxxxxxx
xxxxxxxxxxxx    xxxxxxxxxxxxxxxxxxxxxxxxxxxxxxxxxx                             qxxxxxxxxxx                        xxxxx           xxxxxxxxxxx
xxxxxxxxxxxxw   axxxxxxxxxxxxsaxxxxxxxxxxxxxxxxxxs                             axxxxxxxxxx                        xxxxx          qxxxxxxxxxxx
xxxxxxxxxxxxxw    axs  axxs     as c axxxxxxxxxxF                               xxxxxxxxxx                        xxxxx          axxxxxxxxxxx
xxxxxxxxxxxxxx                        axxxxxxxxxxxw                             xxxxxxxxxx                       qxxxxx           xxxxxxxxxxx
xxxxxxxxxxxxxxw                        xxxxxxxxxxxx                             xxxxxxxxxxw                     qxxxxxxw          axxxxxxxxxx
xxxxxxxxxxxxxxxFw                      xxxxxxxxxxxx                             axxxxxxxxxxxxw                  xxxxxxxxxw        qxxxxxxxxxx
xxxxxxxxxxxxxxxxx                      axxxxxxxxxxx                              xxxxxxxxxxxxx                  axxxxxxxxx        xxxxxxxxxxx
xxxxxxxxxxxxxxxxs                       xxxxxxxxxxx                             qxxxxxxxxxxxxx                    axxxxxxx        xxxxxxxxxxx
xxxxxxxxxxxxxxs                         xxxxxxxxxxs                            qxxxxxxxxxxxxxx                    qxxxxxxs        axxxxxxxxxx
xxxxxxxxxxxxxx                          xxxxxxxxxx                           qxxxxxxxxxxxxxxxs                    xxxxxxx          xxxxxxxxxx
xxxxxxxxxxxxxx                          xxxFFxxxxx             qxxxxxw       xxxxxxxxxxxxxxxx                     xxxxxxx          xxxxxxxxxx
xxxxxxxxxxxxxs                          axsccaxxxs          qxxxxxxxxxxxw r qxxxxxxxxxxxxxxxx                     xxxxxxx          xxxxxxxxxx
xxxxxxxxxxxxx                                              qxxxxxxxxxxxxxxFxxxxxxxxxxxxxxxxxx                     xxxxxxxw        qxxxxxxxxxx
xxxxxxxxxxxxs                                              xxxxxxxxxxxxxxxxxxxxxxxxxxxxxxxxxs                     axxxxxxx       qxxxxxxxxxxx
xxxxxxxxxxxx                                               xxxxxxxxxxxxxxxxxxxxxxxxxxxxxxxxx                       xxxxxxx       axxxxxxxxxxx
xxxxxxxxxxxs                                               axxxxxxxxxxxxxxxxxxxxxxxxxxxxxxxxw                      xxxxxxx         axxxxxxxxx
xxxxxxxxxs                                                 qxxxxxxxxxxxxxxxxxxxxxxxxxxxxxxxxx                     qxxxxxxs          xxxxxxxxx
xxxxxxxxxf                                                qxxxxxxxxxxxxxxxxxxxxxxxxxxxxxxxxxx                  qxxxxxxxxx           xxxxxxxxx
xxxxxxxxx                             qxxw                axxxxxxxxxxxxxxxxxxxxxxxxxxxxxxxxxs                qxxxxxxxxxxx           xxxxxxxxx
xxxxxxxxxw               -            xxxx                 xxxxxxxxxxxxxxxxxxxxxxxxxxxxxxxxx                qxxxxxxxxxxxs           xxxxxxxxx
xxxxxxxxxx                            xxxs                 xxxxxxxxx  axxxxxxxxxxxxxxxxxxxxx               qxxxxxxxxxxxs            axxxxxxxx
xxxxxxxxxx                           qxxx                  axxxxxxs    xxxxxxxxxxxxxxxxs  as              qxxxxxxxxxs                xxxxxxxx
xxxxxxxxxx                           axxxw         +        xxxxxx     Fxxxxxxxxs   as                    xxxxxxxxxs                 xxxxxxxx
xxxxxxxxxs                            xxxx                  xxxxxs    qxxxxxxxxx                         qxxxxxxxxx                  xxxxxxxx
xxxxxxxxx                            qxxxs                 qxxxxx     axxxxxxxs                         qxxxxxxxxxx                  xxxxxxxx
xxxxxxxxx                            axFs                  axxs        xxxxxxs                          xxxxxs   as                  xxxxxxxx
xxxxxxxxx                                                              xsaxs                            axs                         qxxxxxxxx
xxxxxxxxxw                                                            qx                                                          qxxxxxxxxxx
xxxxxxxxxxxw                                                          xs                     -                                    xxxxxxxxxxx
xxxxxxxxxxxx                                                          x                                    qxxFw                  xxxxxxxxxxx
xxxxxxxxxxxx                                                  qxxw   qx                                    xxxxxw                 axxxxxxxxxx
xxxxxxxxxxxs     qxxw            qxw                         qxxxxxw xx                                    axxxxx                  xxxxxxxxxx
xxxxxxxxxxxw *qxxxxxxxw          xxxxxxw                     xxxxxxxxxxw*                                   xxxxx                  xxxxxxxxxx
xxxxxxxxxxxxxxxxxxxxxxxxxw         axxxxxxxw                 xxxxxxxxxxxxxw                                 xxxxs                  xxxxxxxxxx
xxxxxxxxxxxxxxxxxxxxxxxxxx          axxxxxxxw                axxxxxxxxxxxxxxxw              qxw             xxxx                  qxxxxxxxxxx
xxxxxxxxxxxxxxxxxxxxxxxxxxw          axxxxxxx                 xxxxxxxxxxxxxxxxw             Fxx          * qxxxx                qxxxxxxxxxxxx
xxxxxxxxxxxxxxxxxxxxxxxxxxxxw         xxxxxxxw qxxw    qxw    xxxxxxxxxxxxxxxxxxw          qxxxw        qxxxxxxs     qxxxw      xxxxxxxxxxxxx
xxxxxxxxxxxxxxxxxxxxxxxxxxxxx        qxxxxxxxxxxxxxxw qxxx    xxxxxxxxxxxxxxxxxxx   qxxxxxxxxxxx    qxxxxxxxxxx      xxxxs     qxxxxxxxxxxxxx
xxxxxxxxxxxxxxxxxxxxxxxxxxxxF      qxxxxxxxxxxxxxxxxxxxxxxw* qxxxxxxxxxxxxxxxxxxx   xxxxxxxxxxxxw  qxxxxxxxxxxxw  * xxxs   qxxxxxxxxxxxxxxxxx
xxxxxxxxxxxxxxxxxxxxxxxxxxxxxw     xxxxxxxxxxxxxxxxxxxxxxxxxxxxxxxxxxxxxxxxxxxxxxwrqxxxxxxxxxxxxxxFxxxxxxxxxxxxxxxxxxxxwqxxxxxxxxxxxxxxxxxxxx
xxxxxxxxxxxxxxxxxxxxxxxxxxxxxxw r qxxxxxxxxxxxxxxxxxxxxxxxxxxxxxxxxxxxxxxxxxxxxxxxxxxxxxxxxxxxxxxxxxxxxxxxxxxxxxxxxxxxxxxxxxxxxxxxxxxxxxxxxxx
xxxxxxxxxxxxxxxxxxxxxxxxxxxxxxxxxxxxxxxxxxxxxxxxxxxxxxxxxxxxxxxxxxxxxxxxxxxxxxxxxxxxxxxxxxxxxxxxxxxxxxxxxxxxxxxxxxxxxxxxxxxxxxxxxxxxxxxxxxxxx