
                                                                25-AUG-1988 14:02        VAX-11 Linker V05-00             Page    1

                                             +------------------------+
                                             ! Object Module Synopsis !
                                             +------------------------+
%LINK-W-NUDFSYMS, 1 undefined symbol:
%LINK-I-UDFSYM, 	DBGEXT$K_PRINT_DATA 

Module Name     Ident              Bytes      File                                Creation Date      Creator
-----------     -----              -----      -----                               -------------      -------
SCN$VECTOR      X-1                   360 [SCAN.RTL.DOBJ]SCNVECTOR.OBJ;1       25-AUG-1988 13:57  VAX MACRO V5.0-8
%LINK-I-BASDUERRS, basing image due to errors in relocatable references
%LINK-W-SHRSYMREF, reference to symbol DBGEXT$USER_RTL_ENTRY is not position independent
	in psect $SCN$VECTOR offset %X000000F4
	in module SCN$VECTOR file SCAN$$DISK:[SCAN.RTL.DOBJ]SCNVECTOR.OBJ;1
SCN$ANSWER      X-1                   211 [SCAN.RTL.DOBJ]SCNRTL.OLB;2          25-Aug-1988 13:50  VAX Bliss-32 T4.4-837
SCN$CHECK       X-1                    49 [SCAN.RTL.DOBJ]SCNRTL.OLB;2          25-AUG-1988 13:51  VAX MACRO V5.0-8
SCN$CONVRT      X-1                   598 [SCAN.RTL.DOBJ]SCNRTL.OLB;2          25-AUG-1988 13:51  VAX MACRO V5.0-8
SCN$DEBUG       X-1                    42 [SCAN.RTL.DOBJ]SCNRTL.OLB;2          25-Aug-1988 13:51  VAX Bliss-32 T4.4-837
%LINK-W-NOSUCHMOD, module SCN$DBGEXT not found
	in library SCAN$$DISK:[SCAN.RTL.DOBJ]SCNRTL.OLB;2
SCN$DISPAT      X-1                   312 [SCAN.RTL.DOBJ]SCNRTL.OLB;2          25-Aug-1988 13:53  VAX Bliss-32 T4.4-837
SCN$IO          X-2                   865 [SCAN.RTL.DOBJ]SCNRTL.OLB;2          25-Aug-1988 13:53  VAX Bliss-32 T4.4-837
SCN$EPILOG      X-1                   156 [SCAN.RTL.DOBJ]SCNRTL.OLB;2          25-Aug-1988 13:53  VAX Bliss-32 T4.4-837
SCN$MACRO       X-5                  2359 [SCAN.RTL.DOBJ]SCNRTL.OLB;2          25-Aug-1988 13:53  VAX Bliss-32 T4.4-837
SCN$OUTPUT      X-2                   478 [SCAN.RTL.DOBJ]SCNRTL.OLB;2          25-Aug-1988 13:54  VAX Bliss-32 T4.4-837
SCN$PRUNE       X-2                   434 [SCAN.RTL.DOBJ]SCNRTL.OLB;2          25-Aug-1988 13:54  VAX Bliss-32 T4.4-837
SCN$SSINTF      X-1                   249 [SCAN.RTL.DOBJ]SCNRTL.OLB;2          25-AUG-1988 13:55  VAX MACRO V5.0-8
SCN$START       X-3                  1385 [SCAN.RTL.DOBJ]SCNRTL.OLB;2          25-Aug-1988 13:55  VAX Bliss-32 T4.4-837
SCN$TOKEN       X-1                  1367 [SCAN.RTL.DOBJ]SCNRTL.OLB;2          25-Aug-1988 13:55  VAX Bliss-32 T4.4-837
SCN$TREE        X-1                   504 [SCAN.RTL.DOBJ]SCNRTL.OLB;2          25-Aug-1988 13:56  VAX Bliss-32 T4.4-837
SCN$ERRINT      X-1                   118 [SCAN.RTL.DOBJ]SCNRTL.OLB;2          25-AUG-1988 13:57  VAX MACRO V5.0-8
SCN$ERROR       X-1                  1042 [SCAN.RTL.DOBJ]SCNRTL.OLB;2          25-Aug-1988 13:56  VAX Bliss-32 T4.4-837
SCN$TREFND      X-2                   486 [SCAN.RTL.DOBJ]SCNRTL.OLB;2          25-Aug-1988 13:56  VAX Bliss-32 T4.4-837
SCN$UTIL        X-2                   345 [SCAN.RTL.DOBJ]SCNRTL.OLB;2          25-Aug-1988 13:56  VAX Bliss-32 T4.4-837
SCN$BITS        X-3                  1202 [SCAN.RTL.DOBJ]SCNRTL.OLB;2          25-Aug-1988 13:51  VAX Bliss-32 T4.4-837
SCN$MSGDEF      X-3                    39 [SCAN.RTL.DOBJ]SCNRTL.OLB;2          25-AUG-1988 13:54  VAX-11 Message V04-00
SCN$DBGROU      X-1                   133 [SCAN.RTL.DOBJ]SCNRTL.OLB;2          25-AUG-1988 13:52  VAX MACRO V5.0-8
SCN$TREDBG      X-0                   536 [SCAN.RTL.DOBJ]SCNRTL.OLB;2          25-Aug-1988 13:52  VAX Bliss-32 T4.4-837
%LINK-W-WRNERS, compilation warnings
	in module SCN$TREDBG file SCAN$$DISK:[SCAN.RTL.DOBJ]SCNRTL.OLB;2
%LINK-W-USEUNDEF, undefined symbol DBGEXT$K_PRINT_DATA referenced
	in psect _SCN$CODE offset %X0000020E
	in module SCN$TREDBG file SCAN$$DISK:[SCAN.RTL.DOBJ]SCNRTL.OLB;2
SYS$P1_VECTOR   X-4                     0 SYS$COMMON:[SYSLIB]STARLET.OLB;18     8-APR-1988 04:20  VAX MACRO V5.0-8
SYS$SSDEF       V04-000                 0 SYS$COMMON:[SYSLIB]STARLET.OLB;18     8-APR-1988 01:38  VAX MACRO V5.0-8
LIB$MSGDEF      X-7                     0 SYS$COMMON:[SYSLIB]STARLET.OLB;18     8-APR-1988 01:10  VAX-11 Message V04-00
STR$MSGDEF      X-3                     0 SYS$COMMON:[SYSLIB]STARLET.OLB;18     8-APR-1988 01:12  VAX-11 Message V04-00
SCNRTL          V04-003                 0 SYS$COMMON:[SYSLIB]SCNRTL.EXE;11      8-APR-1988 04:59  VAX-11 Linker V04-92
%LINK-W-MULDEF, symbol SCN$DISPLAY_TREE multiply defined
	in module SCNRTL file SYS$COMMON:[SYSLIB]SCNRTL.EXE;11
%LINK-W-MULDEF, symbol SCN$GET_TREEPTR multiply defined
	in module SCNRTL file SYS$COMMON:[SYSLIB]SCNRTL.EXE;11
%LINK-W-MULDEF, symbol SCN$INSTANCE_BIT multiply defined
	in module SCNRTL file SYS$COMMON:[SYSLIB]SCNRTL.EXE;11
%LINK-W-MULDEF, symbol SCN$SEQUENCE_BIT multiply defined
	in module SCNRTL file SYS$COMMON:[SYSLIB]SCNRTL.EXE;11

                                                                25-AUG-1988 14:02        VAX-11 Linker V05-00             Page    2


Module Name     Ident              Bytes      File                                Creation Date      Creator
-----------     -----              -----      -----                               -------------      -------
%LINK-W-MULDEF, symbol SCN$ANY_BIT multiply defined
	in module SCNRTL file SYS$COMMON:[SYSLIB]SCNRTL.EXE;11
%LINK-W-MULDEF, symbol SCN$NOTANY_BIT multiply defined
	in module SCNRTL file SYS$COMMON:[SYSLIB]SCNRTL.EXE;11
%LINK-W-MULDEF, symbol SCN$FIND_BIT multiply defined
	in module SCNRTL file SYS$COMMON:[SYSLIB]SCNRTL.EXE;11
%LINK-W-MULDEF, symbol SCN$COLUMN_BIT multiply defined
	in module SCNRTL file SYS$COMMON:[SYSLIB]SCNRTL.EXE;11
%LINK-W-MULDEF, symbol SCN$SKIP_BIT multiply defined
	in module SCNRTL file SYS$COMMON:[SYSLIB]SCNRTL.EXE;11
%LINK-W-MULDEF, symbol SCN$GET_BUFFER multiply defined
	in module SCNRTL file SYS$COMMON:[SYSLIB]SCNRTL.EXE;11
%LINK-W-MULDEF, symbol SCN$FREE_BUFFER multiply defined
	in module SCNRTL file SYS$COMMON:[SYSLIB]SCNRTL.EXE;11
%LINK-W-MULDEF, symbol SCN$GET_TOKEN_NAME multiply defined
	in module SCNRTL file SYS$COMMON:[SYSLIB]SCNRTL.EXE;11
%LINK-W-MULDEF, symbol SCN$FIND_TREE_NODE multiply defined
	in module SCNRTL file SYS$COMMON:[SYSLIB]SCNRTL.EXE;11
%LINK-W-MULDEF, symbol SCN$REPORT_ERROR multiply defined
	in module SCNRTL file SYS$COMMON:[SYSLIB]SCNRTL.EXE;11
%LINK-W-MULDEF, symbol SCN$FIND_NEXT_SIBLING multiply defined
	in module SCNRTL file SYS$COMMON:[SYSLIB]SCNRTL.EXE;11
%LINK-W-MULDEF, symbol SCN$FIND_PRIOR_SIBLING multiply defined
	in module SCNRTL file SYS$COMMON:[SYSLIB]SCNRTL.EXE;11
%LINK-W-MULDEF, symbol SCN$FIND_FIRST_CHILD multiply defined
	in module SCNRTL file SYS$COMMON:[SYSLIB]SCNRTL.EXE;11
%LINK-W-MULDEF, symbol SCN$FIND_LAST_CHILD multiply defined
	in module SCNRTL file SYS$COMMON:[SYSLIB]SCNRTL.EXE;11
%LINK-W-MULDEF, symbol SCN$GET_TOKEN multiply defined
	in module SCNRTL file SYS$COMMON:[SYSLIB]SCNRTL.EXE;11
%LINK-W-MULDEF, symbol SCN$GET_INPUT_SEQUENCE multiply defined
	in module SCNRTL file SYS$COMMON:[SYSLIB]SCNRTL.EXE;11
%LINK-W-MULDEF, symbol SCN$INIT_SCAN multiply defined
	in module SCNRTL file SYS$COMMON:[SYSLIB]SCNRTL.EXE;11
%LINK-W-MULDEF, symbol SCN$TERM_SCAN multiply defined
	in module SCNRTL file SYS$COMMON:[SYSLIB]SCNRTL.EXE;11
%LINK-W-MULDEF, symbol SCN$RECOVER_GSB multiply defined
	in module SCNRTL file SYS$COMMON:[SYSLIB]SCNRTL.EXE;11
%LINK-W-MULDEF, symbol SCN$START_SCAN multiply defined
	in module SCNRTL file SYS$COMMON:[SYSLIB]SCNRTL.EXE;11
%LINK-W-MULDEF, symbol SCN$PRUNE_TREE_NODE multiply defined
	in module SCNRTL file SYS$COMMON:[SYSLIB]SCNRTL.EXE;11
%LINK-W-MULDEF, symbol SCN$PRUNE_ENTIRE_TREE multiply defined
	in module SCNRTL file SYS$COMMON:[SYSLIB]SCNRTL.EXE;11
%LINK-W-MULDEF, symbol SCN$GET_OUTPUT_RECORD multiply defined
	in module SCNRTL file SYS$COMMON:[SYSLIB]SCNRTL.EXE;11
%LINK-W-MULDEF, symbol SCN$MATCH_PICTURE multiply defined
	in module SCNRTL file SYS$COMMON:[SYSLIB]SCNRTL.EXE;11
%LINK-W-MULDEF, symbol SCN$FREE_HEAP multiply defined
	in module SCNRTL file SYS$COMMON:[SYSLIB]SCNRTL.EXE;11
%LINK-W-MULDEF, symbol SCN$HANDLER multiply defined
	in module SCNRTL file SYS$COMMON:[SYSLIB]SCNRTL.EXE;11

                                                                25-AUG-1988 14:02        VAX-11 Linker V05-00             Page    3


Module Name     Ident              Bytes      File                                Creation Date      Creator
-----------     -----              -----      -----                               -------------      -------
%LINK-W-MULDEF, symbol SCN$OPEN_FILE multiply defined
	in module SCNRTL file SYS$COMMON:[SYSLIB]SCNRTL.EXE;11
%LINK-W-MULDEF, symbol SCN$CLOSE_FILE multiply defined
	in module SCNRTL file SYS$COMMON:[SYSLIB]SCNRTL.EXE;11
%LINK-W-MULDEF, symbol SCN$READ_FILE multiply defined
	in module SCNRTL file SYS$COMMON:[SYSLIB]SCNRTL.EXE;11
%LINK-W-MULDEF, symbol SCN$WRITE_FILE multiply defined
	in module SCNRTL file SYS$COMMON:[SYSLIB]SCNRTL.EXE;11
%LINK-W-MULDEF, symbol SCN$DISPATCH_MACRO multiply defined
	in module SCNRTL file SYS$COMMON:[SYSLIB]SCNRTL.EXE;11
%LINK-W-MULDEF, symbol SCN$FIND_MEMBER multiply defined
	in module SCNRTL file SYS$COMMON:[SYSLIB]SCNRTL.EXE;11
%LINK-W-MULDEF, symbol SCN$GET_TIME multiply defined
	in module SCNRTL file SYS$COMMON:[SYSLIB]SCNRTL.EXE;11
%LINK-W-MULDEF, symbol SCN$CVT_STR_TO_BOL multiply defined
	in module SCNRTL file SYS$COMMON:[SYSLIB]SCNRTL.EXE;11
%LINK-W-MULDEF, symbol SCN$CVT_STR_TO_INT multiply defined
	in module SCNRTL file SYS$COMMON:[SYSLIB]SCNRTL.EXE;11
%LINK-W-MULDEF, symbol SCN$CVT_HEX_TO_STR multiply defined
	in module SCNRTL file SYS$COMMON:[SYSLIB]SCNRTL.EXE;11
%LINK-W-MULDEF, symbol SCN$CVT_BOL_TO_STR multiply defined
	in module SCNRTL file SYS$COMMON:[SYSLIB]SCNRTL.EXE;11
%LINK-W-MULDEF, symbol SCN$CVT_INT_TO_STR multiply defined
	in module SCNRTL file SYS$COMMON:[SYSLIB]SCNRTL.EXE;11
%LINK-W-MULDEF, symbol SCN$CHECK_PART_REF multiply defined
	in module SCNRTL file SYS$COMMON:[SYSLIB]SCNRTL.EXE;11
%LINK-W-MULDEF, symbol SCN$ANSWER_TEXT multiply defined
	in module SCNRTL file SYS$COMMON:[SYSLIB]SCNRTL.EXE;11
LIBRTL          V05-000                 0 SYS$COMMON:[SYSLIB]LIBRTL.EXE;200     8-APR-1988 04:54  VAX-11 Linker V04-92

SCAN$$DISK:[SCAN]SCNRTL.EXE;1                                   25-AUG-1988 14:02        VAX-11 Linker V05-00             Page    4

                                             +------------------------+
                                             ! Image Section Synopsis !
                                             +------------------------+

   Cluster      Type Pages   Base Addr  Disk VBN PFC Protection and Paging      Global Sec. Name   Match     Majorid   Minorid
   -------      ---- -----   ---------  -------- --- ---------------------      ----------------   -----     -------   -------

CLUSTER1           0    26    00000200          2   0 READ ONLY    


DEFAULT_CLUSTER    0     1    00003600          0   0 READ WRITE DEMAND ZERO  
                   0     1  P-00003800         28   0 READ WRITE   COPY ON REF
                   0     1    00003A00         29   0 READ WRITE   FIXUP VECTORS
                 253    20    7FFFD800          0   0 READ WRITE DEMAND ZERO  

SCNRTL             3    33    00003C00          0   0 READ ONLY                  SCNRTL_001       LESS/EQUAL        1         2
                   4     1    00007E00          0   0 READ WRITE DEMAND ZERO     SCNRTL_002       LESS/EQUAL        1         2
                   4     1  P-00008000          0   0 READ WRITE   COPY ON REF   SCNRTL_003       LESS/EQUAL        1         2
                   2     1    00008200          0   0 READ WRITE   FIXUP VECTORS SCNRTL_004       LESS/EQUAL        1         2

LIBRTL             3   176    00008400          0   0 READ ONLY                  LIBRTL_001       LESS/EQUAL        1        14
                   4     2    0001E400          0   0 READ WRITE DEMAND ZERO     LIBRTL_002       LESS/EQUAL        1        14



	  Key for special characters above:
		+------------------+
		! R  - Relocatable !
		! P  - Protected   !
		+------------------+

SCAN$$DISK:[SCAN]SCNRTL.EXE;1                                   25-AUG-1988 14:02        VAX-11 Linker V05-00             Page    5

                                            +--------------------------+
                                            ! Program Section Synopsis !
                                            +--------------------------+

Psect Name      Module Name       Base     End           Length            Align                 Attributes
----------      -----------       ----     ---           ------            -----                 ----------

$SCN$VECTOR                     00000200 00000367 00000168 (        360.) BYTE 0   PIC,USR,CON,REL,GBL,  SHR,  EXE,  RD,NOWRT,NOVEC
                SCN$VECTOR      00000200 00000367 00000168 (        360.) BYTE 0

_SCN$CODE                       00000368 000035AF 00003248 (      12872.) LONG 2   PIC,USR,CON,REL,GBL,  SHR,  EXE,  RD,NOWRT,NOVEC
                SCN$ANSWER      00000368 0000043A 000000D3 (        211.) LONG 2
                SCN$CHECK       0000043B 0000046B 00000031 (         49.) BYTE 0
                SCN$CONVRT      0000046C 000006C1 00000256 (        598.) BYTE 0
                SCN$DEBUG       000006C4 000006ED 0000002A (         42.) LONG 2
                SCN$DISPAT      000006F0 00000823 00000134 (        308.) LONG 2
                SCN$IO          00000824 00000B84 00000361 (        865.) LONG 2
                SCN$EPILOG      00000B88 00000C23 0000009C (        156.) LONG 2
                SCN$MACRO       00000C24 00001556 00000933 (       2355.) LONG 2
                SCN$OUTPUT      00001558 00001735 000001DE (        478.) LONG 2
                SCN$PRUNE       00001738 000018E9 000001B2 (        434.) LONG 2
                SCN$SSINTF      000018EA 000019E2 000000F9 (        249.) BYTE 0
                SCN$START       000019E4 00001F48 00000565 (       1381.) LONG 2
                SCN$TOKEN       00001F4C 0000249E 00000553 (       1363.) LONG 2
                SCN$TREE        000024A0 00002697 000001F8 (        504.) LONG 2
                SCN$ERRINT      00002698 0000270D 00000076 (        118.) BYTE 0
                SCN$ERROR       00002710 00002B1D 0000040E (       1038.) LONG 2
                SCN$TREFND      00002B20 00002D05 000001E6 (        486.) LONG 2
                SCN$UTIL        00002D08 00002E5C 00000155 (        341.) LONG 2
                SCN$BITS        00002E60 00003311 000004B2 (       1202.) LONG 2
                SCN$DBGROU      00003312 00003396 00000085 (        133.) BYTE 0
                SCN$TREDBG      00003398 000035AF 00000218 (        536.) LONG 2

$SCNDBG                         00003600 00003603 00000004 (          4.) LONG 2   PIC,USR,OVR,REL,GBL,NOSHR,NOEXE,  RD,  WRT,NOVEC
                SCN$DISPAT      00003600 00003603 00000004 (          4.) LONG 2
                SCN$MACRO       00003600 00003603 00000004 (          4.) LONG 2
                SCN$START       00003600 00003603 00000004 (          4.) LONG 2
                SCN$TOKEN       00003600 00003603 00000004 (          4.) LONG 2
                SCN$ERROR       00003600 00003603 00000004 (          4.) LONG 2
                SCN$UTIL        00003600 00003603 00000004 (          4.) LONG 2

MSGPTR$AAAAAAAA                 00003800 0000380F 00000010 (         16.) LONG 2   PIC,USR,OVR,REL,LCL,NOSHR,NOEXE,  RD,  WRT,  VEC
                SCN$MSGDEF      00003800 0000380F 00000010 (         16.) LONG 2

MSGPTR$AAAAAAAB                 00003810 00003813 00000004 (          4.) LONG 2   PIC,USR,CON,REL,LCL,NOSHR,NOEXE,  RD,  WRT,  VEC
                SCN$MSGDEF      00003810 00003813 00000004 (          4.) LONG 2

MSGPTR$AAAAAAAC                 00003814 00003817 00000004 (          4.) LONG 2   PIC,USR,OVR,REL,LCL,NOSHR,NOEXE,  RD,  WRT,  VEC
                SCN$MSGDEF      00003814 00003817 00000004 (          4.) LONG 2

MSGPTR$SECTION                  00003818 00003826 0000000F (         15.) BYTE 0   PIC,USR,CON,REL,LCL,NOSHR,NOEXE,  RD,  WRT,  VEC
                SCN$MSGDEF      00003818 00003826 0000000F (         15.) BYTE 0

$SCNDBG                         00007E00 00007E03 00000004 (          4.) LONG 2   PIC,USR,OVR,REL,GBL,NOSHR,NOEXE,  RD,  WRT,NOVEC
                SCNRTL          00007E00 00007E00 00000000 (          0.) LONG 2

SCAN$$DISK:[SCAN]SCNRTL.EXE;1                                   25-AUG-1988 14:02        VAX-11 Linker V05-00             Page    6


Psect Name      Module Name       Base     End           Length            Align                 Attributes
----------      -----------       ----     ---           ------            -----                 ----------

$SCNDBG                         00007E00 00007E03 00000004 (          4.) LONG 2   PIC,USR,OVR,REL,GBL,NOSHR,NOEXE,  RD,  WRT,NOVEC
                SCNRTL          00007E00 00007E00 00000000 (          0.) LONG 2

SCAN$$DISK:[SCAN]SCNRTL.EXE;1                                   25-AUG-1988 14:02        VAX-11 Linker V05-00             Page    7

                                             +------------------------+
                                             ! Symbol Cross Reference !
                                             +------------------------+

Symbol                  Value           Defined By         Referenced By ...
------                  -----           ----------         -----------------
DBGEXT$K_PRINT_DATA     00000000-*                           SCN$TREDBG    
DBGEXT$USER_EVENT_TABLE 00004580-X       SCNRTL        
DBGEXT$USER_RTL_ENTRY   00003CF0-X       SCNRTL              SCN$VECTOR    
LIB$ANALYZE_SDESC       00008700-X       LIBRTL              SCN$START     
LIB$INIT_TIMER          00008D20-X       LIBRTL              SCN$START     
LIB$PUT_OUTPUT          00008878-X       LIBRTL              SCN$ERROR           SCN$TREDBG    
LIB$SCOPY_R_DX          000088B0-X       LIBRTL              SCN$IO              SCN$MACRO           SCN$UTIL      
LIB$SFREE1_DD           000088C0-X       LIBRTL              SCN$EPILOG          SCN$MACRO           SCN$PRUNE     
                                                             SCN$UTIL      
LIB$SGET1_DD            000088E0-X       LIBRTL              SCN$UTIL      
LIB$SIGNAL              000088F0-X       LIBRTL              SCN$ANSWER          SCN$DISPAT          SCN$ERROR     
                                                             SCN$IO              SCN$MACRO           SCN$PRUNE     
                                                             SCN$SSINTF          SCN$START           SCN$TOKEN     
                                                             SCN$TREDBG    
LIB$STOP                000088F8-X       LIBRTL              SCN$ANSWER          SCN$CHECK           SCN$CONVRT    
                                                             SCN$EPILOG          SCN$ERROR           SCN$IO        
                                                             SCN$MACRO           SCN$OUTPUT          SCN$PRUNE     
                                                             SCN$TOKEN           SCN$TREE            SCN$TREFND    
                                                             SCN$UTIL      
LIB$_INVARG             00158234         LIB$MSGDEF          SCN$CONVRT          SCN$PRUNE     
OTS$CVT_L_TI            00008988-X       LIBRTL              SCN$TREDBG    
OTS$CVT_L_TZ            000089A0-X       LIBRTL              SCN$TREDBG    
SCN$$ERROR_RECOVERY     00002710-R       SCN$ERROR           SCN$ERRINT    
SCN$$RECOVERY_HANDLER   000028A9-R       SCN$ERROR           SCN$MACRO     
SCN$$START_SCAN         000019EE-R       SCN$START           SCN$SSINTF    
SCN$ANSWER_TEXT         00000368-R       SCN$ANSWER          SCN$BITS            SCN$VECTOR    
SCN$ANY_BIT             00003031-R       SCN$BITS            SCN$VECTOR    
SCN$CHECK_PART_REF      0000043B-R       SCN$CHECK           SCN$VECTOR    
SCN$CLOSE_FILE          00000924-R       SCN$IO              SCN$VECTOR    
SCN$COLUMN_BIT          000031EA-R       SCN$BITS            SCN$VECTOR    
SCN$CVT_BOL_TO_STR      000004AC-R       SCN$CONVRT          SCN$IO              SCN$VECTOR    
SCN$CVT_HEX_TO_STR      000004E4-R       SCN$CONVRT          SCN$VECTOR    
SCN$CVT_INT_TO_STR      00000471-R       SCN$CONVRT          SCN$IO              SCN$VECTOR    
SCN$CVT_STR_TO_BOL      000005C6-R       SCN$CONVRT          SCN$IO              SCN$VECTOR    
SCN$CVT_STR_TO_INT      00000529-R       SCN$CONVRT          SCN$IO              SCN$VECTOR    
SCN$DEBUG               000006DF-R       SCN$DEBUG     
SCN$DISPATCH_MACRO      000006F0-R       SCN$DISPAT          SCN$TOKEN           SCN$VECTOR    
SCN$DISPLAY_TIMER       000006CD-R       SCN$DEBUG           SCN$START     
SCN$DISPLAY_TREE        00003398-R       SCN$TREDBG          SCN$VECTOR    
SCN$DUMP_PICTURE_STACK  000006D9-R       SCN$DEBUG     
SCN$DUMP_STREAM         000006E5-R       SCN$DEBUG     
SCN$DUMP_TREE           000006EB-R       SCN$DEBUG     
SCN$DUMP_TREE_NODE      000006E8-R       SCN$DEBUG     
SCN$ERROR_RECOVERY      00002698-R       SCN$ERRINT          SCN$MACRO     
SCN$FIND_BIT            000030B9-R       SCN$BITS            SCN$VECTOR    
SCN$FIND_FIRST_CHILD    000025DA-R       SCN$TREE            SCN$VECTOR    
SCN$FIND_LAST_CHILD     00002639-R       SCN$TREE            SCN$VECTOR    
SCN$FIND_MEMBER         0000067B-R       SCN$CONVRT          SCN$VECTOR    
SCN$FIND_NEXT_SIBLING   000024A0-R       SCN$TREE            SCN$VECTOR    

SCAN$$DISK:[SCAN]SCNRTL.EXE;1                                   25-AUG-1988 14:02        VAX-11 Linker V05-00             Page    8


Symbol                  Value           Defined By         Referenced By ...
------                  -----           ----------         -----------------
SCN$FIND_PRIOR_SIBLING  0000253D-R       SCN$TREE            SCN$VECTOR    
SCN$FIND_TREE_NODE      00002B20-R       SCN$TREFND          SCN$DBGROU          SCN$MACRO           SCN$TREDBG    
                                                             SCN$VECTOR    
SCN$FREE_BUFFER         00002D4F-R       SCN$UTIL            SCN$IO              SCN$OUTPUT          SCN$PRUNE     
                                                             SCN$START           SCN$VECTOR    
SCN$FREE_HEAP           00000B88-R       SCN$EPILOG          SCN$VECTOR    
SCN$GET_BUFFER          00002D08-R       SCN$UTIL            SCN$ANSWER          SCN$DISPAT          SCN$IO        
                                                             SCN$START           SCN$TOKEN           SCN$TREFND    
                                                             SCN$VECTOR    
SCN$GET_INPUT_CHAR      00002450-R       SCN$TOKEN           SCN$BITS      
SCN$GET_INPUT_SEQUENCE  000023B8-R       SCN$TOKEN           SCN$BITS            SCN$VECTOR    
SCN$GET_OUTPUT_RECORD   00001558-R       SCN$OUTPUT          SCN$START           SCN$VECTOR    
SCN$GET_TIME            0000065C-R       SCN$CONVRT          SCN$VECTOR    
SCN$GET_TOKEN           00001F4C-R       SCN$TOKEN           SCN$BITS            SCN$ERROR           SCN$MACRO     
                                                             SCN$OUTPUT          SCN$START           SCN$VECTOR    
SCN$GET_TOKEN_NAME      00002DC4-R       SCN$UTIL            SCN$ERROR           SCN$VECTOR    
SCN$GET_TREEPTR         00003312-R       SCN$DBGROU          SCN$VECTOR    
SCN$HANDLER             00000C05-R       SCN$EPILOG          SCN$VECTOR    
SCN$INIT_SCAN           00001B41-R       SCN$START           SCN$VECTOR    
SCN$INSTANCE_BIT        00002F60-R       SCN$BITS            SCN$VECTOR    
SCN$LINE_AND_COLUMN     000028EE-R       SCN$ERROR     
SCN$MATCH_PICTURE       00000C24-R       SCN$MACRO           SCN$VECTOR    
SCN$NOTANY_BIT          00003075-R       SCN$BITS            SCN$VECTOR    
SCN$OPEN_FILE           00000824-R       SCN$IO              SCN$VECTOR    
SCN$PRUNE_ENTIRE_TREE   000018B5-R       SCN$PRUNE           SCN$VECTOR    
SCN$PRUNE_TREE          00001738-R       SCN$PRUNE           SCN$EPILOG          SCN$MACRO     
SCN$PRUNE_TREE_NODE     000017BC-R       SCN$PRUNE           SCN$MACRO           SCN$VECTOR    
SCN$READ_FILE           00000990-R       SCN$IO              SCN$VECTOR    
SCN$RECOVER_GSB         00001F25-R       SCN$START           SCN$VECTOR    
SCN$REPORT_ERROR        000029E0-R       SCN$ERROR           SCN$VECTOR    
SCN$SEQUENCE_BIT        00002FC7-R       SCN$BITS            SCN$VECTOR    
SCN$SKIP_BIT            00003261-R       SCN$BITS            SCN$VECTOR    
SCN$START_SCAN          000018EA-R       SCN$SSINTF          SCN$VECTOR    
SCN$TERM_SCAN           00001E19-R       SCN$START           SCN$VECTOR    
SCN$TRACE_BUFFER        000006E2-R       SCN$DEBUG           SCN$UTIL      
SCN$TRACE_INPUT         000006D0-R       SCN$DEBUG           SCN$TOKEN     
SCN$TRACE_MACRO         000006DC-R       SCN$DEBUG           SCN$DISPAT    
SCN$TRACE_MACRO_INSTR   000006D6-R       SCN$DEBUG           SCN$MACRO     
SCN$TRACE_OUTPUT        000006D3-R       SCN$DEBUG           SCN$START     
SCN$TRACE_TOKEN         000006C7-R       SCN$DEBUG           SCN$TOKEN     
SCN$TRACE_TOKEN_INSTR   000006C4-R       SCN$DEBUG           SCN$TOKEN     
SCN$WRITE_FILE          00000A7C-R       SCN$IO              SCN$VECTOR    
SCN$_ANSWER             0132803C-U       SCN$MSGDEF          SCN$ANSWER    
SCN$_ANSWERTXT          01328044-U       SCN$MSGDEF          SCN$ANSWER          SCN$OUTPUT    
SCN$_BADBUFLEN          0132804C-U       SCN$MSGDEF          SCN$UTIL      
SCN$_BADDATTYP          01328054-U       SCN$MSGDEF          SCN$MACRO     
SCN$_BADSUBTYP          0132805C-U       SCN$MSGDEF          SCN$DBGROU          SCN$TREE            SCN$TREFND    
SCN$_BADTREPTR          01328064-U       SCN$MSGDEF          SCN$TREE      
SCN$_CASERANGE          0132806C-U       SCN$MSGDEF    
SCN$_ENDINPSTM          01328009-U       SCN$MSGDEF          SCN$TOKEN     
SCN$_ENDOUTSTM          01328011-U       SCN$MSGDEF          SCN$OUTPUT          SCN$START           SCN$TREDBG    
SCN$_ENDRECORD          01328019-U       SCN$MSGDEF          SCN$OUTPUT          SCN$START           SCN$TREDBG    

SCAN$$DISK:[SCAN]SCNRTL.EXE;1                                   25-AUG-1988 14:02        VAX-11 Linker V05-00             Page    9


Symbol                  Value           Defined By         Referenced By ...
------                  -----           ----------         -----------------
SCN$_EPILOG             0132807C-U       SCN$MSGDEF          SCN$EPILOG    
SCN$_FACILITY           00000132         SCN$MSGDEF    
SCN$_FAIL               01328084-U       SCN$MSGDEF    
SCN$_FILCLSFAL          013280AC-U       SCN$MSGDEF          SCN$IO        
SCN$_FILNOTOPN          013280A4-U       SCN$MSGDEF          SCN$IO        
SCN$_FILOPNFAL          01328094-U       SCN$MSGDEF          SCN$IO        
SCN$_FILPRVCLS          0132809C-U       SCN$MSGDEF          SCN$IO        
SCN$_FILPRVOPN          0132808C-U       SCN$MSGDEF          SCN$IO        
SCN$_INPFILREA          013280C4-U       SCN$MSGDEF          SCN$IO        
SCN$_INPSTMCLS          013280B4-U       SCN$MSGDEF          SCN$START     
SCN$_INPSTMOPN          013280BC-U       SCN$MSGDEF          SCN$START     
SCN$_INPSTMREA1         013280CC-U       SCN$MSGDEF          SCN$TOKEN     
SCN$_INPSTMREA2         013280D4-U       SCN$MSGDEF          SCN$TOKEN     
SCN$_INTERROR           013280DC-U       SCN$MSGDEF          SCN$OUTPUT    
SCN$_INTOVFL            013280E4-U       SCN$MSGDEF          SCN$CONVRT    
SCN$_INVGSBLEV          013280EC-U       SCN$MSGDEF          SCN$START     
SCN$_INVGSBTAG          013280F4-U       SCN$MSGDEF          SCN$ANSWER          SCN$MACRO           SCN$START     
                                                             SCN$TOKEN     
SCN$_INVINSTR           013280FC-U       SCN$MSGDEF          SCN$MACRO           SCN$TOKEN     
SCN$_INVSTMTYP          01328104-U       SCN$MSGDEF          SCN$START           SCN$TOKEN     
SCN$_INVTRECLS          0132810C-U       SCN$MSGDEF          SCN$TREE      
SCN$_INVTREPTR          013281F4-U       SCN$MSGDEF          SCN$TREDBG    
SCN$_INVTREROO          013281FC-U       SCN$MSGDEF          SCN$DBGROU    
SCN$_INVTSBTAG          01328114-U       SCN$MSGDEF          SCN$MACRO           SCN$TOKEN     
SCN$_MAXTRELEV          0132811C-U       SCN$MSGDEF          SCN$MACRO     
SCN$_MAX_MESSAGE        01328203         SCN$MSGDEF    
SCN$_NILPTR             013281E4-U       SCN$MSGDEF          SCN$UTIL      
SCN$_NILTREPTR          01328124-U       SCN$MSGDEF          SCN$TREDBG          SCN$TREE      
SCN$_NOTOKDEF           0132812C-U       SCN$MSGDEF          SCN$START     
SCN$_NOVALURET          01328134-U       SCN$MSGDEF    
SCN$_OUTFILWRT          0132815C-U       SCN$MSGDEF          SCN$IO        
SCN$_OUTRECTRN          01328030-U       SCN$MSGDEF          SCN$IO        
SCN$_OUTSTMCLS          0132814C-U       SCN$MSGDEF          SCN$START     
SCN$_OUTSTMOPN          01328154-U       SCN$MSGDEF          SCN$START     
SCN$_OUTSTMWRT1         01328164-U       SCN$MSGDEF          SCN$START     
SCN$_OUTSTMWRT2         0132816C-U       SCN$MSGDEF          SCN$START     
SCN$_OVFPICSTK          01328174-U       SCN$MSGDEF          SCN$MACRO     
SCN$_OVFTOKTEX          0132817C-U       SCN$MSGDEF          SCN$MACRO           SCN$TOKEN     
SCN$_PASENDSTM          01328074-U       SCN$MSGDEF          SCN$TOKEN     
SCN$_PICTURE            0132813C-U       SCN$MSGDEF          SCN$MACRO     
SCN$_PRUNETREE          01328184-U       SCN$MSGDEF          SCN$PRUNE     
SCN$_RECOVER_PICTURE    01328021-U       SCN$MSGDEF          SCN$ERROR     
SCN$_STASCAARG          013281EC-U       SCN$MSGDEF          SCN$SSINTF    
SCN$_STOPSCAN           0132818C-U       SCN$MSGDEF          SCN$OUTPUT    
SCN$_STRBOLFMT          01328194-U       SCN$MSGDEF          SCN$CONVRT    
SCN$_STRINTFMT          0132819C-U       SCN$MSGDEF          SCN$CONVRT    
SCN$_STRTOOLON          013281A4-U       SCN$MSGDEF          SCN$ANSWER          SCN$CONVRT    
SCN$_SUBSTRERR          01328144-U       SCN$MSGDEF          SCN$CHECK     
SCN$_TOKEN              013281AC-U       SCN$MSGDEF          SCN$TOKEN     
SCN$_TOKOUTRAN          013281B4-U       SCN$MSGDEF          SCN$UTIL      
SCN$_TRENODNOT          013281BC-U       SCN$MSGDEF          SCN$DBGROU          SCN$MACRO           SCN$TREFND    
SCN$_UNDPICSTK          013281C4-U       SCN$MSGDEF          SCN$MACRO     

SCAN$$DISK:[SCAN]SCNRTL.EXE;1                                   25-AUG-1988 14:02        VAX-11 Linker V05-00             Page   10


Symbol                  Value           Defined By         Referenced By ...
------                  -----           ----------         -----------------
SCN$_UNKDSCCLA          013281CC-U       SCN$MSGDEF          SCN$EPILOG    
SCN$_VARASSIGN          013281D4-U       SCN$MSGDEF          SCN$MACRO     
SCN$_VARPRUNE           013281DC-U       SCN$MSGDEF          SCN$MACRO     
SCN$_WRAPREC            01328028-U       SCN$MSGDEF          SCN$OUTPUT          SCN$TREDBG    
SS$_NORMAL              00000001         SYS$SSDEF           SCN$DBGROU    
STR$APPEND              00008A70-X       LIBRTL              SCN$BITS            SCN$START           SCN$TOKEN     
STR$FREE1_DX            00008AE0-X       LIBRTL              SCN$BITS      
STR$_TRU                00248200         STR$MSGDEF          SCN$START     
SYS$ASCTIM              7FFEDE48         SYS$P1_VECTOR       SCN$CONVRT    
SYS$CLOSE               7FFEE1B8         SYS$P1_VECTOR       SCN$IO              SCN$START     
SYS$CONNECT             7FFEE1C0         SYS$P1_VECTOR       SCN$IO              SCN$START     
SYS$CREATE              7FFEE1C8         SYS$P1_VECTOR       SCN$IO              SCN$START     
SYS$FAO                 7FFEDF50         SYS$P1_VECTOR       SCN$ERROR     
SYS$GET                 7FFEE180         SYS$P1_VECTOR       SCN$IO              SCN$TOKEN     
SYS$OPEN                7FFEE208         SYS$P1_VECTOR       SCN$IO              SCN$START     
SYS$PUT                 7FFEE188         SYS$P1_VECTOR       SCN$IO              SCN$START     
SYS$UNWIND              7FFEE070         SYS$P1_VECTOR       SCN$ERROR           SCN$OUTPUT    

SCAN$$DISK:[SCAN]SCNRTL.EXE;1                                   25-AUG-1988 14:02        VAX-11 Linker V05-00             Page   11

                                                +------------------+
                                                ! Symbols By Value !
                                                +------------------+

Value                                   Symbols...
-----                                   ----------
00000001       SS$_NORMAL             
00000132       SCN$_FACILITY          
00000368     R-SCN$ANSWER_TEXT        
0000043B     R-SCN$CHECK_PART_REF     
00000471     R-SCN$CVT_INT_TO_STR     
000004AC     R-SCN$CVT_BOL_TO_STR     
000004E4     R-SCN$CVT_HEX_TO_STR     
00000529     R-SCN$CVT_STR_TO_INT     
000005C6     R-SCN$CVT_STR_TO_BOL     
0000065C     R-SCN$GET_TIME           
0000067B     R-SCN$FIND_MEMBER        
000006C4     R-SCN$TRACE_TOKEN_INSTR  
000006C7     R-SCN$TRACE_TOKEN        
000006CD     R-SCN$DISPLAY_TIMER      
000006D0     R-SCN$TRACE_INPUT        
000006D3     R-SCN$TRACE_OUTPUT       
000006D6     R-SCN$TRACE_MACRO_INSTR  
000006D9     R-SCN$DUMP_PICTURE_STACK 
000006DC     R-SCN$TRACE_MACRO        
000006DF     R-SCN$DEBUG              
000006E2     R-SCN$TRACE_BUFFER       
000006E5     R-SCN$DUMP_STREAM        
000006E8     R-SCN$DUMP_TREE_NODE     
000006EB     R-SCN$DUMP_TREE          
000006F0     R-SCN$DISPATCH_MACRO     
00000824     R-SCN$OPEN_FILE          
00000924     R-SCN$CLOSE_FILE         
00000990     R-SCN$READ_FILE          
00000A7C     R-SCN$WRITE_FILE         
00000B88     R-SCN$FREE_HEAP          
00000C05     R-SCN$HANDLER            
00000C24     R-SCN$MATCH_PICTURE      
00001558     R-SCN$GET_OUTPUT_RECORD  
00001738     R-SCN$PRUNE_TREE         
000017BC     R-SCN$PRUNE_TREE_NODE    
000018B5     R-SCN$PRUNE_ENTIRE_TREE  
000018EA     R-SCN$START_SCAN         
000019EE     R-SCN$$START_SCAN        
00001B41     R-SCN$INIT_SCAN          
00001E19     R-SCN$TERM_SCAN          
00001F25     R-SCN$RECOVER_GSB        
00001F4C     R-SCN$GET_TOKEN          
000023B8     R-SCN$GET_INPUT_SEQUENCE 
00002450     R-SCN$GET_INPUT_CHAR     
000024A0     R-SCN$FIND_NEXT_SIBLING  
0000253D     R-SCN$FIND_PRIOR_SIBLING 
000025DA     R-SCN$FIND_FIRST_CHILD   
00002639     R-SCN$FIND_LAST_CHILD    
00002698     R-SCN$ERROR_RECOVERY     

SCAN$$DISK:[SCAN]SCNRTL.EXE;1                                   25-AUG-1988 14:02        VAX-11 Linker V05-00             Page   12


Value                                   Symbols...
-----                                   ----------
00002710     R-SCN$$ERROR_RECOVERY    
000028A9     R-SCN$$RECOVERY_HANDLER  
000028EE     R-SCN$LINE_AND_COLUMN    
000029E0     R-SCN$REPORT_ERROR       
00002B20     R-SCN$FIND_TREE_NODE     
00002D08     R-SCN$GET_BUFFER         
00002D4F     R-SCN$FREE_BUFFER        
00002DC4     R-SCN$GET_TOKEN_NAME     
00002F60     R-SCN$INSTANCE_BIT       
00002FC7     R-SCN$SEQUENCE_BIT       
00003031     R-SCN$ANY_BIT            
00003075     R-SCN$NOTANY_BIT         
000030B9     R-SCN$FIND_BIT           
000031EA     R-SCN$COLUMN_BIT         
00003261     R-SCN$SKIP_BIT           
00003312     R-SCN$GET_TREEPTR        
00003398     R-SCN$DISPLAY_TREE       
00003CF0     X-DBGEXT$USER_RTL_ENTRY  
00004580     X-DBGEXT$USER_EVENT_TABLE
00008700     X-LIB$ANALYZE_SDESC      
00008878     X-LIB$PUT_OUTPUT         
000088B0     X-LIB$SCOPY_R_DX         
000088C0     X-LIB$SFREE1_DD          
000088E0     X-LIB$SGET1_DD           
000088F0     X-LIB$SIGNAL             
000088F8     X-LIB$STOP               
00008988     X-OTS$CVT_L_TI           
000089A0     X-OTS$CVT_L_TZ           
00008A70     X-STR$APPEND             
00008AE0     X-STR$FREE1_DX           
00008D20     X-LIB$INIT_TIMER         
00158234       LIB$_INVARG            
00248200       STR$_TRU               
01328009     U-SCN$_ENDINPSTM         
01328011     U-SCN$_ENDOUTSTM         
01328019     U-SCN$_ENDRECORD         
01328021     U-SCN$_RECOVER_PICTURE   
01328028     U-SCN$_WRAPREC           
01328030     U-SCN$_OUTRECTRN         
0132803C     U-SCN$_ANSWER            
01328044     U-SCN$_ANSWERTXT         
0132804C     U-SCN$_BADBUFLEN         
01328054     U-SCN$_BADDATTYP         
0132805C     U-SCN$_BADSUBTYP         
01328064     U-SCN$_BADTREPTR         
0132806C     U-SCN$_CASERANGE         
01328074     U-SCN$_PASENDSTM         
0132807C     U-SCN$_EPILOG            
01328084     U-SCN$_FAIL              
0132808C     U-SCN$_FILPRVOPN         
01328094     U-SCN$_FILOPNFAL         
0132809C     U-SCN$_FILPRVCLS         

SCAN$$DISK:[SCAN]SCNRTL.EXE;1                                   25-AUG-1988 14:02        VAX-11 Linker V05-00             Page   13


Value                                   Symbols...
-----                                   ----------
013280A4     U-SCN$_FILNOTOPN         
013280AC     U-SCN$_FILCLSFAL         
013280B4     U-SCN$_INPSTMCLS         
013280BC     U-SCN$_INPSTMOPN         
013280C4     U-SCN$_INPFILREA         
013280CC     U-SCN$_INPSTMREA1        
013280D4     U-SCN$_INPSTMREA2        
013280DC     U-SCN$_INTERROR          
013280E4     U-SCN$_INTOVFL           
013280EC     U-SCN$_INVGSBLEV         
013280F4     U-SCN$_INVGSBTAG         
013280FC     U-SCN$_INVINSTR          
01328104     U-SCN$_INVSTMTYP         
0132810C     U-SCN$_INVTRECLS         
01328114     U-SCN$_INVTSBTAG         
0132811C     U-SCN$_MAXTRELEV         
01328124     U-SCN$_NILTREPTR         
0132812C     U-SCN$_NOTOKDEF          
01328134     U-SCN$_NOVALURET         
0132813C     U-SCN$_PICTURE           
01328144     U-SCN$_SUBSTRERR         
0132814C     U-SCN$_OUTSTMCLS         
01328154     U-SCN$_OUTSTMOPN         
0132815C     U-SCN$_OUTFILWRT         
01328164     U-SCN$_OUTSTMWRT1        
0132816C     U-SCN$_OUTSTMWRT2        
01328174     U-SCN$_OVFPICSTK         
0132817C     U-SCN$_OVFTOKTEX         
01328184     U-SCN$_PRUNETREE         
0132818C     U-SCN$_STOPSCAN          
01328194     U-SCN$_STRBOLFMT         
0132819C     U-SCN$_STRINTFMT         
013281A4     U-SCN$_STRTOOLON         
013281AC     U-SCN$_TOKEN             
013281B4     U-SCN$_TOKOUTRAN         
013281BC     U-SCN$_TRENODNOT         
013281C4     U-SCN$_UNDPICSTK         
013281CC     U-SCN$_UNKDSCCLA         
013281D4     U-SCN$_VARASSIGN         
013281DC     U-SCN$_VARPRUNE          
013281E4     U-SCN$_NILPTR            
013281EC     U-SCN$_STASCAARG         
013281F4     U-SCN$_INVTREPTR         
013281FC     U-SCN$_INVTREROO         
01328203       SCN$_MAX_MESSAGE       
7FFEDE48       SYS$ASCTIM             
7FFEDF50       SYS$FAO                
7FFEE070       SYS$UNWIND             
7FFEE180       SYS$GET                
7FFEE188       SYS$PUT                
7FFEE1B8       SYS$CLOSE              
7FFEE1C0       SYS$CONNECT            

SCAN$$DISK:[SCAN]SCNRTL.EXE;1                                   25-AUG-1988 14:02        VAX-11 Linker V05-00             Page   14


Value                                   Symbols...
-----                                   ----------
7FFEE1C8       SYS$CREATE             
7FFEE208       SYS$OPEN               



	  Key for special characters above:
		+------------------+
		! *  - Undefined   !
		! U  - Universal   !
		! R  - Relocatable !
		! X  - External    !
		! WK - Weak        !
		+------------------+
%LINK-W-USRTFR, image SCAN$$DISK:[SCAN]SCNRTL.EXE;1 has no user transfer address

SCAN$$DISK:[SCAN]SCNRTL.EXE;1                                   25-AUG-1988 14:02        VAX-11 Linker V05-00             Page   15

                                                 +----------------+
                                                 ! Image Synopsis !
                                                 +----------------+

Virtual memory allocated:                         00000200 0001E7FF 0001E600 (124416. bytes, 243. pages)
Stack size:                                             20. pages
Image header virtual block limits:                       1.        1. (    1. block)
Image binary virtual block limits:                       2.       29. (   28. blocks)
Image name and identification:                    SCNRTL V04-002
Number of files:                                         8.
Number of modules:                                      29.
Number of program sections:                             12.
Number of global symbols:                              357.
Including undefined count of:                            1.
Number of cross references:                            387.
Number of image sections:                               11.
Number of code references to shareable images:          14.
Image type:                                       EXECUTABLE.
Map format:                                       FULL WITH CROSS REFERENCE in file SCAN$$DISK:[SCAN]SCNRTL.MAP;1
Estimated map length:                             101. blocks
                                              +---------------------+
                                              ! Link Run Statistics !
                                              +---------------------+

Performance Indicators                            Page Faults	CPU Time	Elapsed Time
----------------------                            -----------	--------	------------
    Command processing:                                   144	00:00:00.48	00:00:01.28
    Pass 1:                                               173	00:00:00.84	00:00:03.36
    Allocation/Relocation:                                 27	00:00:00.02	00:00:00.36
    Pass 2:                                                77	00:00:00.35	00:00:01.64
    Map data after object module synopsis:                 13	00:00:00.26	00:00:00.50
    Symbol table output:                                    2	00:00:00.02	00:00:00.23
Total run values:                                         436	00:00:01.97	00:00:07.37

Using a working set limited to 1400 pages and 117 pages of data storage (excluding image)

Total number object records read (both passes):   1188
    of which 561 were in libraries and 129 were DEBUG data records containing 9409 bytes

Number of modules extracted explicitly             = 24
    with 2 extracted to resolve undefined symbols

1 library searches were for symbols not in the library searched

A total of 0 global symbol table records was written

LINK/NOTRACE/EXE/MAP/FULL/CROSS RWORK$:SCNRTL.OPT/OPT
! SCNRTLLNK.OPT - Linker options file for building SCNRTL.EXE
!
! 1-001 - Adapted from SCNRTL.OPT and PASRTLLNK.OPT.  MDL 18-Mar-1985
! 1-002 - Pull in LIB$MSGDEF.  MDL 22-Mar-1985
! 1-003 - Add SCN$_NILPTR as universal symbol SRG 18-APR-1985
! 1-004 - Add SCN$_STASCAARG as universal symbol SRG 03-JUN-1985
! 1-005 - Add SCN$_INVTREPTR, SCN$_INVTREROO as universal symbol TCG 03-JUN-1985
! 1-006 - Add modules scn$dbgrou and scn$tredbg SRG 25-AUG-1985

SCAN$$DISK:[SCAN]SCNRTL.EXE;1                                   25-AUG-1988 14:02        VAX-11 Linker V05-00             Page   16

!

!+
! Specify image name and ident.  Note that this is not the same as
! the global section ident given with GSMATCH.  IDENT should change
! each time SCNRTL changes in a released version, such as a maintenance
! update.  GSMATCH should change only when the vector is modified in an
! incompatible (backwards) fashion.
!-

NAME=SCNRTL
IDENT="V04-002"

!+
! Specify the order of the PSECTs.  The vector comes first.
!-
COLLECT=CLUSTER1,$SCN$VECTOR,_SCN$CODE
COLLECT=CLUSTER2,_SCN$DATA

!+
! Specify modules to be included.  The first must be SCNVECTOR.
!-
scan$res_obj:SCNVECTOR,scan$res_obj:SCNRTL/INCLUDE=(-
	SCN$ANSWER, -
	SCN$CHECK, -
	SCN$CONVRT, -
	SCN$DBGEXT, -
	SCN$DEBUG, -
	SCN$DISPAT, -
	SCN$IO, -
	SCN$EPILOG, -
	SCN$MACRO, -
	SCN$OUTPUT, -
	SCN$PRUNE, -
	SCN$SSINTF, -
	SCN$START, -
	SCN$TOKEN, -
	SCN$TREE, -
	SCN$ERRINT, -
	SCN$ERROR, -
	SCN$TREFND, -
	SCN$UTIL, -
	SCN$BITS, -
	SCN$MSGDEF, -
	SCN$DBGROU, -
	SCN$TREDBG )


!+
! Declare as universal those symbols which are not entry points, but
! which are referenced outside the shareable image.  The offsets of these
! symbols must never change.
!-

UNIVERSAL = SCN$_ENDINPSTM

SCAN$$DISK:[SCAN]SCNRTL.EXE;1                                   25-AUG-1988 14:02        VAX-11 Linker V05-00             Page   17

UNIVERSAL = SCN$_ENDOUTSTM
UNIVERSAL = SCN$_ENDRECORD
UNIVERSAL = SCN$_RECOVER_PICTURE
UNIVERSAL = SCN$_WRAPREC
UNIVERSAL = SCN$_OUTRECTRN
UNIVERSAL = SCN$_ANSWER
UNIVERSAL = SCN$_ANSWERTXT
UNIVERSAL = SCN$_BADBUFLEN
UNIVERSAL = SCN$_BADDATTYP
UNIVERSAL = SCN$_BADSUBTYP
UNIVERSAL = SCN$_BADTREPTR
UNIVERSAL = SCN$_CASERANGE
UNIVERSAL = SCN$_PASENDSTM
UNIVERSAL = SCN$_EPILOG
UNIVERSAL = SCN$_FAIL
UNIVERSAL = SCN$_FILPRVOPN
UNIVERSAL = SCN$_FILOPNFAL
UNIVERSAL = SCN$_FILPRVCLS
UNIVERSAL = SCN$_FILNOTOPN
UNIVERSAL = SCN$_FILCLSFAL
UNIVERSAL = SCN$_INPSTMCLS
UNIVERSAL = SCN$_INPSTMOPN
UNIVERSAL = SCN$_INPFILREA
UNIVERSAL = SCN$_INPSTMREA1
UNIVERSAL = SCN$_INPSTMREA2
UNIVERSAL = SCN$_INTERROR
UNIVERSAL = SCN$_INTOVFL
UNIVERSAL = SCN$_INVGSBLEV
UNIVERSAL = SCN$_INVGSBTAG
UNIVERSAL = SCN$_INVINSTR
UNIVERSAL = SCN$_INVSTMTYP
UNIVERSAL = SCN$_INVTRECLS
UNIVERSAL = SCN$_INVTSBTAG
UNIVERSAL = SCN$_MAXTRELEV
UNIVERSAL = SCN$_NILTREPTR
UNIVERSAL = SCN$_NOTOKDEF
UNIVERSAL = SCN$_NOVALURET
UNIVERSAL = SCN$_PICTURE
UNIVERSAL = SCN$_SUBSTRERR
UNIVERSAL = SCN$_OUTSTMCLS
UNIVERSAL = SCN$_OUTSTMOPN
UNIVERSAL = SCN$_OUTFILWRT
UNIVERSAL = SCN$_OUTSTMWRT1
UNIVERSAL = SCN$_OUTSTMWRT2
UNIVERSAL = SCN$_OVFPICSTK
UNIVERSAL = SCN$_OVFTOKTEX
UNIVERSAL = SCN$_PRUNETREE
UNIVERSAL = SCN$_STOPSCAN
UNIVERSAL = SCN$_STRBOLFMT
UNIVERSAL = SCN$_STRINTFMT
UNIVERSAL = SCN$_STRTOOLON
UNIVERSAL = SCN$_TOKEN
UNIVERSAL = SCN$_TOKOUTRAN
UNIVERSAL = SCN$_TRENODNOT
UNIVERSAL = SCN$_UNDPICSTK

SCAN$$DISK:[SCAN]SCNRTL.EXE;1                                   25-AUG-1988 14:02        VAX-11 Linker V05-00             Page   18

UNIVERSAL = SCN$_UNKDSCCLA
UNIVERSAL = SCN$_VARASSIGN
UNIVERSAL = SCN$_VARPRUNE
UNIVERSAL = SCN$_NILPTR
UNIVERSAL = SCN$_STASCAARG
UNIVERSAL = SCN$_INVTREPTR
UNIVERSAL = SCN$_INVTREROO
UNIVERSAL = DBGEXT$USER_EVENT_TABLE

SYS$LIBRARY:STARLET/INCLUDE=(SYS$P1_VECTOR,SYS$SSDEF)
SYS$LIBRARY:IMAGELIB/LIBRARY

! Set global section match values
GSMATCH=LEQUAL,1,2

! Turn on demand-zero compression.
DZRO_MIN=1
UNSUPPORTED=1
